Component: ARM Compiler 5.05 update 1 (build 106) Tool: armlink [4d0efa]

==============================================================================

Section Cross References

    main.o(.text) refers to misc.o(.text) for NVIC_PriorityGroupConfig
    main.o(.text) refers to uart.o(.text) for Uart3_init
    main.o(.text) refers to delay.o(.text) for delay_init
    main.o(.text) refers to led.o(.text) for LED_init
    main.o(.text) refers to hekr_protocol.o(.text) for HekrInit
    main.o(.text) refers to os_core.o(.text) for OSInit
    main.o(.text) refers to cpu_a.o(.text) for CPU_SR_Save
    main.o(.text) refers to os_task.o(.text) for OSTaskCreate
    main.o(.text) refers to main.o(.data) for UserValidLen
    main.o(.text) refers to os_var.o(.data) for OSSchedLockNestingCtr
    main.o(.text) refers to start_task.o(.bss) for START_TASK_STK
    main.o(.text) refers to start_task.o(.text) for start_task
    led.o(.text) refers to stm32f10x_rcc.o(.text) for RCC_APB2PeriphClockCmd
    led.o(.text) refers to stm32f10x_gpio.o(.text) for GPIO_Init
    hekr_protocol.o(.text) refers to hekr_protocol.o(.data) for hekr_send_btye
    hekr_protocol.o(.text) refers to hekr_protocol.o(.bss) for hekr_send_buffer
    hekr_protocol.o(.data) refers to hekr_protocol.o(.bss) for module_status
    delay.o(.text) refers to os_core.o(.text) for OSSchedLock
    delay.o(.text) refers to os_time.o(.text) for OSTimeDly
    delay.o(.text) refers to misc.o(.text) for SysTick_CLKSourceConfig
    delay.o(.text) refers to os_var.o(.data) for OSRunning
    delay.o(.text) refers to system_stm32f10x.o(.data) for SystemCoreClock
    delay.o(.text) refers to delay.o(.data) for fac_us
    delay.o(.text) refers to os_cfg_app.o(.constdata) for OSCfg_TickRate_Hz
    uart.o(.text) refers to stm32f10x_usart.o(.text) for USART_GetITStatus
    uart.o(.text) refers to stm32f10x_rcc.o(.text) for RCC_APB1PeriphClockCmd
    uart.o(.text) refers to stm32f10x_gpio.o(.text) for GPIO_Init
    uart.o(.text) refers to misc.o(.text) for NVIC_Init
    uart.o(.text) refers to bsp_int.o(.text) for BSP_IntVectSet
    uart.o(.text) refers to os_core.o(.text) for OSIntEnter
    uart.o(.text) refers to uart.o(.data) for temp_flag
    uart.o(.text) refers to uart.o(.bss) for Uart3_Recv_Buffer
    uart.o(.text) refers to os_var.o(.data) for OSRunning
    bsp.o(.text) refers to stm32f10x_rcc.o(.text) for RCC_GetClocksFreq
    bsp.o(.text) refers to cpu_core.o(.text) for CPU_TS_TmrFreqSet
    bsp.o(.text) refers to uldiv.o(.text) for __aeabi_uldivmod
    bsp_int.o(.text) refers to cpu_c.o(.text) for CPU_IntSrcDis
    bsp_int.o(.text) refers to cpu_a.o(.text) for CPU_IntDis
    bsp_int.o(.text) refers to os_core.o(.text) for OSIntEnter
    bsp_int.o(.text) refers to bsp_int.o(.bss) for BSP_IntVectTbl
    cpu_core.o(.text) refers to cpu_a.o(.text) for CPU_SR_Save
    cpu_core.o(.text) refers to lib_mem.o(.text) for Mem_Clr
    cpu_core.o(.text) refers to bsp.o(.text) for CPU_TS_TmrInit
    cpu_core.o(.text) refers to lib_str.o(.text) for Str_Copy_N
    cpu_core.o(.text) refers to cpu_core.o(.bss) for CPU_Name
    cpu_core.o(.text) refers to cpu_core.o(.data) for CPU_TS_TmrFreq_Hz
    cpu_core.o(.text) refers to cpu_core.o(.constdata) for CPU_CntLeadZerosTbl
    cpu_c.o(.text) refers to cpu_a.o(.text) for CPU_SR_Save
    lib_math.o(.text) refers to cpu_a.o(.text) for CPU_SR_Save
    lib_math.o(.text) refers to lib_math.o(.data) for Math_RandSeedCur
    lib_mem.o(.text) refers to lib_mem_a.o(.text) for Mem_Copy
    lib_mem.o(.text) refers to cpu_a.o(.text) for CPU_SR_Save
    lib_mem.o(.text) refers to lib_mem.o(.bss) for Mem_PoolHeap
    lib_mem.o(.text) refers to lib_mem.o(.data) for Mem_PoolTbl
    lib_str.o(.text) refers to lib_ascii.o(.text) for ASCII_ToLower
    lib_str.o(.text) refers to lib_str.o(.constdata) for Str_MultOvfThTbl_Int32U
    os_cfg_app.o(.text) refers to os_cfg_app.o(.constdata) for OSCfg_DataSizeRAM
    os_cfg_app.o(.constdata) refers to os_cfg_app.o(.bss) for OSCfg_IdleTaskStk
    os_core.o(.text) refers to cpu_a.o(.text) for CPU_SR_Save
    os_core.o(.text) refers to os_cpu_c.o(.text) for OSIdleTaskHook
    os_core.o(.text) refers to os_task.o(.text) for OSTaskCreate
    os_core.o(.text) refers to os_prio.o(.text) for OS_PrioInit
    os_core.o(.text) refers to os_flag.o(.text) for OS_FlagInit
    os_core.o(.text) refers to os_mem.o(.text) for OS_MemInit
    os_core.o(.text) refers to os_msg.o(.text) for OS_MsgPoolInit
    os_core.o(.text) refers to os_mutex.o(.text) for OS_MutexInit
    os_core.o(.text) refers to os_q.o(.text) for OS_QInit
    os_core.o(.text) refers to os_sem.o(.text) for OS_SemInit
    os_core.o(.text) refers to os_int.o(.text) for OS_IntQTaskInit
    os_core.o(.text) refers to os_tick.o(.text) for OS_TickTaskInit
    os_core.o(.text) refers to os_stat.o(.text) for OS_StatTaskInit
    os_core.o(.text) refers to os_tmr.o(.text) for OS_TmrInit
    os_core.o(.text) refers to os_dbg.o(.text) for OS_Dbg_Init
[...]
    .bss                                     0x2000078c   Section     5264  os_cfg_app.o(.bss)
    .bss                                     0x20001c1c   Section     1760  os_var.o(.bss)
    .bss                                     0x200022fc   Section     2244  start_task.o(.bss)
    .bss                                     0x20002bc0   Section      708  led_task.o(.bss)
    .bss                                     0x20002e88   Section      712  float_task.o(.bss)
    .bss                                     0x20003150   Section      708  protocol_task.o(.bss)
    STACK                                    0x20003418   Section     1024  startup_stm32f10x_md.o(STACK)

    Global Symbols

    Symbol Name                              Value     Ov Type        Size  Object(Section)

    BuildAttributes$$THM_ISAv4$P$D$K$B$S$PE$A:L22UL41UL21$X:L11$S22US41US21$IEEE1$IW$USESV6$~STKCKD$USESV7$~SHL$OTIME$ROPI$EBA8$MICROLIB$REQ8$PRES8$EABIv2 0x00000000   Number         0  anon$$obj.o ABSOLUTE
    __ARM_use_no_argv                        0x00000000   Number         0  main.o ABSOLUTE
    _printf_a                                0x00000000   Number         0  stubs.o ABSOLUTE
    _printf_c                                0x00000000   Number         0  stubs.o ABSOLUTE
    _printf_charcount                        0x00000000   Number         0  stubs.o ABSOLUTE
    _printf_d                                0x00000000   Number         0  stubs.o ABSOLUTE
    _printf_e                                0x00000000   Number         0  stubs.o ABSOLUTE
    _printf_f                                0x00000000   Number         0  stubs.o ABSOLUTE
    _printf_flags                            0x00000000   Number         0  stubs.o ABSOLUTE
    _printf_fp_dec                           0x00000000   Number         0  stubs.o ABSOLUTE
    _printf_fp_hex                           0x00000000   Number         0  stubs.o ABSOLUTE
    _printf_g                                0x00000000   Number         0  stubs.o ABSOLUTE
    _printf_i                                0x00000000   Number         0  stubs.o ABSOLUTE
    _printf_int_dec                          0x00000000   Number         0  stubs.o ABSOLUTE
    _printf_l                                0x00000000   Number         0  stubs.o ABSOLUTE
    _printf_lc                               0x00000000   Number         0  stubs.o ABSOLUTE
    _printf_ll                               0x00000000   Number         0  stubs.o ABSOLUTE
    _printf_lld                              0x00000000   Number         0  stubs.o ABSOLUTE
    _printf_lli                              0x00000000   Number         0  stubs.o ABSOLUTE
    _printf_llo                              0x00000000   Number         0  stubs.o ABSOLUTE
    _printf_llu                              0x00000000   Number         0  stubs.o ABSOLUTE
    _printf_llx                              0x00000000   Number         0  stubs.o ABSOLUTE
    _printf_longlong_dec                     0x00000000   Number         0  stubs.o ABSOLUTE
    _printf_longlong_hex                     0x00000000   Number         0  stubs.o ABSOLUTE
    _printf_longlong_oct                     0x00000000   Number         0  stubs.o ABSOLUTE
    _printf_ls                               0x00000000   Number         0  stubs.o ABSOLUTE
    _printf_mbtowc                           0x00000000   Number         0  stubs.o ABSOLUTE
    _printf_n                                0x00000000   Number         0  stubs.o ABSOLUTE
    _printf_o                                0x00000000   Number         0  stubs.o ABSOLUTE
    _printf_p                                0x00000000   Number         0  stubs.o ABSOLUTE
    _printf_percent                          0x00000000   Number         0  stubs.o ABSOLUTE
    _printf_pre_padding                      0x00000000   Number         0  stubs.o ABSOLUTE
    _printf_return_value                     0x00000000   Number         0  stubs.o ABSOLUTE
    _printf_s                                0x00000000   Number         0  stubs.o ABSOLUTE
    _printf_sizespec                         0x00000000   Number         0  stubs.o ABSOLUTE
    _printf_str                              0x00000000   Number         0  stubs.o ABSOLUTE
    _printf_truncate_signed                  0x00000000   Number         0  stubs.o ABSOLUTE
    _printf_truncate_unsigned                0x00000000   Number         0  stubs.o ABSOLUTE
    _printf_u                                0x00000000   Number         0  stubs.o ABSOLUTE
    _printf_wc                               0x00000000   Number         0  stubs.o ABSOLUTE
    _printf_wctomb                           0x00000000   Number         0  stubs.o ABSOLUTE
    _printf_widthprec                        0x00000000   Number         0  stubs.o ABSOLUTE
    _printf_x                                0x00000000   Number         0  stubs.o ABSOLUTE
    __cpp_initialize__aeabi_                  - Undefined Weak Reference
    __cxa_finalize                            - Undefined Weak Reference
    _clock_init                               - Undefined Weak Reference
    _microlib_exit                            - Undefined Weak Reference
    __Vectors_Size                           0x000000ec   Number         0  startup_stm32f10x_md.o ABSOLUTE
    __Vectors                                0x08000000   Data           4  startup_stm32f10x_md.o(RESET)
    __Vectors_End                            0x080000ec   Data           0  startup_stm32f10x_md.o(RESET)
    __main                                   0x080000ed   Thumb Code     0  entry.o(.ARM.Collect$$$$00000000)
    _main_stk                                0x080000ed   Thumb Code     0  entry2.o(.ARM.Collect$$$$00000001)
    _main_scatterload                        0x080000f1   Thumb Code     0  entry5.o(.ARM.Collect$$$$00000004)
    __main_after_scatterload                 0x080000f5   Thumb Code     0  entry5.o(.ARM.Collect$$$$00000004)
    _main_clock                              0x080000f5   Thumb Code     0  entry7b.o(.ARM.Collect$$$$00000008)
    _main_cpp_init                           0x080000f5   Thumb Code     0  entry8b.o(.ARM.Collect$$$$0000000A)
    _main_init                               0x080000f5   Thumb Code     0  entry9a.o(.ARM.Collect$$$$0000000B)
    __rt_final_cpp                           0x080000fd   Thumb Code     0  entry10a.o(.ARM.Collect$$$$0000000D)
    __rt_final_exit                          0x080000fd   Thumb Code     0  entry11a.o(.ARM.Collect$$$$0000000F)
    BSP_init                                 0x08000101   Thumb Code    42  main.o(.text)
    main                                     0x0800012b   Thumb Code   204  main.o(.text)
    LED_init                                 0x08000221   Thumb Code    40  led.o(.text)
    HekrInit                                 0x0800024d   Thumb Code     6  hekr_protocol.o(.text)
    HekrRecvDataHandle                       0x0800033b   Thumb Code   100  hekr_protocol.o(.text)
    HekrValidDataUpload                      0x0800039f   Thumb Code    64  hekr_protocol.o(.text)
    Module_State_Function                    0x080003df   Thumb Code    68  hekr_protocol.o(.text)
    Module_Soft_Reboot_Function              0x08000423   Thumb Code    68  hekr_protocol.o(.text)
    Module_Factory_Reset_Function            0x08000467   Thumb Code    68  hekr_protocol.o(.text)
    Hekr_Config_Function                     0x080004ab   Thumb Code    68  hekr_protocol.o(.text)
    Module_Set_Sleep_Function                0x080004ef   Thumb Code    68  hekr_protocol.o(.text)
    Module_Weakup_Function                   0x08000533   Thumb Code    68  hekr_protocol.o(.text)
    Module_Factory_Test_Function             0x08000577   Thumb Code    68  hekr_protocol.o(.text)
    Module_Firmware_Versions_Function        0x080005bb   Thumb Code    68  hekr_protocol.o(.text)
    Module_ProdKey_Get_Function              0x080005ff   Thumb Code    98  hekr_protocol.o(.text)
    Set_ProdKey                              0x08000661   Thumb Code    92  hekr_protocol.o(.text)
    delay_osschedlock                        0x080006c5   Thumb Code    10  delay.o(.text)
    delay_osschedunlock                      0x080006cf   Thumb Code    10  delay.o(.text)
    delay_ostimedly                          0x080006d9   Thumb Code    16  delay.o(.text)
    SysTick_Handler                          0x080006e9   Thumb Code    24  delay.o(.text)
    delay_init                               0x08000701   Thumb Code    92  delay.o(.text)
    delay_us                                 0x0800075d   Thumb Code    86  delay.o(.text)
    delay_ms                                 0x080007b3   Thumb Code    66  delay.o(.text)
    Recv_Protocol                            0x08000811   Thumb Code   118  uart.o(.text)
    Uart3_init                               0x08000887   Thumb Code   184  uart.o(.text)
    USART3_IRQHandler                        0x0800093f   Thumb Code    26  uart.o(.text)
    UART3_SendChar                           0x08000959   Thumb Code    22  uart.o(.text)
    fputc                                    0x0800096f   Thumb Code    16  uart.o(.text)
    BSP_CPU_ClkFreq                          0x0800099d   Thumb Code    16  bsp.o(.text)
    CPU_TS_TmrInit                           0x080009ad   Thumb Code    44  bsp.o(.text)
    CPU_TS_TmrRd                             0x080009d9   Thumb Code     6  bsp.o(.text)
    CPU_TS32_to_uSec                         0x080009df   Thumb Code    54  bsp.o(.text)
    BSP_IntClr                               0x08000a21   Thumb Code     2  bsp_int.o(.text)
    BSP_IntDis                               0x08000a23   Thumb Code    20  bsp_int.o(.text)
    BSP_IntDisAll                            0x08000a37   Thumb Code     8  bsp_int.o(.text)
    BSP_IntEn                                0x08000a3f   Thumb Code    20  bsp_int.o(.text)
    BSP_IntVectSet                           0x08000a53   Thumb Code    48  bsp_int.o(.text)
    BSP_IntPrioSet                           0x08000a83   Thumb Code    54  bsp_int.o(.text)
    BSP_IntInit                              0x08000abb   Thumb Code    22  bsp_int.o(.text)
    BSP_IntHandlerWWDG                       0x08000b0b   Thumb Code    10  bsp_int.o(.text)
    BSP_IntHandlerPVD                        0x08000b15   Thumb Code    10  bsp_int.o(.text)
    BSP_IntHandlerTAMPER                     0x08000b1f   Thumb Code    10  bsp_int.o(.text)
    BSP_IntHandlerRTC                        0x08000b29   Thumb Code    10  bsp_int.o(.text)
    BSP_IntHandlerFLASH                      0x08000b33   Thumb Code    10  bsp_int.o(.text)
    BSP_IntHandlerRCC                        0x08000b3d   Thumb Code    10  bsp_int.o(.text)
    BSP_IntHandlerEXTI0                      0x08000b47   Thumb Code    10  bsp_int.o(.text)
    BSP_IntHandlerEXTI1                      0x08000b51   Thumb Code    10  bsp_int.o(.text)
    BSP_IntHandlerEXTI2                      0x08000b5b   Thumb Code    10  bsp_int.o(.text)
    BSP_IntHandlerEXTI3                      0x08000b65   Thumb Code    10  bsp_int.o(.text)
    BSP_IntHandlerEXTI4                      0x08000b6f   Thumb Code    10  bsp_int.o(.text)
    BSP_IntHandlerDMA1_CH1                   0x08000b79   Thumb Code    10  bsp_int.o(.text)
    BSP_IntHandlerDMA1_CH2                   0x08000b83   Thumb Code    10  bsp_int.o(.text)
    BSP_IntHandlerDMA1_CH3                   0x08000b8d   Thumb Code    10  bsp_int.o(.text)
    BSP_IntHandlerDMA1_CH4                   0x08000b97   Thumb Code    10  bsp_int.o(.text)
    BSP_IntHandlerDMA1_CH5                   0x08000ba1   Thumb Code    10  bsp_int.o(.text)
    BSP_IntHandlerDMA1_CH6                   0x08000bab   Thumb Code    10  bsp_int.o(.text)
    BSP_IntHandlerDMA1_CH7                   0x08000bb5   Thumb Code    10  bsp_int.o(.text)
    BSP_IntHandlerADC1_2                     0x08000bbf   Thumb Code    10  bsp_int.o(.text)
    BSP_IntHandlerCAN1_TX                    0x08000bc9   Thumb Code    10  bsp_int.o(.text)
    BSP_IntHandlerCAN1_RX0                   0x08000bd3   Thumb Code    10  bsp_int.o(.text)
    BSP_IntHandlerCAN1_RX1                   0x08000bdd   Thumb Code    10  bsp_int.o(.text)
    BSP_IntHandlerCAN1_SCE                   0x08000be7   Thumb Code    10  bsp_int.o(.text)
    BSP_IntHandlerEXTI9_5                    0x08000bf1   Thumb Code    10  bsp_int.o(.text)
    BSP_IntHandlerTIM1_BRK                   0x08000bfb   Thumb Code    10  bsp_int.o(.text)
    BSP_IntHandlerTIM1_UP                    0x08000c05   Thumb Code    10  bsp_int.o(.text)
    BSP_IntHandlerTIM1_TRG_COM               0x08000c0f   Thumb Code    10  bsp_int.o(.text)
    BSP_IntHandlerTIM1_CC                    0x08000c19   Thumb Code    10  bsp_int.o(.text)
    BSP_IntHandlerTIM2                       0x08000c23   Thumb Code    10  bsp_int.o(.text)
    BSP_IntHandlerTIM3                       0x08000c2d   Thumb Code    10  bsp_int.o(.text)
    BSP_IntHandlerTIM4                       0x08000c37   Thumb Code    10  bsp_int.o(.text)
    BSP_IntHandlerI2C1_EV                    0x08000c41   Thumb Code    10  bsp_int.o(.text)
    BSP_IntHandlerI2C1_ER                    0x08000c4b   Thumb Code    10  bsp_int.o(.text)
    BSP_IntHandlerI2C2_EV                    0x08000c55   Thumb Code    10  bsp_int.o(.text)
    BSP_IntHandlerI2C2_ER                    0x08000c5f   Thumb Code    10  bsp_int.o(.text)
    BSP_IntHandlerSPI1                       0x08000c69   Thumb Code    10  bsp_int.o(.text)
    BSP_IntHandlerSPI2                       0x08000c73   Thumb Code    10  bsp_int.o(.text)
    BSP_IntHandlerUSART1                     0x08000c7d   Thumb Code    10  bsp_int.o(.text)
    BSP_IntHandlerUSART2                     0x08000c87   Thumb Code    10  bsp_int.o(.text)
    BSP_IntHandlerUSART3                     0x08000c91   Thumb Code    10  bsp_int.o(.text)
    BSP_IntHandlerEXTI15_10                  0x08000c9b   Thumb Code    10  bsp_int.o(.text)
    BSP_IntHandlerRTCAlarm                   0x08000ca5   Thumb Code    10  bsp_int.o(.text)
    BSP_IntHandlerUSBWakeUp                  0x08000caf   Thumb Code    10  bsp_int.o(.text)
    BSP_IntHandlerTIM5                       0x08000cb9   Thumb Code    10  bsp_int.o(.text)
    BSP_IntHandlerSPI3                       0x08000cc3   Thumb Code    10  bsp_int.o(.text)
    BSP_IntHandlerUSART4                     0x08000ccd   Thumb Code    10  bsp_int.o(.text)
    BSP_IntHandlerUSART5                     0x08000cd7   Thumb Code    10  bsp_int.o(.text)
    BSP_IntHandlerTIM6                       0x08000ce1   Thumb Code    10  bsp_int.o(.text)
    BSP_IntHandlerTIM7                       0x08000ceb   Thumb Code    10  bsp_int.o(.text)
    BSP_IntHandlerDMA2_CH1                   0x08000cf5   Thumb Code    10  bsp_int.o(.text)
    BSP_IntHandlerDMA2_CH2                   0x08000cff   Thumb Code    10  bsp_int.o(.text)
    BSP_IntHandlerDMA2_CH3                   0x08000d09   Thumb Code    10  bsp_int.o(.text)
    BSP_IntHandlerDMA2_CH4                   0x08000d13   Thumb Code    10  bsp_int.o(.text)
    BSP_IntHandlerDMA2_CH5                   0x08000d1d   Thumb Code    10  bsp_int.o(.text)
    BSP_IntHandlerETH                        0x08000d27   Thumb Code    10  bsp_int.o(.text)
    BSP_IntHandlerETHWakeup                  0x08000d31   Thumb Code    10  bsp_int.o(.text)
    BSP_IntHandlerCAN2_TX                    0x08000d3b   Thumb Code    10  bsp_int.o(.text)
    BSP_IntHandlerCAN2_RX0                   0x08000d45   Thumb Code    10  bsp_int.o(.text)
    BSP_IntHandlerCAN2_RX1                   0x08000d4f   Thumb Code    10  bsp_int.o(.text)
    BSP_IntHandlerCAN2_SCE                   0x08000d59   Thumb Code    10  bsp_int.o(.text)
    BSP_IntHandlerOTG                        0x08000d63   Thumb Code    10  bsp_int.o(.text)
    CPU_NameClr                              0x08000d75   Thumb Code    42  cpu_core.o(.text)
    CPU_Init                                 0x08000db5   Thumb Code    12  cpu_core.o(.text)
    CPU_SW_Exception                         0x08000dc1   Thumb Code     4  cpu_core.o(.text)
    CPU_NameGet                              0x08000dc5   Thumb Code    70  cpu_core.o(.text)
    CPU_NameSet                              0x08000e0b   Thumb Code    96  cpu_core.o(.text)
    CPU_TS_Get32                             0x08000e6b   Thumb Code    12  cpu_core.o(.text)
    CPU_TS_Update                            0x08000e77   Thumb Code     2  cpu_core.o(.text)
    CPU_TS_TmrFreqGet                        0x08000e79   Thumb Code    30  cpu_core.o(.text)
    CPU_TS_TmrFreqSet                        0x08000e97   Thumb Code     6  cpu_core.o(.text)
    CPU_CntLeadZeros08                       0x08000e9d   Thumb Code    18  cpu_core.o(.text)
    CPU_CntLeadZeros16                       0x08000eaf   Thumb Code    18  cpu_core.o(.text)
    CPU_CntLeadZeros32                       0x08000ec1   Thumb Code    18  cpu_core.o(.text)
    CPU_CntLeadZeros64                       0x08000ed3   Thumb Code   188  cpu_core.o(.text)
    CPU_CntTrailZeros08                      0x08000f8f   Thumb Code    22  cpu_core.o(.text)
    CPU_CntTrailZeros16                      0x08000fa5   Thumb Code    22  cpu_core.o(.text)
    CPU_CntTrailZeros32                      0x08000fbb   Thumb Code    22  cpu_core.o(.text)
    CPU_CntTrailZeros64                      0x08000fd1   Thumb Code    62  cpu_core.o(.text)
    CPU_IntDis                               0x0800101d   Thumb Code     0  cpu_a.o(.text)
    CPU_IntEn                                0x08001021   Thumb Code     0  cpu_a.o(.text)
    CPU_SR_Save                              0x08001025   Thumb Code     0  cpu_a.o(.text)
    CPU_SR_Restore                           0x0800102d   Thumb Code     0  cpu_a.o(.text)
    CPU_WaitForInt                           0x08001033   Thumb Code     0  cpu_a.o(.text)
    CPU_WaitForExcept                        0x08001037   Thumb Code     0  cpu_a.o(.text)
    CPU_CntLeadZeros                         0x0800103b   Thumb Code     0  cpu_a.o(.text)
    CPU_CntTrailZeros                        0x08001041   Thumb Code     0  cpu_a.o(.text)
    CPU_RevBits                              0x0800104b   Thumb Code     0  cpu_a.o(.text)
    CPU_BitBandClr                           0x08001051   Thumb Code    58  cpu_c.o(.text)
    CPU_BitBandSet                           0x0800108b   Thumb Code    58  cpu_c.o(.text)
    CPU_IntSrcDis                            0x080010c5   Thumb Code   328  cpu_c.o(.text)
    CPU_IntSrcEn                             0x0800120d   Thumb Code   328  cpu_c.o(.text)
    CPU_IntSrcPendClr                        0x08001355   Thumb Code   164  cpu_c.o(.text)
    CPU_IntSrcPrioSet                        0x080013f9   Thumb Code   522  cpu_c.o(.text)
    CPU_IntSrcPrioGet                        0x08001603   Thumb Code   450  cpu_c.o(.text)
    ASCII_IsAlpha                            0x080017cd   Thumb Code    48  lib_ascii.o(.text)
    ASCII_IsAlphaNum                         0x080017fd   Thumb Code    76  lib_ascii.o(.text)
    ASCII_IsLower                            0x08001849   Thumb Code    20  lib_ascii.o(.text)
    ASCII_IsUpper                            0x0800185d   Thumb Code    20  lib_ascii.o(.text)
    ASCII_IsDig                              0x08001871   Thumb Code    20  lib_ascii.o(.text)
    ASCII_IsDigOct                           0x08001885   Thumb Code    20  lib_ascii.o(.text)
    ASCII_IsDigHex                           0x08001899   Thumb Code    36  lib_ascii.o(.text)
    ASCII_IsBlank                            0x080018bd   Thumb Code    20  lib_ascii.o(.text)
    ASCII_IsSpace                            0x080018d1   Thumb Code    36  lib_ascii.o(.text)
    ASCII_IsPrint                            0x080018f5   Thumb Code    20  lib_ascii.o(.text)
    ASCII_IsGraph                            0x08001909   Thumb Code    20  lib_ascii.o(.text)
    ASCII_IsPunct                            0x0800191d   Thumb Code   134  lib_ascii.o(.text)
    ASCII_IsCtrl                             0x080019a3   Thumb Code    26  lib_ascii.o(.text)
    ASCII_ToLower                            0x080019bd   Thumb Code    32  lib_ascii.o(.text)
    ASCII_ToUpper                            0x080019dd   Thumb Code    32  lib_ascii.o(.text)
    ASCII_Cmp                                0x080019fd   Thumb Code    38  lib_ascii.o(.text)
    Mem_Init                                 0x08001a25   Thumb Code    54  lib_mem.o(.text)
    Mem_Set                                  0x08001a5b   Thumb Code    84  lib_mem.o(.text)
    Mem_Clr                                  0x08001aaf   Thumb Code    18  lib_mem.o(.text)
    Mem_Move                                 0x08001ac1   Thumb Code   186  lib_mem.o(.text)
    Mem_Cmp                                  0x08001b7b   Thumb Code   192  lib_mem.o(.text)
    Mem_HeapAlloc                            0x08001cb3   Thumb Code   168  lib_mem.o(.text)
    Mem_SegGetSizeRem                        0x08001d5b   Thumb Code   108  lib_mem.o(.text)
    Mem_HeapGetSizeRem                       0x08001dc7   Thumb Code    22  lib_mem.o(.text)
    Mem_PoolClr                              0x08001ddd   Thumb Code    80  lib_mem.o(.text)
    Mem_PoolCreate                           0x08001e2d   Thumb Code   838  lib_mem.o(.text)
    Mem_PoolBlkGetNbrAvail                   0x08002173   Thumb Code    52  lib_mem.o(.text)
    Mem_PoolBlkGet                           0x080021a7   Thumb Code   126  lib_mem.o(.text)
    Mem_PoolBlkGetUsedAtIx                   0x08002225   Thumb Code   140  lib_mem.o(.text)
    Mem_PoolBlkFree                          0x080022b1   Thumb Code   152  lib_mem.o(.text)
    Mem_PoolBlkIxGet                         0x08002349   Thumb Code   162  lib_mem.o(.text)
    Str_Len_N                                0x080023ed   Thumb Code    28  lib_str.o(.text)
    Str_Len                                  0x08002409   Thumb Code    20  lib_str.o(.text)
    Str_Copy_N                               0x0800241d   Thumb Code    70  lib_str.o(.text)
    Str_Copy                                 0x08002463   Thumb Code    24  lib_str.o(.text)
    Str_Cat_N                                0x0800247b   Thumb Code    90  lib_str.o(.text)
    Str_Cat                                  0x080024d5   Thumb Code    24  lib_str.o(.text)
    Str_Cmp_N                                0x080024ed   Thumb Code   156  lib_str.o(.text)
    Str_Cmp                                  0x08002589   Thumb Code    24  lib_str.o(.text)
    Str_CmpIgnoreCase_N                      0x080025a1   Thumb Code   264  lib_str.o(.text)
    Str_CmpIgnoreCase                        0x080026a9   Thumb Code    24  lib_str.o(.text)
    Str_Char_N                               0x080026c1   Thumb Code    74  lib_str.o(.text)
    Str_Char                                 0x0800270b   Thumb Code    24  lib_str.o(.text)
    Str_Char_Last_N                          0x08002723   Thumb Code    76  lib_str.o(.text)
    Str_Char_Last                            0x0800276f   Thumb Code    24  lib_str.o(.text)
    Str_Char_Replace_N                       0x08002787   Thumb Code    52  lib_str.o(.text)
    Str_Char_Replace                         0x080027bb   Thumb Code    28  lib_str.o(.text)
    Str_Str_N                                0x080027d7   Thumb Code   182  lib_str.o(.text)
    Str_Str                                  0x0800288d   Thumb Code    24  lib_str.o(.text)
    Str_FmtNbr_Int32U                        0x08002a81   Thumb Code    46  lib_str.o(.text)
    Str_FmtNbr_Int32S                        0x08002aaf   Thumb Code    62  lib_str.o(.text)
    Str_ParseNbr_Int32U                      0x08002cab   Thumb Code    30  lib_str.o(.text)
    Str_ParseNbr_Int32S                      0x08002cc9   Thumb Code    74  lib_str.o(.text)
    Mem_Copy                                 0x08002d19   Thumb Code     0  lib_mem_a.o(.text)
    OSCfg_Init                               0x08002f39   Thumb Code    86  os_cfg_app.o(.text)
    OS_IdleTask                              0x08003035   Thumb Code    60  os_core.o(.text)
    OS_IdleTaskInit                          0x08003071   Thumb Code    68  os_core.o(.text)
    OS_RdyListInit                           0x080030b5   Thumb Code    32  os_core.o(.text)
    OSInit                                   0x080030d5   Thumb Code   300  os_core.o(.text)
    OSIntEnter                               0x08003201   Thumb Code    34  os_core.o(.text)
    OSIntExit                                0x08003223   Thumb Code   192  os_core.o(.text)
    OSSched                                  0x080032e3   Thumb Code   134  os_core.o(.text)
    OS_SchedLockTimeMeasStart                0x08003369   Thumb Code    20  os_core.o(.text)
    OSSchedLock                              0x0800337d   Thumb Code   104  os_core.o(.text)
    OS_SchedLockTimeMeasStop                 0x080033e5   Thumb Code    44  os_core.o(.text)
    OSSchedUnlock                            0x08003411   Thumb Code   290  os_core.o(.text)
    OSSchedRoundRobinCfg                     0x08003533   Thumb Code    88  os_core.o(.text)
    OS_RdyListMoveHeadToTail                 0x0800358b   Thumb Code    68  os_core.o(.text)
    OSSchedRoundRobinYield                   0x080035cf   Thumb Code   164  os_core.o(.text)
    OSStart                                  0x08003673   Thumb Code    78  os_core.o(.text)
    OSVersion                                0x080036c1   Thumb Code    12  os_core.o(.text)
    OS_PendDbgNameAdd                        0x080036cd   Thumb Code    66  os_core.o(.text)
    OS_PendListInsertPrio                    0x0800370f   Thumb Code   102  os_core.o(.text)
    OS_PendDataInit                          0x08003775   Thumb Code    38  os_core.o(.text)
    OS_RdyListRemove                         0x0800379b   Thumb Code    86  os_core.o(.text)
    OS_TaskBlock                             0x080037f1   Thumb Code    56  os_core.o(.text)
    OS_Pend                                  0x08003829   Thumb Code    98  os_core.o(.text)
    OS_PendListRemove1                       0x0800388b   Thumb Code   134  os_core.o(.text)
    OS_PendListRemove                        0x08003911   Thumb Code    48  os_core.o(.text)
    OS_PendAbort1                            0x08003941   Thumb Code    36  os_core.o(.text)
    OS_RdyListInsertHead                     0x08003965   Thumb Code    58  os_core.o(.text)
    OS_RdyListInsertTail                     0x0800399f   Thumb Code    56  os_core.o(.text)
    OS_RdyListInsert                         0x080039d7   Thumb Code    40  os_core.o(.text)
    OS_TaskRdy                               0x080039ff   Thumb Code    28  os_core.o(.text)
    OS_PendAbort                             0x08003a1b   Thumb Code   166  os_core.o(.text)
    OS_PendDbgNameRemove                     0x08003ac1   Thumb Code    34  os_core.o(.text)
    OS_PendListChangePrio                    0x08003ae3   Thumb Code    70  os_core.o(.text)
    OS_PendListInit                          0x08003b29   Thumb Code    10  os_core.o(.text)
    OS_PendListInsertHead                    0x08003b33   Thumb Code    32  os_core.o(.text)
    OS_PendObjDel1                           0x08003b53   Thumb Code    36  os_core.o(.text)
    OS_PendObjDel                            0x08003b77   Thumb Code   162  os_core.o(.text)
    OS_Post1                                 0x08003c19   Thumb Code    42  os_core.o(.text)
    OS_Post                                  0x08003c43   Thumb Code   192  os_core.o(.text)
    OS_Sched0                                0x08003d03   Thumb Code   102  os_core.o(.text)
    OS_SchedRoundRobin                       0x08003d69   Thumb Code   190  os_core.o(.text)
    OS_Dbg_Init                              0x08003e39   Thumb Code   146  os_dbg.o(.text)
    OS_FlagDbgListAdd                        0x08003fe9   Thumb Code    38  os_flag.o(.text)
    OSFlagCreate                             0x0800400f   Thumb Code   172  os_flag.o(.text)
    OS_FlagClr                               0x080040bb   Thumb Code    28  os_flag.o(.text)
    OS_FlagDbgListRemove                     0x080040d7   Thumb Code    44  os_flag.o(.text)
    OSFlagDel                                0x08004103   Thumb Code   594  os_flag.o(.text)
    OS_FlagBlock                             0x08004355   Thumb Code    58  os_flag.o(.text)
    OSFlagPend                               0x0800438f   Thumb Code  1488  os_flag.o(.text)
    OSFlagPendAbort                          0x0800495f   Thumb Code   292  os_flag.o(.text)
    OSFlagPendGetFlagsRdy                    0x08004a83   Thumb Code    68  os_flag.o(.text)
    OS_FlagTaskRdy                           0x08004ac7   Thumb Code    86  os_flag.o(.text)
    OS_FlagPost                              0x08004b1d   Thumb Code   570  os_flag.o(.text)
    OSFlagPost                               0x08004d57   Thumb Code   146  os_flag.o(.text)
    OS_FlagInit                              0x08004de9   Thumb Code    14  os_flag.o(.text)
    OS_IntQPost                              0x08004e11   Thumb Code   216  os_int.o(.text)
    OS_IntQRePost                            0x08004ee9   Thumb Code   360  os_int.o(.text)
    OS_IntQTask                              0x08005051   Thumb Code   162  os_int.o(.text)
    OS_IntQTaskInit                          0x080050f3   Thumb Code   208  os_int.o(.text)
    OS_MemDbgListAdd                         0x08005255   Thumb Code    34  os_mem.o(.text)
    OSMemCreate                              0x08005277   Thumb Code   288  os_mem.o(.text)
    OSMemGet                                 0x08005397   Thumb Code   100  os_mem.o(.text)
    OSMemPut                                 0x080053fb   Thumb Code   112  os_mem.o(.text)
    OS_MemInit                               0x0800546b   Thumb Code    14  os_mem.o(.text)
    OS_MsgPoolCreate                         0x0800548d   Thumb Code    54  os_msg.o(.text)
    OS_MsgPoolInit                           0x080054c3   Thumb Code    70  os_msg.o(.text)
    OS_MsgQFreeAll                           0x08005509   Thumb Code    62  os_msg.o(.text)
    OS_MsgQInit                              0x08005547   Thumb Code    14  os_msg.o(.text)
    OS_MsgQGet                               0x08005555   Thumb Code    98  os_msg.o(.text)
    OS_MsgQPut                               0x080055b7   Thumb Code   246  os_msg.o(.text)
    OS_MutexDbgListAdd                       0x080056b9   Thumb Code    38  os_mutex.o(.text)
    OSMutexCreate                            0x080056df   Thumb Code   178  os_mutex.o(.text)
    OS_MutexClr                              0x08005791   Thumb Code    38  os_mutex.o(.text)
    OS_MutexDbgListRemove                    0x080057b7   Thumb Code    44  os_mutex.o(.text)
    OSMutexDel                               0x080057e3   Thumb Code   842  os_mutex.o(.text)
    OSMutexPend                              0x08005b2d   Thumb Code   706  os_mutex.o(.text)
    OSMutexPendAbort                         0x08005def   Thumb Code   314  os_mutex.o(.text)
    OSMutexPost                              0x08005f29   Thumb Code   564  os_mutex.o(.text)
    OS_MutexInit                             0x0800615d   Thumb Code    14  os_mutex.o(.text)
    OS_PrioInit                              0x0800618d   Thumb Code    20  os_prio.o(.text)
    OS_PrioGetHighest                        0x080061a1   Thumb Code    36  os_prio.o(.text)
    OS_PrioInsert                            0x080061c5   Thumb Code    32  os_prio.o(.text)
    OS_PrioRemove                            0x080061e5   Thumb Code    32  os_prio.o(.text)
    OS_QDbgListAdd                           0x08006209   Thumb Code    38  os_q.o(.text)
    OSQCreate                                0x0800622f   Thumb Code   186  os_q.o(.text)
    OS_QClr                                  0x080062e9   Thumb Code    40  os_q.o(.text)
    OS_QDbgListRemove                        0x08006311   Thumb Code    44  os_q.o(.text)
    OSQDel                                   0x0800633d   Thumb Code   362  os_q.o(.text)
    OSQFlush                                 0x080064a7   Thumb Code   210  os_q.o(.text)
    OSQPend                                  0x08006579   Thumb Code   538  os_q.o(.text)
    OSQPendAbort                             0x08006793   Thumb Code   292  os_q.o(.text)
    OS_QPost                                 0x080068b7   Thumb Code   324  os_q.o(.text)
    OSQPost                                  0x080069fb   Thumb Code   198  os_q.o(.text)
    OS_QInit                                 0x08006ac1   Thumb Code    14  os_q.o(.text)
    OS_SemDbgListAdd                         0x08006ae1   Thumb Code    38  os_sem.o(.text)
    OSSemCreate                              0x08006b07   Thumb Code   172  os_sem.o(.text)
    OS_SemClr                                0x08006bb3   Thumb Code    28  os_sem.o(.text)
    OS_SemDbgListRemove                      0x08006bcf   Thumb Code    44  os_sem.o(.text)
    OSSemDel                                 0x08006bfb   Thumb Code   362  os_sem.o(.text)
    OSSemPend                                0x08006d65   Thumb Code   504  os_sem.o(.text)
    OSSemPendAbort                           0x08006f5d   Thumb Code   292  os_sem.o(.text)
    OS_SemPost                               0x08007081   Thumb Code   350  os_sem.o(.text)
    OSSemPost                                0x080071df   Thumb Code   144  os_sem.o(.text)
    OSSemSet                                 0x0800726f   Thumb Code   138  os_sem.o(.text)
    OS_SemInit                               0x080072f9   Thumb Code    14  os_sem.o(.text)
    OSStatReset                              0x08007311   Thumb Code   270  os_stat.o(.text)
    OSStatTaskCPUUsageInit                   0x0800741f   Thumb Code   212  os_stat.o(.text)
    OS_StatTask                              0x080074f3   Thumb Code   888  os_stat.o(.text)
    OS_StatTaskInit                          0x0800786b   Thumb Code   138  os_stat.o(.text)
    OSTaskChangePrio                         0x08007949   Thumb Code   416  os_task.o(.text)
    OS_TaskDbgListAdd                        0x08007ae9   Thumb Code    42  os_task.o(.text)
    OS_TaskInitTCB                           0x08007b13   Thumb Code   186  os_task.o(.text)
    OSTaskCreate                             0x08007bcd   Thumb Code   616  os_task.o(.text)
    OS_TaskDbgListRemove                     0x08007e35   Thumb Code    64  os_task.o(.text)
    OSTaskDel                                0x08007e75   Thumb Code   424  os_task.o(.text)
    OSTaskQFlush                             0x0800801d   Thumb Code   214  os_task.o(.text)
    OSTaskQPend                              0x080080f3   Thumb Code   554  os_task.o(.text)
    OSTaskQPendAbort                         0x0800831d   Thumb Code   242  os_task.o(.text)
    OS_TaskQPost                             0x0800840f   Thumb Code   526  os_task.o(.text)
    OSTaskQPost                              0x0800861d   Thumb Code   114  os_task.o(.text)
    OSTaskRegGet                             0x0800868f   Thumb Code    78  os_task.o(.text)
    OSTaskRegGetID                           0x080086dd   Thumb Code    84  os_task.o(.text)
    OSTaskRegSet                             0x08008731   Thumb Code    78  os_task.o(.text)
    OS_TaskResume                            0x0800877f   Thumb Code   314  os_task.o(.text)
    OSTaskResume                             0x080088b9   Thumb Code   112  os_task.o(.text)
    OSTaskSemPend                            0x08008929   Thumb Code   550  os_task.o(.text)
    OSTaskSemPendAbort                       0x08008b4f   Thumb Code   270  os_task.o(.text)
    OS_TaskSemPost                           0x08008c5d   Thumb Code  1224  os_task.o(.text)
    OSTaskSemPost                            0x08009125   Thumb Code    98  os_task.o(.text)
    OSTaskSemSet                             0x08009187   Thumb Code    80  os_task.o(.text)
    OSTaskStkChk                             0x080091d7   Thumb Code   224  os_task.o(.text)
    OS_TaskSuspend                           0x080092b7   Thumb Code   328  os_task.o(.text)
    OSTaskSuspend                            0x080093ff   Thumb Code    78  os_task.o(.text)
    OSTaskTimeQuantaSet                      0x0800944d   Thumb Code    96  os_task.o(.text)
    OS_TaskInit                              0x080094ad   Thumb Code    18  os_task.o(.text)
    OS_TaskReturn                            0x080094bf   Thumb Code    20  os_task.o(.text)
    OS_TickListRemove                        0x080094fd   Thumb Code    56  os_tick.o(.text)
    OS_TickListUpdate                        0x08009535   Thumb Code   480  os_tick.o(.text)
    OS_TickTask                              0x08009715   Thumb Code    38  os_tick.o(.text)
    OS_TickListInit                          0x0800973b   Thumb Code    32  os_tick.o(.text)
    OS_TickTaskInit                          0x0800975b   Thumb Code   130  os_tick.o(.text)
    OS_TickListInsert                        0x080097dd   Thumb Code   502  os_tick.o(.text)
    OS_TickListResetPeak                     0x080099d3   Thumb Code    28  os_tick.o(.text)
    OSTimeDly                                0x080099f9   Thumb Code   266  os_time.o(.text)
    OSTimeDlyHMSM                            0x08009b03   Thumb Code   480  os_time.o(.text)
    OSTimeDlyResume                          0x08009ce3   Thumb Code   466  os_time.o(.text)
    OSTimeGet                                0x08009eb5   Thumb Code    46  os_time.o(.text)
    OSTimeSet                                0x08009ee3   Thumb Code    46  os_time.o(.text)
    OSTimeTick                               0x08009f11   Thumb Code    54  os_time.o(.text)
    OS_TmrDbgListAdd                         0x08009f5d   Thumb Code    34  os_tmr.o(.text)
    OSTmrCreate                              0x08009f7f   Thumb Code   248  os_tmr.o(.text)
    OS_TmrClr                                0x0800a077   Thumb Code    36  os_tmr.o(.text)
    OS_TmrUnlink                             0x0800a09b   Thumb Code    72  os_tmr.o(.text)
    OS_TmrDbgListRemove                      0x0800a0e3   Thumb Code    44  os_tmr.o(.text)
    OSTmrDel                                 0x0800a10f   Thumb Code   176  os_tmr.o(.text)
    OSTmrRemainGet                           0x0800a1bf   Thumb Code   184  os_tmr.o(.text)
    OS_TmrLink                               0x0800a277   Thumb Code   196  os_tmr.o(.text)
    OSTmrStart                               0x0800a33b   Thumb Code   210  os_tmr.o(.text)
    OSTmrStateGet                            0x0800a40d   Thumb Code   134  os_tmr.o(.text)
    OSTmrStop                                0x0800a493   Thumb Code   232  os_tmr.o(.text)
    OS_TmrTask                               0x0800a57b   Thumb Code   176  os_tmr.o(.text)
    OS_TmrInit                               0x0800a62b   Thumb Code   208  os_tmr.o(.text)
    OS_TmrResetPeak                          0x0800a6fb   Thumb Code    28  os_tmr.o(.text)
    OSIdleTaskHook                           0x0800a775   Thumb Code    16  os_cpu_c.o(.text)
    OSInitHook                               0x0800a785   Thumb Code    42  os_cpu_c.o(.text)
    OSStatTaskHook                           0x0800a7af   Thumb Code    16  os_cpu_c.o(.text)
    OSTaskCreateHook                         0x0800a7bf   Thumb Code    20  os_cpu_c.o(.text)
    OSTaskDelHook                            0x0800a7d3   Thumb Code    20  os_cpu_c.o(.text)
    OSTaskReturnHook                         0x0800a7e7   Thumb Code    20  os_cpu_c.o(.text)
    OSTaskStkInit                            0x0800a7fb   Thumb Code   188  os_cpu_c.o(.text)
    OSTaskSwHook                             0x0800a8b7   Thumb Code   120  os_cpu_c.o(.text)
    OSTimeTickHook                           0x0800a92f   Thumb Code    16  os_cpu_c.o(.text)
    OS_CPU_SysTickHandler                    0x0800a93f   Thumb Code    52  os_cpu_c.o(.text)
    OS_CPU_SysTickInit                       0x0800a973   Thumb Code    44  os_cpu_c.o(.text)
    start_task                               0x0800a9e1   Thumb Code   312  start_task.o(.text)
    led0_task                                0x0800ab75   Thumb Code    62  led_task.o(.text)
    float_task                               0x0800abbd   Thumb Code   256  float_task.o(.text)
    protocol_task                            0x0800ad01   Thumb Code   248  protocol_task.o(.text)
    NVIC_PriorityGroupConfig                 0x0800ae79   Thumb Code    10  misc.o(.text)
    NVIC_Init                                0x0800ae83   Thumb Code   100  misc.o(.text)
    NVIC_SetVectorTable                      0x0800aee7   Thumb Code    14  misc.o(.text)
    NVIC_SystemLPConfig                      0x0800aef5   Thumb Code    34  misc.o(.text)
    SysTick_CLKSourceConfig                  0x0800af17   Thumb Code    40  misc.o(.text)
    GPIO_DeInit                              0x0800af55   Thumb Code   172  stm32f10x_gpio.o(.text)
    GPIO_AFIODeInit                          0x0800b001   Thumb Code    20  stm32f10x_gpio.o(.text)
    GPIO_Init                                0x0800b015   Thumb Code   278  stm32f10x_gpio.o(.text)
    GPIO_StructInit                          0x0800b12b   Thumb Code    16  stm32f10x_gpio.o(.text)
    GPIO_ReadInputDataBit                    0x0800b13b   Thumb Code    18  stm32f10x_gpio.o(.text)
    GPIO_ReadInputData                       0x0800b14d   Thumb Code     8  stm32f10x_gpio.o(.text)
    GPIO_ReadOutputDataBit                   0x0800b155   Thumb Code    18  stm32f10x_gpio.o(.text)
    GPIO_ReadOutputData                      0x0800b167   Thumb Code     8  stm32f10x_gpio.o(.text)
    GPIO_SetBits                             0x0800b16f   Thumb Code     4  stm32f10x_gpio.o(.text)
    GPIO_ResetBits                           0x0800b173   Thumb Code     4  stm32f10x_gpio.o(.text)
    GPIO_WriteBit                            0x0800b177   Thumb Code    10  stm32f10x_gpio.o(.text)
    GPIO_Write                               0x0800b181   Thumb Code     4  stm32f10x_gpio.o(.text)
    GPIO_PinLockConfig                       0x0800b185   Thumb Code    18  stm32f10x_gpio.o(.text)
    GPIO_EventOutputConfig                   0x0800b197   Thumb Code    26  stm32f10x_gpio.o(.text)
    GPIO_EventOutputCmd                      0x0800b1b1   Thumb Code     6  stm32f10x_gpio.o(.text)
    GPIO_PinRemapConfig                      0x0800b1b7   Thumb Code   138  stm32f10x_gpio.o(.text)
    GPIO_EXTILineConfig                      0x0800b241   Thumb Code    66  stm32f10x_gpio.o(.text)
    GPIO_ETH_MediaInterfaceConfig            0x0800b283   Thumb Code     8  stm32f10x_gpio.o(.text)
    RCC_DeInit                               0x0800b2b1   Thumb Code    64  stm32f10x_rcc.o(.text)
    RCC_HSEConfig                            0x0800b2f1   Thumb Code    70  stm32f10x_rcc.o(.text)
    RCC_GetFlagStatus                        0x0800b337   Thumb Code    56  stm32f10x_rcc.o(.text)
    RCC_WaitForHSEStartUp                    0x0800b36f   Thumb Code    56  stm32f10x_rcc.o(.text)
    RCC_AdjustHSICalibrationValue            0x0800b3a7   Thumb Code    20  stm32f10x_rcc.o(.text)
    RCC_HSICmd                               0x0800b3bb   Thumb Code     6  stm32f10x_rcc.o(.text)
    RCC_PLLConfig                            0x0800b3c1   Thumb Code    24  stm32f10x_rcc.o(.text)
    RCC_PLLCmd                               0x0800b3d9   Thumb Code     6  stm32f10x_rcc.o(.text)
    RCC_SYSCLKConfig                         0x0800b3df   Thumb Code    18  stm32f10x_rcc.o(.text)
    RCC_GetSYSCLKSource                      0x0800b3f1   Thumb Code    10  stm32f10x_rcc.o(.text)
    RCC_HCLKConfig                           0x0800b3fb   Thumb Code    18  stm32f10x_rcc.o(.text)
    RCC_PCLK1Config                          0x0800b40d   Thumb Code    18  stm32f10x_rcc.o(.text)
    RCC_PCLK2Config                          0x0800b41f   Thumb Code    20  stm32f10x_rcc.o(.text)
    RCC_ITConfig                             0x0800b433   Thumb Code    26  stm32f10x_rcc.o(.text)
    RCC_USBCLKConfig                         0x0800b44d   Thumb Code     8  stm32f10x_rcc.o(.text)
    RCC_ADCCLKConfig                         0x0800b455   Thumb Code    18  stm32f10x_rcc.o(.text)
    RCC_LSEConfig                            0x0800b467   Thumb Code    50  stm32f10x_rcc.o(.text)
    RCC_LSICmd                               0x0800b499   Thumb Code     6  stm32f10x_rcc.o(.text)
    RCC_RTCCLKConfig                         0x0800b49f   Thumb Code    12  stm32f10x_rcc.o(.text)
    RCC_RTCCLKCmd                            0x0800b4ab   Thumb Code     8  stm32f10x_rcc.o(.text)
    RCC_GetClocksFreq                        0x0800b4b3   Thumb Code   192  stm32f10x_rcc.o(.text)
    RCC_AHBPeriphClockCmd                    0x0800b573   Thumb Code    26  stm32f10x_rcc.o(.text)
    RCC_APB2PeriphClockCmd                   0x0800b58d   Thumb Code    26  stm32f10x_rcc.o(.text)
    RCC_APB1PeriphClockCmd                   0x0800b5a7   Thumb Code    26  stm32f10x_rcc.o(.text)
    RCC_APB2PeriphResetCmd                   0x0800b5c1   Thumb Code    26  stm32f10x_rcc.o(.text)
    RCC_APB1PeriphResetCmd                   0x0800b5db   Thumb Code    26  stm32f10x_rcc.o(.text)
    RCC_BackupResetCmd                       0x0800b5f5   Thumb Code     8  stm32f10x_rcc.o(.text)
    RCC_ClockSecuritySystemCmd               0x0800b5fd   Thumb Code     6  stm32f10x_rcc.o(.text)
    RCC_MCOConfig                            0x0800b603   Thumb Code     6  stm32f10x_rcc.o(.text)
    RCC_ClearFlag                            0x0800b609   Thumb Code    14  stm32f10x_rcc.o(.text)
    RCC_GetITStatus                          0x0800b617   Thumb Code    20  stm32f10x_rcc.o(.text)
    RCC_ClearITPendingBit                    0x0800b62b   Thumb Code     6  stm32f10x_rcc.o(.text)
    USART_DeInit                             0x0800b655   Thumb Code   134  stm32f10x_usart.o(.text)
    USART_Init                               0x0800b6db   Thumb Code   210  stm32f10x_usart.o(.text)
    USART_StructInit                         0x0800b7ad   Thumb Code    24  stm32f10x_usart.o(.text)
    USART_ClockInit                          0x0800b7c5   Thumb Code    34  stm32f10x_usart.o(.text)
    USART_ClockStructInit                    0x0800b7e7   Thumb Code    12  stm32f10x_usart.o(.text)
    USART_Cmd                                0x0800b7f3   Thumb Code    24  stm32f10x_usart.o(.text)
    USART_ITConfig                           0x0800b80b   Thumb Code    74  stm32f10x_usart.o(.text)
    USART_DMACmd                             0x0800b855   Thumb Code    18  stm32f10x_usart.o(.text)
    USART_SetAddress                         0x0800b867   Thumb Code    18  stm32f10x_usart.o(.text)
    USART_WakeUpConfig                       0x0800b879   Thumb Code    18  stm32f10x_usart.o(.text)
    USART_ReceiverWakeUpCmd                  0x0800b88b   Thumb Code    24  stm32f10x_usart.o(.text)
    USART_LINBreakDetectLengthConfig         0x0800b8a3   Thumb Code    18  stm32f10x_usart.o(.text)
    USART_LINCmd                             0x0800b8b5   Thumb Code    24  stm32f10x_usart.o(.text)
    USART_SendData                           0x0800b8cd   Thumb Code     8  stm32f10x_usart.o(.text)
    USART_ReceiveData                        0x0800b8d5   Thumb Code    10  stm32f10x_usart.o(.text)
    USART_SendBreak                          0x0800b8df   Thumb Code    10  stm32f10x_usart.o(.text)
    USART_SetGuardTime                       0x0800b8e9   Thumb Code    16  stm32f10x_usart.o(.text)
    USART_SetPrescaler                       0x0800b8f9   Thumb Code    16  stm32f10x_usart.o(.text)
    USART_SmartCardCmd                       0x0800b909   Thumb Code    24  stm32f10x_usart.o(.text)
    USART_SmartCardNACKCmd                   0x0800b921   Thumb Code    24  stm32f10x_usart.o(.text)
    USART_HalfDuplexCmd                      0x0800b939   Thumb Code    24  stm32f10x_usart.o(.text)
    USART_OverSampling8Cmd                   0x0800b951   Thumb Code    22  stm32f10x_usart.o(.text)
    USART_OneBitMethodCmd                    0x0800b967   Thumb Code    24  stm32f10x_usart.o(.text)
    USART_IrDAConfig                         0x0800b97f   Thumb Code    18  stm32f10x_usart.o(.text)
    USART_IrDACmd                            0x0800b991   Thumb Code    24  stm32f10x_usart.o(.text)
    USART_GetFlagStatus                      0x0800b9a9   Thumb Code    26  stm32f10x_usart.o(.text)
    USART_ClearFlag                          0x0800b9c3   Thumb Code    18  stm32f10x_usart.o(.text)
    USART_GetITStatus                        0x0800b9d5   Thumb Code    84  stm32f10x_usart.o(.text)
    USART_ClearITPendingBit                  0x0800ba29   Thumb Code    52  stm32f10x_usart.o(.text)
    Reset_Handler                            0x0800ba5d   Thumb Code     8  startup_stm32f10x_md.o(.text)
    NMI_Handler                              0x0800ba65   Thumb Code     2  startup_stm32f10x_md.o(.text)
    HardFault_Handler                        0x0800ba67   Thumb Code     2  startup_stm32f10x_md.o(.text)
    MemManage_Handler                        0x0800ba69   Thumb Code     2  startup_stm32f10x_md.o(.text)
    BusFault_Handler                         0x0800ba6b   Thumb Code     2  startup_stm32f10x_md.o(.text)
    UsageFault_Handler                       0x0800ba6d   Thumb Code     2  startup_stm32f10x_md.o(.text)
    SVC_Handler                              0x0800ba6f   Thumb Code     2  startup_stm32f10x_md.o(.text)
    DebugMon_Handler                         0x0800ba71   Thumb Code     2  startup_stm32f10x_md.o(.text)
    ADC1_2_IRQHandler                        0x0800ba77   Thumb Code     0  startup_stm32f10x_md.o(.text)
    CAN1_RX1_IRQHandler                      0x0800ba77   Thumb Code     0  startup_stm32f10x_md.o(.text)
    CAN1_SCE_IRQHandler                      0x0800ba77   Thumb Code     0  startup_stm32f10x_md.o(.text)
    DMA1_Channel1_IRQHandler                 0x0800ba77   Thumb Code     0  startup_stm32f10x_md.o(.text)
    DMA1_Channel2_IRQHandler                 0x0800ba77   Thumb Code     0  startup_stm32f10x_md.o(.text)
    DMA1_Channel3_IRQHandler                 0x0800ba77   Thumb Code     0  startup_stm32f10x_md.o(.text)
    DMA1_Channel4_IRQHandler                 0x0800ba77   Thumb Code     0  startup_stm32f10x_md.o(.text)
    DMA1_Channel5_IRQHandler                 0x0800ba77   Thumb Code     0  startup_stm32f10x_md.o(.text)
    DMA1_Channel6_IRQHandler                 0x0800ba77   Thumb Code     0  startup_stm32f10x_md.o(.text)
    DMA1_Channel7_IRQHandler                 0x0800ba77   Thumb Code     0  startup_stm32f10x_md.o(.text)
    EXTI0_IRQHandler                         0x0800ba77   Thumb Code     0  startup_stm32f10x_md.o(.text)
    EXTI15_10_IRQHandler                     0x0800ba77   Thumb Code     0  startup_stm32f10x_md.o(.text)
    EXTI1_IRQHandler                         0x0800ba77   Thumb Code     0  startup_stm32f10x_md.o(.text)
    EXTI2_IRQHandler                         0x0800ba77   Thumb Code     0  startup_stm32f10x_md.o(.text)
    EXTI3_IRQHandler                         0x0800ba77   Thumb Code     0  startup_stm32f10x_md.o(.text)
    EXTI4_IRQHandler                         0x0800ba77   Thumb Code     0  startup_stm32f10x_md.o(.text)
    EXTI9_5_IRQHandler                       0x0800ba77   Thumb Code     0  startup_stm32f10x_md.o(.text)
    FLASH_IRQHandler                         0x0800ba77   Thumb Code     0  startup_stm32f10x_md.o(.text)
    I2C1_ER_IRQHandler                       0x0800ba77   Thumb Code     0  startup_stm32f10x_md.o(.text)
    I2C1_EV_IRQHandler                       0x0800ba77   Thumb Code     0  startup_stm32f10x_md.o(.text)
    I2C2_ER_IRQHandler                       0x0800ba77   Thumb Code     0  startup_stm32f10x_md.o(.text)
    I2C2_EV_IRQHandler                       0x0800ba77   Thumb Code     0  startup_stm32f10x_md.o(.text)
    PVD_IRQHandler                           0x0800ba77   Thumb Code     0  startup_stm32f10x_md.o(.text)
    RCC_IRQHandler                           0x0800ba77   Thumb Code     0  startup_stm32f10x_md.o(.text)
    RTCAlarm_IRQHandler                      0x0800ba77   Thumb Code     0  startup_stm32f10x_md.o(.text)
    RTC_IRQHandler                           0x0800ba77   Thumb Code     0  startup_stm32f10x_md.o(.text)
    SPI1_IRQHandler                          0x0800ba77   Thumb Code     0  startup_stm32f10x_md.o(.text)
    SPI2_IRQHandler                          0x0800ba77   Thumb Code     0  startup_stm32f10x_md.o(.text)
    TAMPER_IRQHandler                        0x0800ba77   Thumb Code     0  startup_stm32f10x_md.o(.text)
    TIM1_BRK_IRQHandler                      0x0800ba77   Thumb Code     0  startup_stm32f10x_md.o(.text)
    TIM1_CC_IRQHandler                       0x0800ba77   Thumb Code     0  startup_stm32f10x_md.o(.text)
    TIM1_TRG_COM_IRQHandler                  0x0800ba77   Thumb Code     0  startup_stm32f10x_md.o(.text)
    TIM1_UP_IRQHandler                       0x0800ba77   Thumb Code     0  startup_stm32f10x_md.o(.text)
    TIM2_IRQHandler                          0x0800ba77   Thumb Code     0  startup_stm32f10x_md.o(.text)
    TIM3_IRQHandler                          0x0800ba77   Thumb Code     0  startup_stm32f10x_md.o(.text)
    TIM4_IRQHandler                          0x0800ba77   Thumb Code     0  startup_stm32f10x_md.o(.text)
    USART1_IRQHandler                        0x0800ba77   Thumb Code     0  startup_stm32f10x_md.o(.text)
    USART2_IRQHandler                        0x0800ba77   Thumb Code     0  startup_stm32f10x_md.o(.text)
    USBWakeUp_IRQHandler                     0x0800ba77   Thumb Code     0  startup_stm32f10x_md.o(.text)
    USB_HP_CAN1_TX_IRQHandler                0x0800ba77   Thumb Code     0  startup_stm32f10x_md.o(.text)
    USB_LP_CAN1_RX0_IRQHandler               0x0800ba77   Thumb Code     0  startup_stm32f10x_md.o(.text)
    WWDG_IRQHandler                          0x0800ba77   Thumb Code     0  startup_stm32f10x_md.o(.text)
    SystemInit                               0x0800bb5f   Thumb Code    78  system_stm32f10x.o(.text)
    SystemCoreClockUpdate                    0x0800bbad   Thumb Code   142  system_stm32f10x.o(.text)
    __aeabi_uldivmod                         0x0800bc61   Thumb Code    98  uldiv.o(.text)
    __aeabi_fadd                             0x0800bcc3   Thumb Code   164  fadd.o(.text)
    __aeabi_fsub                             0x0800bd67   Thumb Code     6  fadd.o(.text)
    __aeabi_frsub                            0x0800bd6d   Thumb Code     6  fadd.o(.text)
    __aeabi_cfcmpeq                          0x0800bd75   Thumb Code     0  cfcmple.o(.text)
    __aeabi_cfcmple                          0x0800bd75   Thumb Code    20  cfcmple.o(.text)
    __aeabi_cfrcmple                         0x0800bd89   Thumb Code    20  cfrcmple.o(.text)
    __aeabi_uidiv                            0x0800bd9d   Thumb Code     0  uidiv.o(.text)
    __aeabi_uidivmod                         0x0800bd9d   Thumb Code    44  uidiv.o(.text)
    __aeabi_llsl                             0x0800bdc9   Thumb Code    30  llshl.o(.text)
    _ll_shift_l                              0x0800bdc9   Thumb Code     0  llshl.o(.text)
    __aeabi_llsr                             0x0800bde7   Thumb Code    32  llushr.o(.text)
    _ll_ushift_r                             0x0800bde7   Thumb Code     0  llushr.o(.text)
    __I$use$fp                               0x0800be07   Thumb Code     0  iusefp.o(.text)
    _float_round                             0x0800be07   Thumb Code    18  fepilogue.o(.text)
    _float_epilogue                          0x0800be19   Thumb Code    92  fepilogue.o(.text)
    __scatterload                            0x0800be75   Thumb Code    28  init.o(.text)
    __scatterload_rt2                        0x0800be75   Thumb Code     0  init.o(.text)
    __decompress                             0x0800be99   Thumb Code     0  __dczerorl2.o(.text)
    __decompress1                            0x0800be99   Thumb Code    86  __dczerorl2.o(.text)
    OSStartHighRdy                           0x0800bef1   Thumb Code     0  os_cpu_a.o(CODE)
    PendSV_Handler                           0x0800bf27   Thumb Code     0  os_cpu_a.o(CODE)
    __0printf$1                              0x0800bf89   Thumb Code    22  printf1.o(i.__0printf$1)
    __1printf$1                              0x0800bf89   Thumb Code     0  printf1.o(i.__0printf$1)
    __2printf                                0x0800bf89   Thumb Code     0  printf1.o(i.__0printf$1)
    __scatterload_copy                       0x0800bfa9   Thumb Code    14  handlers.o(i.__scatterload_copy)
    __scatterload_null                       0x0800bfb7   Thumb Code     2  handlers.o(i.__scatterload_null)
    __scatterload_zeroinit                   0x0800bfb9   Thumb Code    14  handlers.o(i.__scatterload_zeroinit)
    CPU_EndiannessTest                       0x0800c21c   Data           4  cpu_core.o(.constdata)
    OSCfg_IdleTaskStkBasePtr                 0x0800c2b4   Data           4  os_cfg_app.o(.constdata)
    OSCfg_IdleTaskStkLimit                   0x0800c2b8   Data           4  os_cfg_app.o(.constdata)
    OSCfg_IdleTaskStkSize                    0x0800c2bc   Data           4  os_cfg_app.o(.constdata)
    OSCfg_IdleTaskStkSizeRAM                 0x0800c2c0   Data           4  os_cfg_app.o(.constdata)
    OSCfg_IntQBasePtr                        0x0800c2c4   Data           4  os_cfg_app.o(.constdata)
    OSCfg_IntQSize                           0x0800c2c8   Data           2  os_cfg_app.o(.constdata)
    OSCfg_IntQSizeRAM                        0x0800c2cc   Data           4  os_cfg_app.o(.constdata)
    OSCfg_IntQTaskStkBasePtr                 0x0800c2d0   Data           4  os_cfg_app.o(.constdata)
    OSCfg_IntQTaskStkLimit                   0x0800c2d4   Data           4  os_cfg_app.o(.constdata)
    OSCfg_IntQTaskStkSize                    0x0800c2d8   Data           4  os_cfg_app.o(.constdata)
    OSCfg_IntQTaskStkSizeRAM                 0x0800c2dc   Data           4  os_cfg_app.o(.constdata)
    OSCfg_ISRStkBasePtr                      0x0800c2e0   Data           4  os_cfg_app.o(.constdata)
    OSCfg_ISRStkSize                         0x0800c2e4   Data           4  os_cfg_app.o(.constdata)
    OSCfg_ISRStkSizeRAM                      0x0800c2e8   Data           4  os_cfg_app.o(.constdata)
    OSCfg_MsgPoolSize                        0x0800c2ec   Data           2  os_cfg_app.o(.constdata)
    OSCfg_MsgPoolSizeRAM                     0x0800c2f0   Data           4  os_cfg_app.o(.constdata)
    OSCfg_MsgPoolBasePtr                     0x0800c2f4   Data           4  os_cfg_app.o(.constdata)
    OSCfg_StatTaskPrio                       0x0800c2f8   Data           1  os_cfg_app.o(.constdata)
    OSCfg_StatTaskRate_Hz                    0x0800c2fc   Data           4  os_cfg_app.o(.constdata)
    OSCfg_StatTaskStkBasePtr                 0x0800c300   Data           4  os_cfg_app.o(.constdata)
    OSCfg_StatTaskStkLimit                   0x0800c304   Data           4  os_cfg_app.o(.constdata)
    OSCfg_StatTaskStkSize                    0x0800c308   Data           4  os_cfg_app.o(.constdata)
    OSCfg_StatTaskStkSizeRAM                 0x0800c30c   Data           4  os_cfg_app.o(.constdata)
    OSCfg_StkSizeMin                         0x0800c310   Data           4  os_cfg_app.o(.constdata)
    OSCfg_TickRate_Hz                        0x0800c314   Data           4  os_cfg_app.o(.constdata)
    OSCfg_TickTaskPrio                       0x0800c318   Data           1  os_cfg_app.o(.constdata)
    OSCfg_TickTaskStkBasePtr                 0x0800c31c   Data           4  os_cfg_app.o(.constdata)
    OSCfg_TickTaskStkLimit                   0x0800c320   Data           4  os_cfg_app.o(.constdata)
    OSCfg_TickTaskStkSize                    0x0800c324   Data           4  os_cfg_app.o(.constdata)
    OSCfg_TickTaskStkSizeRAM                 0x0800c328   Data           4  os_cfg_app.o(.constdata)
    OSCfg_TickWheelSize                      0x0800c32c   Data           2  os_cfg_app.o(.constdata)
    OSCfg_TickWheelSizeRAM                   0x0800c330   Data           4  os_cfg_app.o(.constdata)
    OSCfg_TmrTaskPrio                        0x0800c334   Data           1  os_cfg_app.o(.constdata)
    OSCfg_TmrTaskRate_Hz                     0x0800c338   Data           4  os_cfg_app.o(.constdata)
    OSCfg_TmrTaskStkBasePtr                  0x0800c33c   Data           4  os_cfg_app.o(.constdata)
    OSCfg_TmrTaskStkLimit                    0x0800c340   Data           4  os_cfg_app.o(.constdata)
    OSCfg_TmrTaskStkSize                     0x0800c344   Data           4  os_cfg_app.o(.constdata)
    OSCfg_TmrTaskStkSizeRAM                  0x0800c348   Data           4  os_cfg_app.o(.constdata)
    OSCfg_TmrWheelSize                       0x0800c34c   Data           2  os_cfg_app.o(.constdata)
    OSCfg_TmrWheelSizeRAM                    0x0800c350   Data           4  os_cfg_app.o(.constdata)
    OSCfg_DataSizeRAM                        0x0800c354   Data           4  os_cfg_app.o(.constdata)
    OSDbg_DbgEn                              0x0800c358   Data           2  os_dbg.o(.constdata)
    OSDbg_ArgChkEn                           0x0800c35a   Data           1  os_dbg.o(.constdata)
    OSDbg_AppHooksEn                         0x0800c35b   Data           1  os_dbg.o(.constdata)
    OSDbg_EndiannessTest                     0x0800c35c   Data           4  os_dbg.o(.constdata)
    OSDbg_CalledFromISRChkEn                 0x0800c360   Data           1  os_dbg.o(.constdata)
    OSDbg_FlagEn                             0x0800c361   Data           1  os_dbg.o(.constdata)
    OSDbg_FlagGrp                            0x0800c364   Data          40  os_dbg.o(.constdata)
    OSDbg_FlagDelEn                          0x0800c38c   Data           1  os_dbg.o(.constdata)
    OSDbg_FlagModeClrEn                      0x0800c38d   Data           1  os_dbg.o(.constdata)
    OSDbg_FlagPendAbortEn                    0x0800c38e   Data           1  os_dbg.o(.constdata)
    OSDbg_FlagGrpSize                        0x0800c390   Data           2  os_dbg.o(.constdata)
    OSDbg_FlagWidth                          0x0800c392   Data           2  os_dbg.o(.constdata)
    OSDbg_IntQ                               0x0800c394   Data           2  os_dbg.o(.constdata)
    OSDbg_ISRPostDeferredEn                  0x0800c396   Data           1  os_dbg.o(.constdata)
    OSDbg_Mem                                0x0800c398   Data          32  os_dbg.o(.constdata)
    OSDbg_MemEn                              0x0800c3b8   Data           1  os_dbg.o(.constdata)
    OSDbg_MemSize                            0x0800c3ba   Data           2  os_dbg.o(.constdata)
    OSDbg_MsgEn                              0x0800c3bc   Data           1  os_dbg.o(.constdata)
    OSDbg_MsgSize                            0x0800c3be   Data           2  os_dbg.o(.constdata)
    OSDbg_MsgPoolSize                        0x0800c3c0   Data           2  os_dbg.o(.constdata)
    OSDbg_MsgQSize                           0x0800c3c2   Data           2  os_dbg.o(.constdata)
    OSDbg_Mutex                              0x0800c3c4   Data          44  os_dbg.o(.constdata)
    OSDbg_MutexEn                            0x0800c3f0   Data           1  os_dbg.o(.constdata)
    OSDbg_MutexDelEn                         0x0800c3f1   Data           1  os_dbg.o(.constdata)
    OSDbg_MutexPendAbortEn                   0x0800c3f2   Data           1  os_dbg.o(.constdata)
    OSDbg_MutexSize                          0x0800c3f4   Data           2  os_dbg.o(.constdata)
    OSDbg_ObjTypeChkEn                       0x0800c3f6   Data           1  os_dbg.o(.constdata)
    OSDbg_PendMultiEn                        0x0800c3f7   Data           1  os_dbg.o(.constdata)
    OSDbg_PendDataSize                       0x0800c3f8   Data           2  os_dbg.o(.constdata)
    OSDbg_PendListSize                       0x0800c3fa   Data           2  os_dbg.o(.constdata)
    OSDbg_PendObjSize                        0x0800c3fc   Data           2  os_dbg.o(.constdata)
    OSDbg_PrioMax                            0x0800c3fe   Data           2  os_dbg.o(.constdata)
    OSDbg_PrioTblSize                        0x0800c400   Data           2  os_dbg.o(.constdata)
    OSDbg_PtrSize                            0x0800c402   Data           2  os_dbg.o(.constdata)
    OSDbg_Q                                  0x0800c404   Data          48  os_dbg.o(.constdata)
    OSDbg_QEn                                0x0800c434   Data           1  os_dbg.o(.constdata)
    OSDbg_QDelEn                             0x0800c435   Data           1  os_dbg.o(.constdata)
    OSDbg_QFlushEn                           0x0800c436   Data           1  os_dbg.o(.constdata)
    OSDbg_QPendAbortEn                       0x0800c437   Data           1  os_dbg.o(.constdata)
    OSDbg_QSize                              0x0800c438   Data           2  os_dbg.o(.constdata)
    OSDbg_SchedRoundRobinEn                  0x0800c43a   Data           1  os_dbg.o(.constdata)
    OSDbg_Sem                                0x0800c43c   Data          40  os_dbg.o(.constdata)
    OSDbg_SemEn                              0x0800c464   Data           1  os_dbg.o(.constdata)
    OSDbg_SemDelEn                           0x0800c465   Data           1  os_dbg.o(.constdata)
    OSDbg_SemPendAbortEn                     0x0800c466   Data           1  os_dbg.o(.constdata)
    OSDbg_SemSetEn                           0x0800c467   Data           1  os_dbg.o(.constdata)
    OSDbg_SemSize                            0x0800c468   Data           2  os_dbg.o(.constdata)
    OSDbg_RdyList                            0x0800c46a   Data           2  os_dbg.o(.constdata)
    OSDbg_RdyListSize                        0x0800c46c   Data           4  os_dbg.o(.constdata)
    OSDbg_StkWidth                           0x0800c470   Data           1  os_dbg.o(.constdata)
    OSDbg_StatTaskEn                         0x0800c471   Data           1  os_dbg.o(.constdata)
    OSDbg_StatTaskStkChkEn                   0x0800c472   Data           1  os_dbg.o(.constdata)
    OSDbg_TaskChangePrioEn                   0x0800c473   Data           1  os_dbg.o(.constdata)
    OSDbg_TaskDelEn                          0x0800c474   Data           1  os_dbg.o(.constdata)
    OSDbg_TaskQEn                            0x0800c475   Data           1  os_dbg.o(.constdata)
    OSDbg_TaskQPendAbortEn                   0x0800c476   Data           1  os_dbg.o(.constdata)
    OSDbg_TaskProfileEn                      0x0800c477   Data           1  os_dbg.o(.constdata)
    OSDbg_TaskRegTblSize                     0x0800c478   Data           2  os_dbg.o(.constdata)
    OSDbg_TaskSemPendAbortEn                 0x0800c47a   Data           1  os_dbg.o(.constdata)
    OSDbg_TaskSuspendEn                      0x0800c47b   Data           1  os_dbg.o(.constdata)
    OSDbg_TCBSize                            0x0800c47c   Data           2  os_dbg.o(.constdata)
    OSDbg_TickSpokeSize                      0x0800c47e   Data           2  os_dbg.o(.constdata)
    OSDbg_TimeDlyHMSMEn                      0x0800c480   Data           1  os_dbg.o(.constdata)
    OSDbg_TimeDlyResumeEn                    0x0800c481   Data           1  os_dbg.o(.constdata)
    OSDbg_TLS_TblSize                        0x0800c482   Data           2  os_dbg.o(.constdata)
    OSDbg_Tmr                                0x0800c484   Data          52  os_dbg.o(.constdata)
    OSDbg_TmrEn                              0x0800c4b8   Data           1  os_dbg.o(.constdata)
    OSDbg_TmrDelEn                           0x0800c4b9   Data           1  os_dbg.o(.constdata)
    OSDbg_TmrSize                            0x0800c4ba   Data           2  os_dbg.o(.constdata)
    OSDbg_TmrSpokeSize                       0x0800c4bc   Data           2  os_dbg.o(.constdata)
    OSDbg_VersionNbr                         0x0800c4be   Data           2  os_dbg.o(.constdata)
    OSDbg_DataSize                           0x0800c4c0   Data           4  os_dbg.o(.constdata)
    Region$$Table$$Base                      0x0800c4c4   Number         0  anon$$obj.o(Region$$Table)
    Region$$Table$$Limit                     0x0800c4e4   Number         0  anon$$obj.o(Region$$Table)
    UserValidLen                             0x20000000   Data           1  main.o(.data)
    ProdKey                                  0x20000001   Data          16  main.o(.data)
    ModuleStatus                             0x2000001c   Data           4  hekr_protocol.o(.data)
    Uart3_Recv_Count                         0x20000024   Data           1  uart.o(.data)
    Uart3_Recv_STA                           0x20000025   Data           1  uart.o(.data)
    CPU_TS_TmrFreq_Hz                        0x20000028   Data           4  cpu_core.o(.data)
    Mem_PoolTbl                              0x2000002c   Data           4  lib_mem.o(.data)
    OSPrioTbl                                0x20000030   Data           8  os_prio.o(.data)
    OS_AppTaskCreateHookPtr                  0x20000038   Data           4  os_var.o(.data)
    OS_AppTaskDelHookPtr                     0x2000003c   Data           4  os_var.o(.data)
    OS_AppTaskReturnHookPtr                  0x20000040   Data           4  os_var.o(.data)
    OS_AppIdleTaskHookPtr                    0x20000044   Data           4  os_var.o(.data)
    OS_AppStatTaskHookPtr                    0x20000048   Data           4  os_var.o(.data)
    OS_AppTaskSwHookPtr                      0x2000004c   Data           4  os_var.o(.data)
    OS_AppTimeTickHookPtr                    0x20000050   Data           4  os_var.o(.data)
    OSIdleTaskCtr                            0x20000054   Data           4  os_var.o(.data)
    OSIntNestingCtr                          0x20000058   Data           1  os_var.o(.data)
    OSRunning                                0x20000059   Data           1  os_var.o(.data)
    OSIntQInPtr                              0x2000005c   Data           4  os_var.o(.data)
    OSIntQOutPtr                             0x20000060   Data           4  os_var.o(.data)
    OSIntQNbrEntries                         0x20000064   Data           2  os_var.o(.data)
    OSIntQNbrEntriesMax                      0x20000066   Data           2  os_var.o(.data)
    OSIntQOvfCtr                             0x20000068   Data           2  os_var.o(.data)
    OSIntQTaskTimeMax                        0x2000006c   Data           4  os_var.o(.data)
    OSFlagDbgListPtr                         0x20000070   Data           4  os_var.o(.data)
    OSFlagQty                                0x20000074   Data           2  os_var.o(.data)
    OSMemDbgListPtr                          0x20000078   Data           4  os_var.o(.data)
    OSMemQty                                 0x2000007c   Data           2  os_var.o(.data)
    OSMutexDbgListPtr                        0x20000080   Data           4  os_var.o(.data)
    OSMutexQty                               0x20000084   Data           2  os_var.o(.data)
    OSPrioCur                                0x20000086   Data           1  os_var.o(.data)
    OSPrioHighRdy                            0x20000087   Data           1  os_var.o(.data)
    OSPrioSaved                              0x20000088   Data           1  os_var.o(.data)
    OSQDbgListPtr                            0x2000008c   Data           4  os_var.o(.data)
    OSQQty                                   0x20000090   Data           2  os_var.o(.data)
    OSSchedLockTimeBegin                     0x20000094   Data           4  os_var.o(.data)
    OSSchedLockTimeMax                       0x20000098   Data           4  os_var.o(.data)
    OSSchedLockTimeMaxCur                    0x2000009c   Data           4  os_var.o(.data)
    OSSchedLockNestingCtr                    0x200000a0   Data           1  os_var.o(.data)
    OSSchedRoundRobinDfltTimeQuanta          0x200000a4   Data           4  os_var.o(.data)
    OSSchedRoundRobinEn                      0x200000a8   Data           1  os_var.o(.data)
    OSSemDbgListPtr                          0x200000ac   Data           4  os_var.o(.data)
    OSSemQty                                 0x200000b0   Data           2  os_var.o(.data)
    OSStatResetFlag                          0x200000b2   Data           1  os_var.o(.data)
    OSStatTaskCPUUsage                       0x200000b4   Data           2  os_var.o(.data)
    OSStatTaskCPUUsageMax                    0x200000b6   Data           2  os_var.o(.data)
    OSStatTaskCtr                            0x200000b8   Data           4  os_var.o(.data)
    OSStatTaskCtrMax                         0x200000bc   Data           4  os_var.o(.data)
    OSStatTaskCtrRun                         0x200000c0   Data           4  os_var.o(.data)
    OSStatTaskRdy                            0x200000c4   Data           1  os_var.o(.data)
    OSStatTaskTimeMax                        0x200000c8   Data           4  os_var.o(.data)
    OSTaskCtxSwCtr                           0x200000cc   Data           4  os_var.o(.data)
    OSTaskDbgListPtr                         0x200000d0   Data           4  os_var.o(.data)
    OSTaskQty                                0x200000d4   Data           2  os_var.o(.data)
    OSTaskRegNextAvailID                     0x200000d6   Data           1  os_var.o(.data)
    OSTickCtr                                0x200000d8   Data           4  os_var.o(.data)
    OSTickTaskTimeMax                        0x200000dc   Data           4  os_var.o(.data)
    OSTmrDbgListPtr                          0x200000e0   Data           4  os_var.o(.data)
    OSTmrQty                                 0x200000e4   Data           2  os_var.o(.data)
    OSTmrTaskTimeMax                         0x200000e8   Data           4  os_var.o(.data)
    OSTmrTickCtr                             0x200000ec   Data           4  os_var.o(.data)
    OSTmrUpdateCnt                           0x200000f0   Data           4  os_var.o(.data)
    OSTmrUpdateCtr                           0x200000f4   Data           4  os_var.o(.data)
    OSTCBCurPtr                              0x200000f8   Data           4  os_var.o(.data)
    OSTCBHighRdyPtr                          0x200000fc   Data           4  os_var.o(.data)
    OS_CPU_ExceptStkBase                     0x20000100   Data           4  os_cpu_c.o(.data)
    SystemCoreClock                          0x20000120   Data           4  system_stm32f10x.o(.data)
    AHBPrescTable                            0x20000124   Data          16  system_stm32f10x.o(.data)
    __stdout                                 0x20000134   Data           4  stdout.o(.data)
    valid_data                               0x200001ab   Data         100  hekr_protocol.o(.bss)
    Uart3_Recv_Buffer                        0x2000020f   Data          20  uart.o(.bss)
    CPU_Name                                 0x20000334   Data          16  cpu_core.o(.bss)
    Mem_PoolHeap                             0x20000344   Data          72  lib_mem.o(.bss)
    Mem_Heap                                 0x2000038c   Data        1024  lib_mem.o(.bss)
    OSCfg_IdleTaskStk                        0x2000078c   Data         512  os_cfg_app.o(.bss)
    OSCfg_IntQ                               0x2000098c   Data         320  os_cfg_app.o(.bss)
    OSCfg_IntQTaskStk                        0x20000acc   Data         512  os_cfg_app.o(.bss)
    OSCfg_ISRStk                             0x20000ccc   Data         512  os_cfg_app.o(.bss)
    OSCfg_MsgPool                            0x20000ecc   Data        1600  os_cfg_app.o(.bss)
    OSCfg_StatTaskStk                        0x2000150c   Data         512  os_cfg_app.o(.bss)
    OSCfg_TickTaskStk                        0x2000170c   Data         512  os_cfg_app.o(.bss)
    OSCfg_TickWheel                          0x2000190c   Data         136  os_cfg_app.o(.bss)
    OSCfg_TmrTaskStk                         0x20001994   Data         512  os_cfg_app.o(.bss)
    OSCfg_TmrWheel                           0x20001b94   Data         136  os_cfg_app.o(.bss)
    OSIdleTaskTCB                            0x20001c1c   Data         196  os_var.o(.bss)
    OSIntQTaskTCB                            0x20001ce0   Data         196  os_var.o(.bss)
    OSMsgPool                                0x20001da4   Data          12  os_var.o(.bss)
    OSRdyList                                0x20001db0   Data         768  os_var.o(.bss)
    OSStatTaskTCB                            0x200020b0   Data         196  os_var.o(.bss)
    OSTickTaskTCB                            0x20002174   Data         196  os_var.o(.bss)
    OSTmrTaskTCB                             0x20002238   Data         196  os_var.o(.bss)
    StartTaskTCB                             0x200022fc   Data         196  start_task.o(.bss)
    START_TASK_STK                           0x200023c0   Data        2048  start_task.o(.bss)
    Led0TaskTCB                              0x20002bc0   Data         196  led_task.o(.bss)
    LED0_TASK_STK                            0x20002c84   Data         512  led_task.o(.bss)
    FloatTaskTCB                             0x20002e88   Data         196  float_task.o(.bss)
    FLOAT_TASK_STK                           0x20002f50   Data         512  float_task.o(.bss)
    ProtocolTaskTCB                          0x20003150   Data         196  protocol_task.o(.bss)
    Protocol_TASK_STK                        0x20003214   Data         512  protocol_task.o(.bss)
    __initial_sp                             0x20003818   Data           0  startup_stm32f10x_md.o(STACK)



==============================================================================

Memory Map of the image

  Image Entry point : 0x080000ed

  Load Region LR_IROM1 (Base: 0x08000000, Size: 0x0000c61c, Max: 0x00010000, ABSOLUTE, COMPRESSED[0x0000c51c])

    Execution Region ER_IROM1 (Base: 0x08000000, Size: 0x0000c4e4, Max: 0x00010000, ABSOLUTE)

    Base Addr    Size         Type   Attr      Idx    E Section Name        Object

    0x08000000   0x000000ec   Data   RO          968    RESET               startup_stm32f10x_md.o
    0x080000ec   0x00000000   Code   RO         1003  * .ARM.Collect$$$$00000000  mc_w.l(entry.o)
    0x080000ec   0x00000004   Code   RO         1275    .ARM.Collect$$$$00000001  mc_w.l(entry2.o)
    0x080000f0   0x00000004   Code   RO         1278    .ARM.Collect$$$$00000004  mc_w.l(entry5.o)
    0x080000f4   0x00000000   Code   RO         1280    .ARM.Collect$$$$00000008  mc_w.l(entry7b.o)
    0x080000f4   0x00000000   Code   RO         1282    .ARM.Collect$$$$0000000A  mc_w.l(entry8b.o)
    0x080000f4   0x00000008   Code   RO         1283    .ARM.Collect$$$$0000000B  mc_w.l(entry9a.o)
    0x080000fc   0x00000000   Code   RO         1285    .ARM.Collect$$$$0000000D  mc_w.l(entry10a.o)
    0x080000fc   0x00000000   Code   RO         1287    .ARM.Collect$$$$0000000F  mc_w.l(entry11a.o)
    0x080000fc   0x00000004   Code   RO         1276    .ARM.Collect$$$$00002712  mc_w.l(entry2.o)
    0x08000100   0x00000120   Code   RO            4    .text               main.o
    0x08000220   0x0000002c   Code   RO          183    .text               led.o
    0x0800024c   0x00000478   Code   RO          204    .text               hekr_protocol.o
    0x080006c4   0x0000014c   Code   RO          226    .text               delay.o
    0x08000810   0x0000018c   Code   RO          280    .text               uart.o
    0x0800099c   0x00000084   Code   RO          311    .text               bsp.o
    0x08000a20   0x00000354   Code   RO          338    .text               bsp_int.o
    0x08000d74   0x000002a8   Code   RO          361    .text               cpu_core.o
    0x0800101c   0x00000034   Code   RO          387    .text               cpu_a.o
    0x08001050   0x0000077c   Code   RO          390    .text               cpu_c.o
    0x080017cc   0x00000256   Code   RO          402    .text               lib_ascii.o
    0x08001a22   0x00000002   PAD
    0x08001a24   0x000009c6   Code   RO          435    .text               lib_mem.o
    0x080023ea   0x00000002   PAD
    0x080023ec   0x0000092c   Code   RO          454    .text               lib_str.o
    0x08002d18   0x00000220   Code   RO          471    .text               lib_mem_a.o
    0x08002f38   0x000000fc   Code   RO          474    .text               os_cfg_app.o
    0x08003034   0x00000e04   Code   RO          497    .text               os_core.o
    0x08003e38   0x000001b0   Code   RO          509    .text               os_dbg.o
    0x08003fe8   0x00000e28   Code   RO          524    .text               os_flag.o
    0x08004e10   0x00000444   Code   RO          536    .text               os_int.o
    0x08005254   0x00000238   Code   RO          548    .text               os_mem.o
    0x0800548c   0x0000022c   Code   RO          560    .text               os_msg.o
    0x080056b8   0x00000ad4   Code   RO          572    .text               os_mutex.o
    0x0800618c   0x0000007c   Code   RO          590    .text               os_prio.o
    0x08006208   0x000008d8   Code   RO          609    .text               os_q.o
    0x08006ae0   0x00000830   Code   RO          621    .text               os_sem.o
    0x08007310   0x00000638   Code   RO          633    .text               os_stat.o
    0x08007948   0x00001bb4   Code   RO          645    .text               os_task.o
    0x080094fc   0x000004fc   Code   RO          657    .text               os_tick.o
    0x080099f8   0x00000564   Code   RO          669    .text               os_time.o
    0x08009f5c   0x00000818   Code   RO          681    .text               os_tmr.o
    0x0800a774   0x0000026c   Code   RO          707    .text               os_cpu_c.o
    0x0800a9e0   0x00000194   Code   RO          746    .text               start_task.o
    0x0800ab74   0x00000048   Code   RO          776    .text               led_task.o
    0x0800abbc   0x00000144   Code   RO          806    .text               float_task.o
    0x0800ad00   0x00000178   Code   RO          837    .text               protocol_task.o
    0x0800ae78   0x000000dc   Code   RO          871    .text               misc.o
    0x0800af54   0x0000035c   Code   RO          895    .text               stm32f10x_gpio.o
    0x0800b2b0   0x000003a4   Code   RO          919    .text               stm32f10x_rcc.o
    0x0800b654   0x00000408   Code   RO          945    .text               stm32f10x_usart.o
    0x0800ba5c   0x00000024   Code   RO          969    .text               startup_stm32f10x_md.o
    0x0800ba80   0x000001e0   Code   RO          976    .text               system_stm32f10x.o
    0x0800bc60   0x00000062   Code   RO         1006    .text               mc_w.l(uldiv.o)
    0x0800bcc2   0x000000b0   Code   RO         1269    .text               mf_w.l(fadd.o)
    0x0800bd72   0x00000002   PAD
    0x0800bd74   0x00000014   Code   RO         1271    .text               mf_w.l(cfcmple.o)
    0x0800bd88   0x00000014   Code   RO         1273    .text               mf_w.l(cfrcmple.o)
    0x0800bd9c   0x0000002c   Code   RO         1290    .text               mc_w.l(uidiv.o)
    0x0800bdc8   0x0000001e   Code   RO         1292    .text               mc_w.l(llshl.o)
    0x0800bde6   0x00000020   Code   RO         1294    .text               mc_w.l(llushr.o)
    0x0800be06   0x00000000   Code   RO         1296    .text               mc_w.l(iusefp.o)
    0x0800be06   0x0000006e   Code   RO         1297    .text               mf_w.l(fepilogue.o)
    0x0800be74   0x00000024   Code   RO         1309    .text               mc_w.l(init.o)
    0x0800be98   0x00000056   Code   RO         1323    .text               mc_w.l(__dczerorl2.o)
    0x0800beee   0x00000002   PAD
    0x0800bef0   0x00000098   Code   RO          725    CODE                os_cpu_a.o
    0x0800bf88   0x00000020   Code   RO         1053    i.__0printf$1       mc_w.l(printf1.o)
    0x0800bfa8   0x0000000e   Code   RO         1317    i.__scatterload_copy  mc_w.l(handlers.o)
    0x0800bfb6   0x00000002   Code   RO         1318    i.__scatterload_null  mc_w.l(handlers.o)
    0x0800bfb8   0x0000000e   Code   RO         1319    i.__scatterload_zeroinit  mc_w.l(handlers.o)
    0x0800bfc6   0x00000002   PAD
    0x0800bfc8   0x00000154   Code   RO         1060    i._printf_core      mc_w.l(printf1.o)
    0x0800c11c   0x00000104   Data   RO          363    .constdata          cpu_core.o
    0x0800c220   0x00000094   Data   RO          455    .constdata          lib_str.o
    0x0800c2b4   0x000000a4   Data   RO          476    .constdata          os_cfg_app.o
    0x0800c358   0x0000016c   Data   RO          510    .constdata          os_dbg.o
    0x0800c4c4   0x00000020   Data   RO         1315    Region$$Table       anon$$obj.o


    Execution Region RW_IRAM1 (Base: 0x20000000, Size: 0x00003818, Max: 0x00005000, ABSOLUTE, COMPRESSED[0x00000038])

    Base Addr    Size         Type   Attr      Idx    E Section Name        Object

    0x20000000   0x00000011   Data   RW            5    .data               main.o
    0x20000011   0x00000003   PAD
    0x20000014   0x0000000c   Data   RW          206    .data               hekr_protocol.o
    0x20000020   0x00000004   Data   RW          227    .data               delay.o
    0x20000024   0x00000003   Data   RW          282    .data               uart.o
    0x20000027   0x00000001   PAD
    0x20000028   0x00000004   Data   RW          364    .data               cpu_core.o
    0x2000002c   0x00000004   Data   RW          437    .data               lib_mem.o
    0x20000030   0x00000008   Data   RW          591    .data               os_prio.o
    0x20000038   0x000000c8   Data   RW          694    .data               os_var.o
    0x20000100   0x00000004   Data   RW          708    .data               os_cpu_c.o
    0x20000104   0x00000004   Data   RW          808    .data               float_task.o
    0x20000108   0x00000001   Data   RW          839    .data               protocol_task.o
    0x20000109   0x00000014   Data   RW          920    .data               stm32f10x_rcc.o
    0x2000011d   0x00000003   PAD
    0x20000120   0x00000014   Data   RW          977    .data               system_stm32f10x.o
    0x20000134   0x00000004   Data   RW         1289    .data               mc_w.l(stdout.o)
    0x20000138   0x000000d7   Zero   RW          205    .bss                hekr_protocol.o
    0x2000020f   0x00000014   Zero   RW          281    .bss                uart.o
    0x20000223   0x00000001   PAD
    0x20000224   0x00000110   Zero   RW          339    .bss                bsp_int.o
    0x20000334   0x00000010   Zero   RW          362    .bss                cpu_core.o
    0x20000344   0x00000448   Zero   RW          436    .bss                lib_mem.o
    0x2000078c   0x00001490   Zero   RW          475    .bss                os_cfg_app.o
    0x20001c1c   0x000006e0   Zero   RW          693    .bss                os_var.o
    0x200022fc   0x000008c4   Zero   RW          747    .bss                start_task.o
    0x20002bc0   0x000002c4   Zero   RW          777    .bss                led_task.o
    0x20002e84   0x00000004   PAD
    0x20002e88   0x000002c8   Zero   RW          807    .bss                float_task.o
    0x20003150   0x000002c4   Zero   RW          838    .bss                protocol_task.o
    0x20003414   0x00000004   PAD
    0x20003418   0x00000400   Zero   RW          966    STACK               startup_stm32f10x_md.o


==============================================================================

Image component sizes


      Code (inc. data)   RO Data    RW Data    ZI Data      Debug   Object Name

       132         12          0          0          0       1147   bsp.o
       852          8          0          0        272      10806   bsp_int.o
        52          0          0          0          0        352   cpu_a.o
      1916        102          0          0          0       3465   cpu_c.o
       680         14        260          4         16      14323   cpu_core.o
       332         28          0          4          0       1781   delay.o
       324         68          0          4        712       1339   float_task.o
      1144         38          0         12        215       7513   hekr_protocol.o
        44          4          0          0          0        471   led.o
        72         10          0          0        708       1164   led_task.o
       598          0          0          0          0       3704   lib_ascii.o
      2502         32          0          4       1096      21788   lib_mem.o
       544          0          0          0          0        500   lib_mem_a.o
      2348          6        148          0          0      13094   lib_str.o
       288         42          0         17          0     274415   main.o
       220         22          0          0          0       1965   misc.o
       252        166        164          0       5264      20946   os_cfg_app.o
      3588        294          0          0          0      12049   os_core.o
       152         32          0          0          0        408   os_cpu_a.o
       620         66          0          4          0       3797   os_cpu_c.o
       432        286        364          0          0       4785   os_dbg.o
      3624        110          0          0          0       7715   os_flag.o
      1092        146          0          0          0       2292   os_int.o
       568         20          0          0          0       2688   os_mem.o
       556         12          0          0          0       2747   os_msg.o
      2772        114          0          0          0       5406   os_mutex.o
       124          4          0          8          0       1780   os_prio.o
      2264         76          0          0          0       6088   os_q.o
      2096         70          0          0          0       6104   os_sem.o
      1592        180          0          0          0       2789   os_stat.o
      7092        270          0          0          0      13466   os_task.o
      1276         90          0          0          0       3249   os_tick.o
      1380         46          0          0          0       3185   os_time.o
      2072        140          0          0          0       6286   os_tmr.o
         0          0          0        200       1760      19381   os_var.o
       376        128          0          1        708       1396   protocol_task.o
       404         92          0          0       2244       1287   start_task.o
        36          8        236          0       1024        832   startup_stm32f10x_md.o
       860         38          0          0          0       5813   stm32f10x_gpio.o
       932         36          0         20          0       8976   stm32f10x_rcc.o
      1032         22          0          0          0       8532   stm32f10x_usart.o
       480         38          0         20          0       1943   system_stm32f10x.o
       396         30          0          3         20       2190   uart.o

    ----------------------------------------------------------------------
     48120       2900       1204        308      14048     513957   Object Totals
         0          0         32          0          0          0   (incl. Generated)
         4          0          0          7          9          0   (incl. Padding)

    ----------------------------------------------------------------------

      Code (inc. data)   RO Data    RW Data    ZI Data      Debug   Library Member Name

        86          0          0          0          0          0   __dczerorl2.o
         0          0          0          0          0          0   entry.o
         0          0          0          0          0          0   entry10a.o
         0          0          0          0          0          0   entry11a.o
         8          4          0          0          0          0   entry2.o
         4          0          0          0          0          0   entry5.o
         0          0          0          0          0          0   entry7b.o
         0          0          0          0          0          0   entry8b.o
         8          4          0          0          0          0   entry9a.o
        30          0          0          0          0          0   handlers.o
        36          8          0          0          0         68   init.o
         0          0          0          0          0          0   iusefp.o
        30          0          0          0          0         68   llshl.o
        32          0          0          0          0         68   llushr.o
       372         14          0          0          0        184   printf1.o
         0          0          0          4          0          0   stdout.o
        44          0          0          0          0         80   uidiv.o
        98          0          0          0          0         92   uldiv.o
        20          0          0          0          0         68   cfcmple.o
        20          0          0          0          0         68   cfrcmple.o
       176          0          0          0          0        140   fadd.o
       110          0          0          0          0        168   fepilogue.o

    ----------------------------------------------------------------------
      1080         30          0          4          0       1004   Library Totals
         6          0          0          0          0          0   (incl. Padding)

    ----------------------------------------------------------------------

      Code (inc. data)   RO Data    RW Data    ZI Data      Debug   Library Name

       748         30          0          4          0        560   mc_w.l
       326          0          0          0          0        444   mf_w.l

    ----------------------------------------------------------------------
      1080         30          0          4          0       1004   Library Totals

    ----------------------------------------------------------------------

==============================================================================


      Code (inc. data)   RO Data    RW Data    ZI Data      Debug   

     49200       2930       1204        312      14048     511189   Grand Totals
     49200       2930       1204         56      14048     511189   ELF Image Totals (compressed)
     49200       2930       1204         56          0          0   ROM Totals

==============================================================================

    Total RO  Size (Code + RO Data)                50404 (  49.22kB)
    Total RW  Size (RW Data + ZI Data)             14360 (  14.02kB)
    Total ROM Size (Code + RO Data + RW Data)      50460 (  49.28kB)

==============================================================================

