Component: ARM Compiler 5.05 update 1 (build 106) Tool: armlink [4d0efa]

==============================================================================

Section Cross References

    main.o(.text) refers to misc.o(.text) for NVIC_PriorityGroupConfig
    main.o(.text) refers to uart.o(.text) for Uart3_init
    main.o(.text) refers to delay.o(.text) for delay_init
    main.o(.text) refers to led.o(.text) for LED_init
    main.o(.text) refers to hekr_protocol.o(.text) for HekrInit
    main.o(.text) refers to os_core.o(.text) for OSInit
    main.o(.text) refers to cpu_a.o(.text) for CPU_SR_Save
    main.o(.text) refers to os_task.o(.text) for OSTaskCreate
    main.o(.text) refers to os_var.o(.data) for OSSchedLockNestingCtr
    main.o(.text) refers to start_task.o(.bss) for START_TASK_STK
    main.o(.text) refers to start_task.o(.text) for start_task
    led.o(.text) refers to stm32f10x_rcc.o(.text) for RCC_APB2PeriphClockCmd
    led.o(.text) refers to stm32f10x_gpio.o(.text) for GPIO_Init
    hekr_protocol.o(.text) refers to hekr_protocol.o(.data) for hekr_send_btye
    hekr_protocol.o(.text) refers to hekr_protocol.o(.bss) for hekr_send_buffer
    hekr_protocol.o(.data) refers to hekr_protocol.o(.bss) for module_status
    delay.o(.text) refers to os_core.o(.text) for OSSchedLock
    delay.o(.text) refers to os_time.o(.text) for OSTimeDly
    delay.o(.text) refers to misc.o(.text) for SysTick_CLKSourceConfig
    delay.o(.text) refers to os_var.o(.data) for OSRunning
    delay.o(.text) refers to system_stm32f10x.o(.data) for SystemCoreClock
    delay.o(.text) refers to delay.o(.data) for fac_us
    delay.o(.text) refers to os_cfg_app.o(.constdata) for OSCfg_TickRate_Hz
    uart.o(.text) refers to stm32f10x_usart.o(.text) for USART_GetITStatus
    uart.o(.text) refers to stm32f10x_rcc.o(.text) for RCC_APB1PeriphClockCmd
    uart.o(.text) refers to stm32f10x_gpio.o(.text) for GPIO_Init
    uart.o(.text) refers to misc.o(.text) for NVIC_Init
    uart.o(.text) refers to bsp_int.o(.text) for BSP_IntVectSet
    uart.o(.text) refers to os_core.o(.text) for OSIntEnter
    uart.o(.text) refers to uart.o(.data) for temp_flag
    uart.o(.text) refers to uart.o(.bss) for Uart3_Recv_Buffer
    uart.o(.text) refers to os_var.o(.data) for OSRunning
    bsp.o(.text) refers to stm32f10x_rcc.o(.text) for RCC_GetClocksFreq
    bsp.o(.text) refers to cpu_core.o(.text) for CPU_TS_TmrFreqSet
    bsp.o(.text) refers to uldiv.o(.text) for __aeabi_uldivmod
    bsp_int.o(.text) refers to cpu_c.o(.text) for CPU_IntSrcDis
    bsp_int.o(.text) refers to cpu_a.o(.text) for CPU_IntDis
    bsp_int.o(.text) refers to os_core.o(.text) for OSIntEnter
    bsp_int.o(.text) refers to bsp_int.o(.bss) for BSP_IntVectTbl
    cpu_core.o(.text) refers to cpu_a.o(.text) for CPU_SR_Save
    cpu_core.o(.text) refers to lib_mem.o(.text) for Mem_Clr
    cpu_core.o(.text) refers to bsp.o(.text) for CPU_TS_TmrInit
    cpu_core.o(.text) refers to lib_str.o(.text) for Str_Copy_N
    cpu_core.o(.text) refers to cpu_core.o(.bss) for CPU_Name
    cpu_core.o(.text) refers to cpu_core.o(.data) for CPU_TS_TmrFreq_Hz
    cpu_core.o(.text) refers to cpu_core.o(.constdata) for CPU_CntLeadZerosTbl
    cpu_c.o(.text) refers to cpu_a.o(.text) for CPU_SR_Save
    lib_math.o(.text) refers to cpu_a.o(.text) for CPU_SR_Save
    lib_math.o(.text) refers to lib_math.o(.data) for Math_RandSeedCur
    lib_mem.o(.text) refers to lib_mem_a.o(.text) for Mem_Copy
    lib_mem.o(.text) refers to cpu_a.o(.text) for CPU_SR_Save
    lib_mem.o(.text) refers to lib_mem.o(.bss) for Mem_PoolHeap
    lib_mem.o(.text) refers to lib_mem.o(.data) for Mem_PoolTbl
    lib_str.o(.text) refers to lib_ascii.o(.text) for ASCII_ToLower
    lib_str.o(.text) refers to lib_str.o(.constdata) for Str_MultOvfThTbl_Int32U
    os_cfg_app.o(.text) refers to os_cfg_app.o(.constdata) for OSCfg_DataSizeRAM
    os_cfg_app.o(.constdata) refers to os_cfg_app.o(.bss) for OSCfg_IdleTaskStk
    os_core.o(.text) refers to cpu_a.o(.text) for CPU_SR_Save
    os_core.o(.text) refers to os_cpu_c.o(.text) for OSIdleTaskHook
    os_core.o(.text) refers to os_task.o(.text) for OSTaskCreate
    os_core.o(.text) refers to os_prio.o(.text) for OS_PrioInit
    os_core.o(.text) refers to os_flag.o(.text) for OS_FlagInit
    os_core.o(.text) refers to os_mem.o(.text) for OS_MemInit
    os_core.o(.text) refers to os_msg.o(.text) for OS_MsgPoolInit
    os_core.o(.text) refers to os_mutex.o(.text) for OS_MutexInit
    os_core.o(.text) refers to os_q.o(.text) for OS_QInit
    os_core.o(.text) refers to os_sem.o(.text) for OS_SemInit
    os_core.o(.text) refers to os_int.o(.text) for OS_IntQTaskInit
    os_core.o(.text) refers to os_tick.o(.text) for OS_TickTaskInit
    os_core.o(.text) refers to os_stat.o(.text) for OS_StatTaskInit
    os_core.o(.text) refers to os_tmr.o(.text) for OS_TmrInit
    os_core.o(.text) refers to os_dbg.o(.text) for OS_Dbg_Init
    os_core.o(.text) refers to os_cfg_app.o(.text) for OSCfg_Init
[...]
    _printf_d                                0x00000000   Number         0  stubs.o ABSOLUTE
    _printf_e                                0x00000000   Number         0  stubs.o ABSOLUTE
    _printf_f                                0x00000000   Number         0  stubs.o ABSOLUTE
    _printf_flags                            0x00000000   Number         0  stubs.o ABSOLUTE
    _printf_fp_dec                           0x00000000   Number         0  stubs.o ABSOLUTE
    _printf_fp_hex                           0x00000000   Number         0  stubs.o ABSOLUTE
    _printf_g                                0x00000000   Number         0  stubs.o ABSOLUTE
    _printf_i                                0x00000000   Number         0  stubs.o ABSOLUTE
    _printf_int_dec                          0x00000000   Number         0  stubs.o ABSOLUTE
    _printf_l                                0x00000000   Number         0  stubs.o ABSOLUTE
    _printf_lc                               0x00000000   Number         0  stubs.o ABSOLUTE
    _printf_ll                               0x00000000   Number         0  stubs.o ABSOLUTE
    _printf_lld                              0x00000000   Number         0  stubs.o ABSOLUTE
    _printf_lli                              0x00000000   Number         0  stubs.o ABSOLUTE
    _printf_llo                              0x00000000   Number         0  stubs.o ABSOLUTE
    _printf_llu                              0x00000000   Number         0  stubs.o ABSOLUTE
    _printf_llx                              0x00000000   Number         0  stubs.o ABSOLUTE
    _printf_longlong_dec                     0x00000000   Number         0  stubs.o ABSOLUTE
    _printf_longlong_hex                     0x00000000   Number         0  stubs.o ABSOLUTE
    _printf_longlong_oct                     0x00000000   Number         0  stubs.o ABSOLUTE
    _printf_ls                               0x00000000   Number         0  stubs.o ABSOLUTE
    _printf_mbtowc                           0x00000000   Number         0  stubs.o ABSOLUTE
    _printf_n                                0x00000000   Number         0  stubs.o ABSOLUTE
    _printf_o                                0x00000000   Number         0  stubs.o ABSOLUTE
    _printf_p                                0x00000000   Number         0  stubs.o ABSOLUTE
    _printf_percent                          0x00000000   Number         0  stubs.o ABSOLUTE
    _printf_pre_padding                      0x00000000   Number         0  stubs.o ABSOLUTE
    _printf_return_value                     0x00000000   Number         0  stubs.o ABSOLUTE
    _printf_s                                0x00000000   Number         0  stubs.o ABSOLUTE
    _printf_sizespec                         0x00000000   Number         0  stubs.o ABSOLUTE
    _printf_str                              0x00000000   Number         0  stubs.o ABSOLUTE
    _printf_truncate_signed                  0x00000000   Number         0  stubs.o ABSOLUTE
    _printf_truncate_unsigned                0x00000000   Number         0  stubs.o ABSOLUTE
    _printf_u                                0x00000000   Number         0  stubs.o ABSOLUTE
    _printf_wc                               0x00000000   Number         0  stubs.o ABSOLUTE
    _printf_wctomb                           0x00000000   Number         0  stubs.o ABSOLUTE
    _printf_widthprec                        0x00000000   Number         0  stubs.o ABSOLUTE
    _printf_x                                0x00000000   Number         0  stubs.o ABSOLUTE
    __cpp_initialize__aeabi_                  - Undefined Weak Reference
    __cxa_finalize                            - Undefined Weak Reference
    __decompress                              - Undefined Weak Reference
    _clock_init                               - Undefined Weak Reference
    _microlib_exit                            - Undefined Weak Reference
    __Vectors_Size                           0x000000ec   Number         0  startup_stm32f10x_md.o ABSOLUTE
    __Vectors                                0x08000000   Data           4  startup_stm32f10x_md.o(RESET)
    __Vectors_End                            0x080000ec   Data           0  startup_stm32f10x_md.o(RESET)
    __main                                   0x080000ed   Thumb Code     0  entry.o(.ARM.Collect$$$$00000000)
    _main_stk                                0x080000ed   Thumb Code     0  entry2.o(.ARM.Collect$$$$00000001)
    _main_scatterload                        0x080000f1   Thumb Code     0  entry5.o(.ARM.Collect$$$$00000004)
    __main_after_scatterload                 0x080000f5   Thumb Code     0  entry5.o(.ARM.Collect$$$$00000004)
    _main_clock                              0x080000f5   Thumb Code     0  entry7b.o(.ARM.Collect$$$$00000008)
    _main_cpp_init                           0x080000f5   Thumb Code     0  entry8b.o(.ARM.Collect$$$$0000000A)
    _main_init                               0x080000f5   Thumb Code     0  entry9a.o(.ARM.Collect$$$$0000000B)
    __rt_final_cpp                           0x080000fd   Thumb Code     0  entry10a.o(.ARM.Collect$$$$0000000D)
    __rt_final_exit                          0x080000fd   Thumb Code     0  entry11a.o(.ARM.Collect$$$$0000000F)
    BSP_init                                 0x08000101   Thumb Code    30  main.o(.text)
    main                                     0x0800011f   Thumb Code   204  main.o(.text)
    LED_init                                 0x08000211   Thumb Code    40  led.o(.text)
    HekrInit                                 0x0800023d   Thumb Code     6  hekr_protocol.o(.text)
    HekrRecvDataHandle                       0x0800032b   Thumb Code   100  hekr_protocol.o(.text)
    HekrValidDataUpload                      0x0800038f   Thumb Code    64  hekr_protocol.o(.text)
    HekrModuleControl                        0x080003cf   Thumb Code    52  hekr_protocol.o(.text)
    delay_osschedlock                        0x08000419   Thumb Code    10  delay.o(.text)
    delay_osschedunlock                      0x08000423   Thumb Code    10  delay.o(.text)
    delay_ostimedly                          0x0800042d   Thumb Code    16  delay.o(.text)
    SysTick_Handler                          0x0800043d   Thumb Code    24  delay.o(.text)
    delay_init                               0x08000455   Thumb Code    92  delay.o(.text)
    delay_us                                 0x080004b1   Thumb Code    86  delay.o(.text)
    delay_ms                                 0x08000507   Thumb Code    66  delay.o(.text)
    Recv_Protocol                            0x08000565   Thumb Code   118  uart.o(.text)
    Uart3_init                               0x080005db   Thumb Code   184  uart.o(.text)
    USART3_IRQHandler                        0x08000693   Thumb Code    26  uart.o(.text)
    UART3_SendChar                           0x080006ad   Thumb Code    22  uart.o(.text)
    fputc                                    0x080006c3   Thumb Code    16  uart.o(.text)
    BSP_CPU_ClkFreq                          0x080006f1   Thumb Code    16  bsp.o(.text)
    CPU_TS_TmrInit                           0x08000701   Thumb Code    44  bsp.o(.text)
    CPU_TS_TmrRd                             0x0800072d   Thumb Code     6  bsp.o(.text)
    CPU_TS32_to_uSec                         0x08000733   Thumb Code    54  bsp.o(.text)
    BSP_IntClr                               0x08000775   Thumb Code     2  bsp_int.o(.text)
    BSP_IntDis                               0x08000777   Thumb Code    20  bsp_int.o(.text)
    BSP_IntDisAll                            0x0800078b   Thumb Code     8  bsp_int.o(.text)
    BSP_IntEn                                0x08000793   Thumb Code    20  bsp_int.o(.text)
    BSP_IntVectSet                           0x080007a7   Thumb Code    48  bsp_int.o(.text)
    BSP_IntPrioSet                           0x080007d7   Thumb Code    54  bsp_int.o(.text)
    BSP_IntInit                              0x0800080f   Thumb Code    22  bsp_int.o(.text)
    BSP_IntHandlerWWDG                       0x0800085f   Thumb Code    10  bsp_int.o(.text)
    BSP_IntHandlerPVD                        0x08000869   Thumb Code    10  bsp_int.o(.text)
    BSP_IntHandlerTAMPER                     0x08000873   Thumb Code    10  bsp_int.o(.text)
    BSP_IntHandlerRTC                        0x0800087d   Thumb Code    10  bsp_int.o(.text)
    BSP_IntHandlerFLASH                      0x08000887   Thumb Code    10  bsp_int.o(.text)
    BSP_IntHandlerRCC                        0x08000891   Thumb Code    10  bsp_int.o(.text)
    BSP_IntHandlerEXTI0                      0x0800089b   Thumb Code    10  bsp_int.o(.text)
    BSP_IntHandlerEXTI1                      0x080008a5   Thumb Code    10  bsp_int.o(.text)
    BSP_IntHandlerEXTI2                      0x080008af   Thumb Code    10  bsp_int.o(.text)
    BSP_IntHandlerEXTI3                      0x080008b9   Thumb Code    10  bsp_int.o(.text)
    BSP_IntHandlerEXTI4                      0x080008c3   Thumb Code    10  bsp_int.o(.text)
    BSP_IntHandlerDMA1_CH1                   0x080008cd   Thumb Code    10  bsp_int.o(.text)
    BSP_IntHandlerDMA1_CH2                   0x080008d7   Thumb Code    10  bsp_int.o(.text)
    BSP_IntHandlerDMA1_CH3                   0x080008e1   Thumb Code    10  bsp_int.o(.text)
    BSP_IntHandlerDMA1_CH4                   0x080008eb   Thumb Code    10  bsp_int.o(.text)
    BSP_IntHandlerDMA1_CH5                   0x080008f5   Thumb Code    10  bsp_int.o(.text)
    BSP_IntHandlerDMA1_CH6                   0x080008ff   Thumb Code    10  bsp_int.o(.text)
    BSP_IntHandlerDMA1_CH7                   0x08000909   Thumb Code    10  bsp_int.o(.text)
    BSP_IntHandlerADC1_2                     0x08000913   Thumb Code    10  bsp_int.o(.text)
    BSP_IntHandlerCAN1_TX                    0x0800091d   Thumb Code    10  bsp_int.o(.text)
    BSP_IntHandlerCAN1_RX0                   0x08000927   Thumb Code    10  bsp_int.o(.text)
    BSP_IntHandlerCAN1_RX1                   0x08000931   Thumb Code    10  bsp_int.o(.text)
    BSP_IntHandlerCAN1_SCE                   0x0800093b   Thumb Code    10  bsp_int.o(.text)
    BSP_IntHandlerEXTI9_5                    0x08000945   Thumb Code    10  bsp_int.o(.text)
    BSP_IntHandlerTIM1_BRK                   0x0800094f   Thumb Code    10  bsp_int.o(.text)
    BSP_IntHandlerTIM1_UP                    0x08000959   Thumb Code    10  bsp_int.o(.text)
    BSP_IntHandlerTIM1_TRG_COM               0x08000963   Thumb Code    10  bsp_int.o(.text)
    BSP_IntHandlerTIM1_CC                    0x0800096d   Thumb Code    10  bsp_int.o(.text)
    BSP_IntHandlerTIM2                       0x08000977   Thumb Code    10  bsp_int.o(.text)
    BSP_IntHandlerTIM3                       0x08000981   Thumb Code    10  bsp_int.o(.text)
    BSP_IntHandlerTIM4                       0x0800098b   Thumb Code    10  bsp_int.o(.text)
    BSP_IntHandlerI2C1_EV                    0x08000995   Thumb Code    10  bsp_int.o(.text)
    BSP_IntHandlerI2C1_ER                    0x0800099f   Thumb Code    10  bsp_int.o(.text)
    BSP_IntHandlerI2C2_EV                    0x080009a9   Thumb Code    10  bsp_int.o(.text)
    BSP_IntHandlerI2C2_ER                    0x080009b3   Thumb Code    10  bsp_int.o(.text)
    BSP_IntHandlerSPI1                       0x080009bd   Thumb Code    10  bsp_int.o(.text)
    BSP_IntHandlerSPI2                       0x080009c7   Thumb Code    10  bsp_int.o(.text)
    BSP_IntHandlerUSART1                     0x080009d1   Thumb Code    10  bsp_int.o(.text)
    BSP_IntHandlerUSART2                     0x080009db   Thumb Code    10  bsp_int.o(.text)
    BSP_IntHandlerUSART3                     0x080009e5   Thumb Code    10  bsp_int.o(.text)
    BSP_IntHandlerEXTI15_10                  0x080009ef   Thumb Code    10  bsp_int.o(.text)
    BSP_IntHandlerRTCAlarm                   0x080009f9   Thumb Code    10  bsp_int.o(.text)
    BSP_IntHandlerUSBWakeUp                  0x08000a03   Thumb Code    10  bsp_int.o(.text)
    BSP_IntHandlerTIM5                       0x08000a0d   Thumb Code    10  bsp_int.o(.text)
    BSP_IntHandlerSPI3                       0x08000a17   Thumb Code    10  bsp_int.o(.text)
    BSP_IntHandlerUSART4                     0x08000a21   Thumb Code    10  bsp_int.o(.text)
    BSP_IntHandlerUSART5                     0x08000a2b   Thumb Code    10  bsp_int.o(.text)
    BSP_IntHandlerTIM6                       0x08000a35   Thumb Code    10  bsp_int.o(.text)
    BSP_IntHandlerTIM7                       0x08000a3f   Thumb Code    10  bsp_int.o(.text)
    BSP_IntHandlerDMA2_CH1                   0x08000a49   Thumb Code    10  bsp_int.o(.text)
    BSP_IntHandlerDMA2_CH2                   0x08000a53   Thumb Code    10  bsp_int.o(.text)
    BSP_IntHandlerDMA2_CH3                   0x08000a5d   Thumb Code    10  bsp_int.o(.text)
    BSP_IntHandlerDMA2_CH4                   0x08000a67   Thumb Code    10  bsp_int.o(.text)
    BSP_IntHandlerDMA2_CH5                   0x08000a71   Thumb Code    10  bsp_int.o(.text)
    BSP_IntHandlerETH                        0x08000a7b   Thumb Code    10  bsp_int.o(.text)
    BSP_IntHandlerETHWakeup                  0x08000a85   Thumb Code    10  bsp_int.o(.text)
    BSP_IntHandlerCAN2_TX                    0x08000a8f   Thumb Code    10  bsp_int.o(.text)
    BSP_IntHandlerCAN2_RX0                   0x08000a99   Thumb Code    10  bsp_int.o(.text)
    BSP_IntHandlerCAN2_RX1                   0x08000aa3   Thumb Code    10  bsp_int.o(.text)
    BSP_IntHandlerCAN2_SCE                   0x08000aad   Thumb Code    10  bsp_int.o(.text)
    BSP_IntHandlerOTG                        0x08000ab7   Thumb Code    10  bsp_int.o(.text)
    CPU_NameClr                              0x08000ac9   Thumb Code    42  cpu_core.o(.text)
    CPU_Init                                 0x08000b09   Thumb Code    12  cpu_core.o(.text)
    CPU_SW_Exception                         0x08000b15   Thumb Code     4  cpu_core.o(.text)
    CPU_NameGet                              0x08000b19   Thumb Code    70  cpu_core.o(.text)
    CPU_NameSet                              0x08000b5f   Thumb Code    96  cpu_core.o(.text)
    CPU_TS_Get32                             0x08000bbf   Thumb Code    12  cpu_core.o(.text)
    CPU_TS_Update                            0x08000bcb   Thumb Code     2  cpu_core.o(.text)
    CPU_TS_TmrFreqGet                        0x08000bcd   Thumb Code    30  cpu_core.o(.text)
    CPU_TS_TmrFreqSet                        0x08000beb   Thumb Code     6  cpu_core.o(.text)
    CPU_CntLeadZeros08                       0x08000bf1   Thumb Code    18  cpu_core.o(.text)
    CPU_CntLeadZeros16                       0x08000c03   Thumb Code    18  cpu_core.o(.text)
    CPU_CntLeadZeros32                       0x08000c15   Thumb Code    18  cpu_core.o(.text)
    CPU_CntLeadZeros64                       0x08000c27   Thumb Code   188  cpu_core.o(.text)
    CPU_CntTrailZeros08                      0x08000ce3   Thumb Code    22  cpu_core.o(.text)
    CPU_CntTrailZeros16                      0x08000cf9   Thumb Code    22  cpu_core.o(.text)
    CPU_CntTrailZeros32                      0x08000d0f   Thumb Code    22  cpu_core.o(.text)
    CPU_CntTrailZeros64                      0x08000d25   Thumb Code    62  cpu_core.o(.text)
    CPU_IntDis                               0x08000d71   Thumb Code     0  cpu_a.o(.text)
    CPU_IntEn                                0x08000d75   Thumb Code     0  cpu_a.o(.text)
    CPU_SR_Save                              0x08000d79   Thumb Code     0  cpu_a.o(.text)
    CPU_SR_Restore                           0x08000d81   Thumb Code     0  cpu_a.o(.text)
    CPU_WaitForInt                           0x08000d87   Thumb Code     0  cpu_a.o(.text)
    CPU_WaitForExcept                        0x08000d8b   Thumb Code     0  cpu_a.o(.text)
    CPU_CntLeadZeros                         0x08000d8f   Thumb Code     0  cpu_a.o(.text)
    CPU_CntTrailZeros                        0x08000d95   Thumb Code     0  cpu_a.o(.text)
    CPU_RevBits                              0x08000d9f   Thumb Code     0  cpu_a.o(.text)
    CPU_BitBandClr                           0x08000da5   Thumb Code    58  cpu_c.o(.text)
    CPU_BitBandSet                           0x08000ddf   Thumb Code    58  cpu_c.o(.text)
    CPU_IntSrcDis                            0x08000e19   Thumb Code   328  cpu_c.o(.text)
    CPU_IntSrcEn                             0x08000f61   Thumb Code   328  cpu_c.o(.text)
    CPU_IntSrcPendClr                        0x080010a9   Thumb Code   164  cpu_c.o(.text)
    CPU_IntSrcPrioSet                        0x0800114d   Thumb Code   522  cpu_c.o(.text)
    CPU_IntSrcPrioGet                        0x08001357   Thumb Code   450  cpu_c.o(.text)
    ASCII_IsAlpha                            0x08001521   Thumb Code    48  lib_ascii.o(.text)
    ASCII_IsAlphaNum                         0x08001551   Thumb Code    76  lib_ascii.o(.text)
    ASCII_IsLower                            0x0800159d   Thumb Code    20  lib_ascii.o(.text)
    ASCII_IsUpper                            0x080015b1   Thumb Code    20  lib_ascii.o(.text)
    ASCII_IsDig                              0x080015c5   Thumb Code    20  lib_ascii.o(.text)
    ASCII_IsDigOct                           0x080015d9   Thumb Code    20  lib_ascii.o(.text)
    ASCII_IsDigHex                           0x080015ed   Thumb Code    36  lib_ascii.o(.text)
    ASCII_IsBlank                            0x08001611   Thumb Code    20  lib_ascii.o(.text)
    ASCII_IsSpace                            0x08001625   Thumb Code    36  lib_ascii.o(.text)
    ASCII_IsPrint                            0x08001649   Thumb Code    20  lib_ascii.o(.text)
    ASCII_IsGraph                            0x0800165d   Thumb Code    20  lib_ascii.o(.text)
    ASCII_IsPunct                            0x08001671   Thumb Code   134  lib_ascii.o(.text)
    ASCII_IsCtrl                             0x080016f7   Thumb Code    26  lib_ascii.o(.text)
    ASCII_ToLower                            0x08001711   Thumb Code    32  lib_ascii.o(.text)
    ASCII_ToUpper                            0x08001731   Thumb Code    32  lib_ascii.o(.text)
    ASCII_Cmp                                0x08001751   Thumb Code    38  lib_ascii.o(.text)
    Mem_Init                                 0x08001779   Thumb Code    54  lib_mem.o(.text)
    Mem_Set                                  0x080017af   Thumb Code    84  lib_mem.o(.text)
    Mem_Clr                                  0x08001803   Thumb Code    18  lib_mem.o(.text)
    Mem_Move                                 0x08001815   Thumb Code   186  lib_mem.o(.text)
    Mem_Cmp                                  0x080018cf   Thumb Code   192  lib_mem.o(.text)
    Mem_HeapAlloc                            0x08001a07   Thumb Code   168  lib_mem.o(.text)
    Mem_SegGetSizeRem                        0x08001aaf   Thumb Code   108  lib_mem.o(.text)
    Mem_HeapGetSizeRem                       0x08001b1b   Thumb Code    22  lib_mem.o(.text)
    Mem_PoolClr                              0x08001b31   Thumb Code    80  lib_mem.o(.text)
    Mem_PoolCreate                           0x08001b81   Thumb Code   838  lib_mem.o(.text)
    Mem_PoolBlkGetNbrAvail                   0x08001ec7   Thumb Code    52  lib_mem.o(.text)
    Mem_PoolBlkGet                           0x08001efb   Thumb Code   126  lib_mem.o(.text)
    Mem_PoolBlkGetUsedAtIx                   0x08001f79   Thumb Code   140  lib_mem.o(.text)
    Mem_PoolBlkFree                          0x08002005   Thumb Code   152  lib_mem.o(.text)
    Mem_PoolBlkIxGet                         0x0800209d   Thumb Code   162  lib_mem.o(.text)
    Str_Len_N                                0x08002141   Thumb Code    28  lib_str.o(.text)
    Str_Len                                  0x0800215d   Thumb Code    20  lib_str.o(.text)
    Str_Copy_N                               0x08002171   Thumb Code    70  lib_str.o(.text)
    Str_Copy                                 0x080021b7   Thumb Code    24  lib_str.o(.text)
    Str_Cat_N                                0x080021cf   Thumb Code    90  lib_str.o(.text)
    Str_Cat                                  0x08002229   Thumb Code    24  lib_str.o(.text)
    Str_Cmp_N                                0x08002241   Thumb Code   156  lib_str.o(.text)
    Str_Cmp                                  0x080022dd   Thumb Code    24  lib_str.o(.text)
    Str_CmpIgnoreCase_N                      0x080022f5   Thumb Code   264  lib_str.o(.text)
    Str_CmpIgnoreCase                        0x080023fd   Thumb Code    24  lib_str.o(.text)
    Str_Char_N                               0x08002415   Thumb Code    74  lib_str.o(.text)
    Str_Char                                 0x0800245f   Thumb Code    24  lib_str.o(.text)
    Str_Char_Last_N                          0x08002477   Thumb Code    76  lib_str.o(.text)
    Str_Char_Last                            0x080024c3   Thumb Code    24  lib_str.o(.text)
    Str_Char_Replace_N                       0x080024db   Thumb Code    52  lib_str.o(.text)
    Str_Char_Replace                         0x0800250f   Thumb Code    28  lib_str.o(.text)
    Str_Str_N                                0x0800252b   Thumb Code   182  lib_str.o(.text)
    Str_Str                                  0x080025e1   Thumb Code    24  lib_str.o(.text)
    Str_FmtNbr_Int32U                        0x080027d5   Thumb Code    46  lib_str.o(.text)
    Str_FmtNbr_Int32S                        0x08002803   Thumb Code    62  lib_str.o(.text)
    Str_ParseNbr_Int32U                      0x080029ff   Thumb Code    30  lib_str.o(.text)
    Str_ParseNbr_Int32S                      0x08002a1d   Thumb Code    74  lib_str.o(.text)
    Mem_Copy                                 0x08002a6d   Thumb Code     0  lib_mem_a.o(.text)
    OSCfg_Init                               0x08002c8d   Thumb Code    86  os_cfg_app.o(.text)
    OS_IdleTask                              0x08002d89   Thumb Code    60  os_core.o(.text)
    OS_IdleTaskInit                          0x08002dc5   Thumb Code    68  os_core.o(.text)
    OS_RdyListInit                           0x08002e09   Thumb Code    32  os_core.o(.text)
    OSInit                                   0x08002e29   Thumb Code   300  os_core.o(.text)
    OSIntEnter                               0x08002f55   Thumb Code    34  os_core.o(.text)
    OSIntExit                                0x08002f77   Thumb Code   192  os_core.o(.text)
    OSSched                                  0x08003037   Thumb Code   134  os_core.o(.text)
    OS_SchedLockTimeMeasStart                0x080030bd   Thumb Code    20  os_core.o(.text)
    OSSchedLock                              0x080030d1   Thumb Code   104  os_core.o(.text)
    OS_SchedLockTimeMeasStop                 0x08003139   Thumb Code    44  os_core.o(.text)
    OSSchedUnlock                            0x08003165   Thumb Code   290  os_core.o(.text)
    OSSchedRoundRobinCfg                     0x08003287   Thumb Code    88  os_core.o(.text)
    OS_RdyListMoveHeadToTail                 0x080032df   Thumb Code    68  os_core.o(.text)
    OSSchedRoundRobinYield                   0x08003323   Thumb Code   164  os_core.o(.text)
    OSStart                                  0x080033c7   Thumb Code    78  os_core.o(.text)
    OSVersion                                0x08003415   Thumb Code    12  os_core.o(.text)
    OS_PendDbgNameAdd                        0x08003421   Thumb Code    66  os_core.o(.text)
    OS_PendListInsertPrio                    0x08003463   Thumb Code   102  os_core.o(.text)
    OS_PendDataInit                          0x080034c9   Thumb Code    38  os_core.o(.text)
    OS_RdyListRemove                         0x080034ef   Thumb Code    86  os_core.o(.text)
    OS_TaskBlock                             0x08003545   Thumb Code    56  os_core.o(.text)
    OS_Pend                                  0x0800357d   Thumb Code    98  os_core.o(.text)
    OS_PendListRemove1                       0x080035df   Thumb Code   134  os_core.o(.text)
    OS_PendListRemove                        0x08003665   Thumb Code    48  os_core.o(.text)
    OS_PendAbort1                            0x08003695   Thumb Code    36  os_core.o(.text)
    OS_RdyListInsertHead                     0x080036b9   Thumb Code    58  os_core.o(.text)
    OS_RdyListInsertTail                     0x080036f3   Thumb Code    56  os_core.o(.text)
    OS_RdyListInsert                         0x0800372b   Thumb Code    40  os_core.o(.text)
    OS_TaskRdy                               0x08003753   Thumb Code    28  os_core.o(.text)
    OS_PendAbort                             0x0800376f   Thumb Code   166  os_core.o(.text)
    OS_PendDbgNameRemove                     0x08003815   Thumb Code    34  os_core.o(.text)
    OS_PendListChangePrio                    0x08003837   Thumb Code    70  os_core.o(.text)
    OS_PendListInit                          0x0800387d   Thumb Code    10  os_core.o(.text)
    OS_PendListInsertHead                    0x08003887   Thumb Code    32  os_core.o(.text)
    OS_PendObjDel1                           0x080038a7   Thumb Code    36  os_core.o(.text)
    OS_PendObjDel                            0x080038cb   Thumb Code   162  os_core.o(.text)
    OS_Post1                                 0x0800396d   Thumb Code    42  os_core.o(.text)
    OS_Post                                  0x08003997   Thumb Code   192  os_core.o(.text)
    OS_Sched0                                0x08003a57   Thumb Code   102  os_core.o(.text)
    OS_SchedRoundRobin                       0x08003abd   Thumb Code   190  os_core.o(.text)
    OS_Dbg_Init                              0x08003b8d   Thumb Code   146  os_dbg.o(.text)
    OS_FlagDbgListAdd                        0x08003d3d   Thumb Code    38  os_flag.o(.text)
    OSFlagCreate                             0x08003d63   Thumb Code   172  os_flag.o(.text)
    OS_FlagClr                               0x08003e0f   Thumb Code    28  os_flag.o(.text)
    OS_FlagDbgListRemove                     0x08003e2b   Thumb Code    44  os_flag.o(.text)
    OSFlagDel                                0x08003e57   Thumb Code   594  os_flag.o(.text)
    OS_FlagBlock                             0x080040a9   Thumb Code    58  os_flag.o(.text)
    OSFlagPend                               0x080040e3   Thumb Code  1488  os_flag.o(.text)
    OSFlagPendAbort                          0x080046b3   Thumb Code   292  os_flag.o(.text)
    OSFlagPendGetFlagsRdy                    0x080047d7   Thumb Code    68  os_flag.o(.text)
    OS_FlagTaskRdy                           0x0800481b   Thumb Code    86  os_flag.o(.text)
    OS_FlagPost                              0x08004871   Thumb Code   570  os_flag.o(.text)
    OSFlagPost                               0x08004aab   Thumb Code   146  os_flag.o(.text)
    OS_FlagInit                              0x08004b3d   Thumb Code    14  os_flag.o(.text)
    OS_IntQPost                              0x08004b65   Thumb Code   216  os_int.o(.text)
    OS_IntQRePost                            0x08004c3d   Thumb Code   360  os_int.o(.text)
    OS_IntQTask                              0x08004da5   Thumb Code   162  os_int.o(.text)
    OS_IntQTaskInit                          0x08004e47   Thumb Code   208  os_int.o(.text)
    OS_MemDbgListAdd                         0x08004fa9   Thumb Code    34  os_mem.o(.text)
    OSMemCreate                              0x08004fcb   Thumb Code   288  os_mem.o(.text)
    OSMemGet                                 0x080050eb   Thumb Code   100  os_mem.o(.text)
    OSMemPut                                 0x0800514f   Thumb Code   112  os_mem.o(.text)
    OS_MemInit                               0x080051bf   Thumb Code    14  os_mem.o(.text)
    OS_MsgPoolCreate                         0x080051e1   Thumb Code    54  os_msg.o(.text)
    OS_MsgPoolInit                           0x08005217   Thumb Code    70  os_msg.o(.text)
    OS_MsgQFreeAll                           0x0800525d   Thumb Code    62  os_msg.o(.text)
    OS_MsgQInit                              0x0800529b   Thumb Code    14  os_msg.o(.text)
    OS_MsgQGet                               0x080052a9   Thumb Code    98  os_msg.o(.text)
    OS_MsgQPut                               0x0800530b   Thumb Code   246  os_msg.o(.text)
    OS_MutexDbgListAdd                       0x0800540d   Thumb Code    38  os_mutex.o(.text)
    OSMutexCreate                            0x08005433   Thumb Code   178  os_mutex.o(.text)
    OS_MutexClr                              0x080054e5   Thumb Code    38  os_mutex.o(.text)
    OS_MutexDbgListRemove                    0x0800550b   Thumb Code    44  os_mutex.o(.text)
    OSMutexDel                               0x08005537   Thumb Code   842  os_mutex.o(.text)
    OSMutexPend                              0x08005881   Thumb Code   706  os_mutex.o(.text)
    OSMutexPendAbort                         0x08005b43   Thumb Code   314  os_mutex.o(.text)
    OSMutexPost                              0x08005c7d   Thumb Code   564  os_mutex.o(.text)
    OS_MutexInit                             0x08005eb1   Thumb Code    14  os_mutex.o(.text)
    OS_PrioInit                              0x08005ee1   Thumb Code    20  os_prio.o(.text)
    OS_PrioGetHighest                        0x08005ef5   Thumb Code    36  os_prio.o(.text)
    OS_PrioInsert                            0x08005f19   Thumb Code    32  os_prio.o(.text)
    OS_PrioRemove                            0x08005f39   Thumb Code    32  os_prio.o(.text)
    OS_QDbgListAdd                           0x08005f5d   Thumb Code    38  os_q.o(.text)
    OSQCreate                                0x08005f83   Thumb Code   186  os_q.o(.text)
    OS_QClr                                  0x0800603d   Thumb Code    40  os_q.o(.text)
    OS_QDbgListRemove                        0x08006065   Thumb Code    44  os_q.o(.text)
    OSQDel                                   0x08006091   Thumb Code   362  os_q.o(.text)
    OSQFlush                                 0x080061fb   Thumb Code   210  os_q.o(.text)
    OSQPend                                  0x080062cd   Thumb Code   538  os_q.o(.text)
    OSQPendAbort                             0x080064e7   Thumb Code   292  os_q.o(.text)
    OS_QPost                                 0x0800660b   Thumb Code   324  os_q.o(.text)
    OSQPost                                  0x0800674f   Thumb Code   198  os_q.o(.text)
    OS_QInit                                 0x08006815   Thumb Code    14  os_q.o(.text)
    OS_SemDbgListAdd                         0x08006835   Thumb Code    38  os_sem.o(.text)
    OSSemCreate                              0x0800685b   Thumb Code   172  os_sem.o(.text)
    OS_SemClr                                0x08006907   Thumb Code    28  os_sem.o(.text)
    OS_SemDbgListRemove                      0x08006923   Thumb Code    44  os_sem.o(.text)
    OSSemDel                                 0x0800694f   Thumb Code   362  os_sem.o(.text)
    OSSemPend                                0x08006ab9   Thumb Code   504  os_sem.o(.text)
    OSSemPendAbort                           0x08006cb1   Thumb Code   292  os_sem.o(.text)
    OS_SemPost                               0x08006dd5   Thumb Code   350  os_sem.o(.text)
    OSSemPost                                0x08006f33   Thumb Code   144  os_sem.o(.text)
    OSSemSet                                 0x08006fc3   Thumb Code   138  os_sem.o(.text)
    OS_SemInit                               0x0800704d   Thumb Code    14  os_sem.o(.text)
    OSStatReset                              0x08007065   Thumb Code   270  os_stat.o(.text)
    OSStatTaskCPUUsageInit                   0x08007173   Thumb Code   212  os_stat.o(.text)
    OS_StatTask                              0x08007247   Thumb Code   888  os_stat.o(.text)
    OS_StatTaskInit                          0x080075bf   Thumb Code   138  os_stat.o(.text)
    OSTaskChangePrio                         0x0800769d   Thumb Code   416  os_task.o(.text)
    OS_TaskDbgListAdd                        0x0800783d   Thumb Code    42  os_task.o(.text)
    OS_TaskInitTCB                           0x08007867   Thumb Code   186  os_task.o(.text)
    OSTaskCreate                             0x08007921   Thumb Code   616  os_task.o(.text)
    OS_TaskDbgListRemove                     0x08007b89   Thumb Code    64  os_task.o(.text)
    OSTaskDel                                0x08007bc9   Thumb Code   424  os_task.o(.text)
    OSTaskQFlush                             0x08007d71   Thumb Code   214  os_task.o(.text)
    OSTaskQPend                              0x08007e47   Thumb Code   554  os_task.o(.text)
    OSTaskQPendAbort                         0x08008071   Thumb Code   242  os_task.o(.text)
    OS_TaskQPost                             0x08008163   Thumb Code   526  os_task.o(.text)
    OSTaskQPost                              0x08008371   Thumb Code   114  os_task.o(.text)
    OSTaskRegGet                             0x080083e3   Thumb Code    78  os_task.o(.text)
    OSTaskRegGetID                           0x08008431   Thumb Code    84  os_task.o(.text)
    OSTaskRegSet                             0x08008485   Thumb Code    78  os_task.o(.text)
    OS_TaskResume                            0x080084d3   Thumb Code   314  os_task.o(.text)
    OSTaskResume                             0x0800860d   Thumb Code   112  os_task.o(.text)
    OSTaskSemPend                            0x0800867d   Thumb Code   550  os_task.o(.text)
    OSTaskSemPendAbort                       0x080088a3   Thumb Code   270  os_task.o(.text)
    OS_TaskSemPost                           0x080089b1   Thumb Code  1224  os_task.o(.text)
    OSTaskSemPost                            0x08008e79   Thumb Code    98  os_task.o(.text)
    OSTaskSemSet                             0x08008edb   Thumb Code    80  os_task.o(.text)
    OSTaskStkChk                             0x08008f2b   Thumb Code   224  os_task.o(.text)
    OS_TaskSuspend                           0x0800900b   Thumb Code   328  os_task.o(.text)
    OSTaskSuspend                            0x08009153   Thumb Code    78  os_task.o(.text)
    OSTaskTimeQuantaSet                      0x080091a1   Thumb Code    96  os_task.o(.text)
    OS_TaskInit                              0x08009201   Thumb Code    18  os_task.o(.text)
    OS_TaskReturn                            0x08009213   Thumb Code    20  os_task.o(.text)
    OS_TickListRemove                        0x08009251   Thumb Code    56  os_tick.o(.text)
    OS_TickListUpdate                        0x08009289   Thumb Code   480  os_tick.o(.text)
    OS_TickTask                              0x08009469   Thumb Code    38  os_tick.o(.text)
    OS_TickListInit                          0x0800948f   Thumb Code    32  os_tick.o(.text)
    OS_TickTaskInit                          0x080094af   Thumb Code   130  os_tick.o(.text)
    OS_TickListInsert                        0x08009531   Thumb Code   502  os_tick.o(.text)
    OS_TickListResetPeak                     0x08009727   Thumb Code    28  os_tick.o(.text)
    OSTimeDly                                0x0800974d   Thumb Code   266  os_time.o(.text)
    OSTimeDlyHMSM                            0x08009857   Thumb Code   480  os_time.o(.text)
    OSTimeDlyResume                          0x08009a37   Thumb Code   466  os_time.o(.text)
    OSTimeGet                                0x08009c09   Thumb Code    46  os_time.o(.text)
    OSTimeSet                                0x08009c37   Thumb Code    46  os_time.o(.text)
    OSTimeTick                               0x08009c65   Thumb Code    54  os_time.o(.text)
    OS_TmrDbgListAdd                         0x08009cb1   Thumb Code    34  os_tmr.o(.text)
    OSTmrCreate                              0x08009cd3   Thumb Code   248  os_tmr.o(.text)
    OS_TmrClr                                0x08009dcb   Thumb Code    36  os_tmr.o(.text)
    OS_TmrUnlink                             0x08009def   Thumb Code    72  os_tmr.o(.text)
    OS_TmrDbgListRemove                      0x08009e37   Thumb Code    44  os_tmr.o(.text)
    OSTmrDel                                 0x08009e63   Thumb Code   176  os_tmr.o(.text)
    OSTmrRemainGet                           0x08009f13   Thumb Code   184  os_tmr.o(.text)
    OS_TmrLink                               0x08009fcb   Thumb Code   196  os_tmr.o(.text)
    OSTmrStart                               0x0800a08f   Thumb Code   210  os_tmr.o(.text)
    OSTmrStateGet                            0x0800a161   Thumb Code   134  os_tmr.o(.text)
    OSTmrStop                                0x0800a1e7   Thumb Code   232  os_tmr.o(.text)
    OS_TmrTask                               0x0800a2cf   Thumb Code   176  os_tmr.o(.text)
    OS_TmrInit                               0x0800a37f   Thumb Code   208  os_tmr.o(.text)
    OS_TmrResetPeak                          0x0800a44f   Thumb Code    28  os_tmr.o(.text)
    OSIdleTaskHook                           0x0800a4c9   Thumb Code    16  os_cpu_c.o(.text)
    OSInitHook                               0x0800a4d9   Thumb Code    42  os_cpu_c.o(.text)
    OSStatTaskHook                           0x0800a503   Thumb Code    16  os_cpu_c.o(.text)
    OSTaskCreateHook                         0x0800a513   Thumb Code    20  os_cpu_c.o(.text)
    OSTaskDelHook                            0x0800a527   Thumb Code    20  os_cpu_c.o(.text)
    OSTaskReturnHook                         0x0800a53b   Thumb Code    20  os_cpu_c.o(.text)
    OSTaskStkInit                            0x0800a54f   Thumb Code   188  os_cpu_c.o(.text)
    OSTaskSwHook                             0x0800a60b   Thumb Code   120  os_cpu_c.o(.text)
    OSTimeTickHook                           0x0800a683   Thumb Code    16  os_cpu_c.o(.text)
    OS_CPU_SysTickHandler                    0x0800a693   Thumb Code    52  os_cpu_c.o(.text)
    OS_CPU_SysTickInit                       0x0800a6c7   Thumb Code    44  os_cpu_c.o(.text)
    start_task                               0x0800a735   Thumb Code   312  start_task.o(.text)
    led0_task                                0x0800a8c9   Thumb Code    62  led_task.o(.text)
    float_task                               0x0800a911   Thumb Code   276  float_task.o(.text)
    protocol_task                            0x0800aa81   Thumb Code   212  protocol_task.o(.text)
    NVIC_PriorityGroupConfig                 0x0800abd5   Thumb Code    10  misc.o(.text)
    NVIC_Init                                0x0800abdf   Thumb Code   100  misc.o(.text)
    NVIC_SetVectorTable                      0x0800ac43   Thumb Code    14  misc.o(.text)
    NVIC_SystemLPConfig                      0x0800ac51   Thumb Code    34  misc.o(.text)
    SysTick_CLKSourceConfig                  0x0800ac73   Thumb Code    40  misc.o(.text)
    GPIO_DeInit                              0x0800acb1   Thumb Code   172  stm32f10x_gpio.o(.text)
    GPIO_AFIODeInit                          0x0800ad5d   Thumb Code    20  stm32f10x_gpio.o(.text)
    GPIO_Init                                0x0800ad71   Thumb Code   278  stm32f10x_gpio.o(.text)
    GPIO_StructInit                          0x0800ae87   Thumb Code    16  stm32f10x_gpio.o(.text)
    GPIO_ReadInputDataBit                    0x0800ae97   Thumb Code    18  stm32f10x_gpio.o(.text)
    GPIO_ReadInputData                       0x0800aea9   Thumb Code     8  stm32f10x_gpio.o(.text)
    GPIO_ReadOutputDataBit                   0x0800aeb1   Thumb Code    18  stm32f10x_gpio.o(.text)
    GPIO_ReadOutputData                      0x0800aec3   Thumb Code     8  stm32f10x_gpio.o(.text)
    GPIO_SetBits                             0x0800aecb   Thumb Code     4  stm32f10x_gpio.o(.text)
    GPIO_ResetBits                           0x0800aecf   Thumb Code     4  stm32f10x_gpio.o(.text)
    GPIO_WriteBit                            0x0800aed3   Thumb Code    10  stm32f10x_gpio.o(.text)
    GPIO_Write                               0x0800aedd   Thumb Code     4  stm32f10x_gpio.o(.text)
    GPIO_PinLockConfig                       0x0800aee1   Thumb Code    18  stm32f10x_gpio.o(.text)
    GPIO_EventOutputConfig                   0x0800aef3   Thumb Code    26  stm32f10x_gpio.o(.text)
    GPIO_EventOutputCmd                      0x0800af0d   Thumb Code     6  stm32f10x_gpio.o(.text)
    GPIO_PinRemapConfig                      0x0800af13   Thumb Code   138  stm32f10x_gpio.o(.text)
    GPIO_EXTILineConfig                      0x0800af9d   Thumb Code    66  stm32f10x_gpio.o(.text)
    GPIO_ETH_MediaInterfaceConfig            0x0800afdf   Thumb Code     8  stm32f10x_gpio.o(.text)
    RCC_DeInit                               0x0800b00d   Thumb Code    64  stm32f10x_rcc.o(.text)
    RCC_HSEConfig                            0x0800b04d   Thumb Code    70  stm32f10x_rcc.o(.text)
    RCC_GetFlagStatus                        0x0800b093   Thumb Code    56  stm32f10x_rcc.o(.text)
    RCC_WaitForHSEStartUp                    0x0800b0cb   Thumb Code    56  stm32f10x_rcc.o(.text)
    RCC_AdjustHSICalibrationValue            0x0800b103   Thumb Code    20  stm32f10x_rcc.o(.text)
    RCC_HSICmd                               0x0800b117   Thumb Code     6  stm32f10x_rcc.o(.text)
    RCC_PLLConfig                            0x0800b11d   Thumb Code    24  stm32f10x_rcc.o(.text)
    RCC_PLLCmd                               0x0800b135   Thumb Code     6  stm32f10x_rcc.o(.text)
    RCC_SYSCLKConfig                         0x0800b13b   Thumb Code    18  stm32f10x_rcc.o(.text)
    RCC_GetSYSCLKSource                      0x0800b14d   Thumb Code    10  stm32f10x_rcc.o(.text)
    RCC_HCLKConfig                           0x0800b157   Thumb Code    18  stm32f10x_rcc.o(.text)
    RCC_PCLK1Config                          0x0800b169   Thumb Code    18  stm32f10x_rcc.o(.text)
    RCC_PCLK2Config                          0x0800b17b   Thumb Code    20  stm32f10x_rcc.o(.text)
    RCC_ITConfig                             0x0800b18f   Thumb Code    26  stm32f10x_rcc.o(.text)
    RCC_USBCLKConfig                         0x0800b1a9   Thumb Code     8  stm32f10x_rcc.o(.text)
    RCC_ADCCLKConfig                         0x0800b1b1   Thumb Code    18  stm32f10x_rcc.o(.text)
    RCC_LSEConfig                            0x0800b1c3   Thumb Code    50  stm32f10x_rcc.o(.text)
    RCC_LSICmd                               0x0800b1f5   Thumb Code     6  stm32f10x_rcc.o(.text)
    RCC_RTCCLKConfig                         0x0800b1fb   Thumb Code    12  stm32f10x_rcc.o(.text)
    RCC_RTCCLKCmd                            0x0800b207   Thumb Code     8  stm32f10x_rcc.o(.text)
    RCC_GetClocksFreq                        0x0800b20f   Thumb Code   192  stm32f10x_rcc.o(.text)
    RCC_AHBPeriphClockCmd                    0x0800b2cf   Thumb Code    26  stm32f10x_rcc.o(.text)
    RCC_APB2PeriphClockCmd                   0x0800b2e9   Thumb Code    26  stm32f10x_rcc.o(.text)
    RCC_APB1PeriphClockCmd                   0x0800b303   Thumb Code    26  stm32f10x_rcc.o(.text)
    RCC_APB2PeriphResetCmd                   0x0800b31d   Thumb Code    26  stm32f10x_rcc.o(.text)
    RCC_APB1PeriphResetCmd                   0x0800b337   Thumb Code    26  stm32f10x_rcc.o(.text)
    RCC_BackupResetCmd                       0x0800b351   Thumb Code     8  stm32f10x_rcc.o(.text)
    RCC_ClockSecuritySystemCmd               0x0800b359   Thumb Code     6  stm32f10x_rcc.o(.text)
    RCC_MCOConfig                            0x0800b35f   Thumb Code     6  stm32f10x_rcc.o(.text)
    RCC_ClearFlag                            0x0800b365   Thumb Code    14  stm32f10x_rcc.o(.text)
    RCC_GetITStatus                          0x0800b373   Thumb Code    20  stm32f10x_rcc.o(.text)
    RCC_ClearITPendingBit                    0x0800b387   Thumb Code     6  stm32f10x_rcc.o(.text)
    USART_DeInit                             0x0800b3b1   Thumb Code   134  stm32f10x_usart.o(.text)
    USART_Init                               0x0800b437   Thumb Code   210  stm32f10x_usart.o(.text)
    USART_StructInit                         0x0800b509   Thumb Code    24  stm32f10x_usart.o(.text)
    USART_ClockInit                          0x0800b521   Thumb Code    34  stm32f10x_usart.o(.text)
    USART_ClockStructInit                    0x0800b543   Thumb Code    12  stm32f10x_usart.o(.text)
    USART_Cmd                                0x0800b54f   Thumb Code    24  stm32f10x_usart.o(.text)
    USART_ITConfig                           0x0800b567   Thumb Code    74  stm32f10x_usart.o(.text)
    USART_DMACmd                             0x0800b5b1   Thumb Code    18  stm32f10x_usart.o(.text)
    USART_SetAddress                         0x0800b5c3   Thumb Code    18  stm32f10x_usart.o(.text)
    USART_WakeUpConfig                       0x0800b5d5   Thumb Code    18  stm32f10x_usart.o(.text)
    USART_ReceiverWakeUpCmd                  0x0800b5e7   Thumb Code    24  stm32f10x_usart.o(.text)
    USART_LINBreakDetectLengthConfig         0x0800b5ff   Thumb Code    18  stm32f10x_usart.o(.text)
    USART_LINCmd                             0x0800b611   Thumb Code    24  stm32f10x_usart.o(.text)
    USART_SendData                           0x0800b629   Thumb Code     8  stm32f10x_usart.o(.text)
    USART_ReceiveData                        0x0800b631   Thumb Code    10  stm32f10x_usart.o(.text)
    USART_SendBreak                          0x0800b63b   Thumb Code    10  stm32f10x_usart.o(.text)
    USART_SetGuardTime                       0x0800b645   Thumb Code    16  stm32f10x_usart.o(.text)
    USART_SetPrescaler                       0x0800b655   Thumb Code    16  stm32f10x_usart.o(.text)
    USART_SmartCardCmd                       0x0800b665   Thumb Code    24  stm32f10x_usart.o(.text)
    USART_SmartCardNACKCmd                   0x0800b67d   Thumb Code    24  stm32f10x_usart.o(.text)
    USART_HalfDuplexCmd                      0x0800b695   Thumb Code    24  stm32f10x_usart.o(.text)
    USART_OverSampling8Cmd                   0x0800b6ad   Thumb Code    22  stm32f10x_usart.o(.text)
    USART_OneBitMethodCmd                    0x0800b6c3   Thumb Code    24  stm32f10x_usart.o(.text)
    USART_IrDAConfig                         0x0800b6db   Thumb Code    18  stm32f10x_usart.o(.text)
    USART_IrDACmd                            0x0800b6ed   Thumb Code    24  stm32f10x_usart.o(.text)
    USART_GetFlagStatus                      0x0800b705   Thumb Code    26  stm32f10x_usart.o(.text)
    USART_ClearFlag                          0x0800b71f   Thumb Code    18  stm32f10x_usart.o(.text)
    USART_GetITStatus                        0x0800b731   Thumb Code    84  stm32f10x_usart.o(.text)
    USART_ClearITPendingBit                  0x0800b785   Thumb Code    52  stm32f10x_usart.o(.text)
    Reset_Handler                            0x0800b7b9   Thumb Code     8  startup_stm32f10x_md.o(.text)
    NMI_Handler                              0x0800b7c1   Thumb Code     2  startup_stm32f10x_md.o(.text)
    HardFault_Handler                        0x0800b7c3   Thumb Code     2  startup_stm32f10x_md.o(.text)
    MemManage_Handler                        0x0800b7c5   Thumb Code     2  startup_stm32f10x_md.o(.text)
    BusFault_Handler                         0x0800b7c7   Thumb Code     2  startup_stm32f10x_md.o(.text)
    UsageFault_Handler                       0x0800b7c9   Thumb Code     2  startup_stm32f10x_md.o(.text)
    SVC_Handler                              0x0800b7cb   Thumb Code     2  startup_stm32f10x_md.o(.text)
    DebugMon_Handler                         0x0800b7cd   Thumb Code     2  startup_stm32f10x_md.o(.text)
    ADC1_2_IRQHandler                        0x0800b7d3   Thumb Code     0  startup_stm32f10x_md.o(.text)
    CAN1_RX1_IRQHandler                      0x0800b7d3   Thumb Code     0  startup_stm32f10x_md.o(.text)
    CAN1_SCE_IRQHandler                      0x0800b7d3   Thumb Code     0  startup_stm32f10x_md.o(.text)
    DMA1_Channel1_IRQHandler                 0x0800b7d3   Thumb Code     0  startup_stm32f10x_md.o(.text)
    DMA1_Channel2_IRQHandler                 0x0800b7d3   Thumb Code     0  startup_stm32f10x_md.o(.text)
    DMA1_Channel3_IRQHandler                 0x0800b7d3   Thumb Code     0  startup_stm32f10x_md.o(.text)
    DMA1_Channel4_IRQHandler                 0x0800b7d3   Thumb Code     0  startup_stm32f10x_md.o(.text)
    DMA1_Channel5_IRQHandler                 0x0800b7d3   Thumb Code     0  startup_stm32f10x_md.o(.text)
    DMA1_Channel6_IRQHandler                 0x0800b7d3   Thumb Code     0  startup_stm32f10x_md.o(.text)
    DMA1_Channel7_IRQHandler                 0x0800b7d3   Thumb Code     0  startup_stm32f10x_md.o(.text)
    EXTI0_IRQHandler                         0x0800b7d3   Thumb Code     0  startup_stm32f10x_md.o(.text)
    EXTI15_10_IRQHandler                     0x0800b7d3   Thumb Code     0  startup_stm32f10x_md.o(.text)
    EXTI1_IRQHandler                         0x0800b7d3   Thumb Code     0  startup_stm32f10x_md.o(.text)
    EXTI2_IRQHandler                         0x0800b7d3   Thumb Code     0  startup_stm32f10x_md.o(.text)
    EXTI3_IRQHandler                         0x0800b7d3   Thumb Code     0  startup_stm32f10x_md.o(.text)
    EXTI4_IRQHandler                         0x0800b7d3   Thumb Code     0  startup_stm32f10x_md.o(.text)
    EXTI9_5_IRQHandler                       0x0800b7d3   Thumb Code     0  startup_stm32f10x_md.o(.text)
    FLASH_IRQHandler                         0x0800b7d3   Thumb Code     0  startup_stm32f10x_md.o(.text)
    I2C1_ER_IRQHandler                       0x0800b7d3   Thumb Code     0  startup_stm32f10x_md.o(.text)
    I2C1_EV_IRQHandler                       0x0800b7d3   Thumb Code     0  startup_stm32f10x_md.o(.text)
    I2C2_ER_IRQHandler                       0x0800b7d3   Thumb Code     0  startup_stm32f10x_md.o(.text)
    I2C2_EV_IRQHandler                       0x0800b7d3   Thumb Code     0  startup_stm32f10x_md.o(.text)
    PVD_IRQHandler                           0x0800b7d3   Thumb Code     0  startup_stm32f10x_md.o(.text)
    RCC_IRQHandler                           0x0800b7d3   Thumb Code     0  startup_stm32f10x_md.o(.text)
    RTCAlarm_IRQHandler                      0x0800b7d3   Thumb Code     0  startup_stm32f10x_md.o(.text)
    RTC_IRQHandler                           0x0800b7d3   Thumb Code     0  startup_stm32f10x_md.o(.text)
    SPI1_IRQHandler                          0x0800b7d3   Thumb Code     0  startup_stm32f10x_md.o(.text)
    SPI2_IRQHandler                          0x0800b7d3   Thumb Code     0  startup_stm32f10x_md.o(.text)
    TAMPER_IRQHandler                        0x0800b7d3   Thumb Code     0  startup_stm32f10x_md.o(.text)
    TIM1_BRK_IRQHandler                      0x0800b7d3   Thumb Code     0  startup_stm32f10x_md.o(.text)
    TIM1_CC_IRQHandler                       0x0800b7d3   Thumb Code     0  startup_stm32f10x_md.o(.text)
    TIM1_TRG_COM_IRQHandler                  0x0800b7d3   Thumb Code     0  startup_stm32f10x_md.o(.text)
    TIM1_UP_IRQHandler                       0x0800b7d3   Thumb Code     0  startup_stm32f10x_md.o(.text)
    TIM2_IRQHandler                          0x0800b7d3   Thumb Code     0  startup_stm32f10x_md.o(.text)
    TIM3_IRQHandler                          0x0800b7d3   Thumb Code     0  startup_stm32f10x_md.o(.text)
    TIM4_IRQHandler                          0x0800b7d3   Thumb Code     0  startup_stm32f10x_md.o(.text)
    USART1_IRQHandler                        0x0800b7d3   Thumb Code     0  startup_stm32f10x_md.o(.text)
    USART2_IRQHandler                        0x0800b7d3   Thumb Code     0  startup_stm32f10x_md.o(.text)
    USBWakeUp_IRQHandler                     0x0800b7d3   Thumb Code     0  startup_stm32f10x_md.o(.text)
    USB_HP_CAN1_TX_IRQHandler                0x0800b7d3   Thumb Code     0  startup_stm32f10x_md.o(.text)
    USB_LP_CAN1_RX0_IRQHandler               0x0800b7d3   Thumb Code     0  startup_stm32f10x_md.o(.text)
    WWDG_IRQHandler                          0x0800b7d3   Thumb Code     0  startup_stm32f10x_md.o(.text)
    SystemInit                               0x0800b8bb   Thumb Code    78  system_stm32f10x.o(.text)
    SystemCoreClockUpdate                    0x0800b909   Thumb Code   142  system_stm32f10x.o(.text)
    __aeabi_uldivmod                         0x0800b9bd   Thumb Code    98  uldiv.o(.text)
    __aeabi_fadd                             0x0800ba1f   Thumb Code   164  fadd.o(.text)
    __aeabi_fsub                             0x0800bac3   Thumb Code     6  fadd.o(.text)
    __aeabi_frsub                            0x0800bac9   Thumb Code     6  fadd.o(.text)
    __aeabi_f2d                              0x0800bacf   Thumb Code    38  f2d.o(.text)
    __aeabi_cfcmpeq                          0x0800baf5   Thumb Code     0  cfcmple.o(.text)
    __aeabi_cfcmple                          0x0800baf5   Thumb Code    20  cfcmple.o(.text)
    __aeabi_cfrcmple                         0x0800bb09   Thumb Code    20  cfrcmple.o(.text)
    __aeabi_uidiv                            0x0800bb1d   Thumb Code     0  uidiv.o(.text)
    __aeabi_uidivmod                         0x0800bb1d   Thumb Code    44  uidiv.o(.text)
    __aeabi_llsl                             0x0800bb49   Thumb Code    30  llshl.o(.text)
    _ll_shift_l                              0x0800bb49   Thumb Code     0  llshl.o(.text)
    __aeabi_llsr                             0x0800bb67   Thumb Code    32  llushr.o(.text)
    _ll_ushift_r                             0x0800bb67   Thumb Code     0  llushr.o(.text)
    __I$use$fp                               0x0800bb87   Thumb Code     0  iusefp.o(.text)
    _float_round                             0x0800bb87   Thumb Code    18  fepilogue.o(.text)
    _float_epilogue                          0x0800bb99   Thumb Code    92  fepilogue.o(.text)
    __aeabi_dadd                             0x0800bbf5   Thumb Code   322  dadd.o(.text)
    __aeabi_dsub                             0x0800bd37   Thumb Code     6  dadd.o(.text)
    __aeabi_drsub                            0x0800bd3d   Thumb Code     6  dadd.o(.text)
    __aeabi_dmul                             0x0800bd43   Thumb Code   228  dmul.o(.text)
    __aeabi_ddiv                             0x0800be27   Thumb Code   222  ddiv.o(.text)
    __aeabi_d2ulz                            0x0800bf05   Thumb Code    48  dfixul.o(.text)
    __aeabi_cdrcmple                         0x0800bf35   Thumb Code    48  cdrcmple.o(.text)
    __scatterload                            0x0800bf65   Thumb Code    28  init.o(.text)
    __scatterload_rt2                        0x0800bf65   Thumb Code     0  init.o(.text)
    __aeabi_lasr                             0x0800bf89   Thumb Code    36  llsshr.o(.text)
    _ll_sshift_r                             0x0800bf89   Thumb Code     0  llsshr.o(.text)
    _double_round                            0x0800bfad   Thumb Code    30  depilogue.o(.text)
    _double_epilogue                         0x0800bfcb   Thumb Code   156  depilogue.o(.text)
    OSStartHighRdy                           0x0800c069   Thumb Code     0  os_cpu_a.o(CODE)
    PendSV_Handler                           0x0800c09f   Thumb Code     0  os_cpu_a.o(CODE)
    __0printf                                0x0800c101   Thumb Code    22  printfa.o(i.__0printf)
    __1printf                                0x0800c101   Thumb Code     0  printfa.o(i.__0printf)
    __2printf                                0x0800c101   Thumb Code     0  printfa.o(i.__0printf)
    __c89printf                              0x0800c101   Thumb Code     0  printfa.o(i.__0printf)
    printf                                   0x0800c101   Thumb Code     0  printfa.o(i.__0printf)
    __scatterload_copy                       0x0800c121   Thumb Code    14  handlers.o(i.__scatterload_copy)
    __scatterload_null                       0x0800c12f   Thumb Code     2  handlers.o(i.__scatterload_null)
    __scatterload_zeroinit                   0x0800c131   Thumb Code    14  handlers.o(i.__scatterload_zeroinit)
    CPU_EndiannessTest                       0x0800cad4   Data           4  cpu_core.o(.constdata)
    OSCfg_IdleTaskStkBasePtr                 0x0800cb6c   Data           4  os_cfg_app.o(.constdata)
    OSCfg_IdleTaskStkLimit                   0x0800cb70   Data           4  os_cfg_app.o(.constdata)
    OSCfg_IdleTaskStkSize                    0x0800cb74   Data           4  os_cfg_app.o(.constdata)
    OSCfg_IdleTaskStkSizeRAM                 0x0800cb78   Data           4  os_cfg_app.o(.constdata)
    OSCfg_IntQBasePtr                        0x0800cb7c   Data           4  os_cfg_app.o(.constdata)
    OSCfg_IntQSize                           0x0800cb80   Data           2  os_cfg_app.o(.constdata)
    OSCfg_IntQSizeRAM                        0x0800cb84   Data           4  os_cfg_app.o(.constdata)
    OSCfg_IntQTaskStkBasePtr                 0x0800cb88   Data           4  os_cfg_app.o(.constdata)
    OSCfg_IntQTaskStkLimit                   0x0800cb8c   Data           4  os_cfg_app.o(.constdata)
    OSCfg_IntQTaskStkSize                    0x0800cb90   Data           4  os_cfg_app.o(.constdata)
    OSCfg_IntQTaskStkSizeRAM                 0x0800cb94   Data           4  os_cfg_app.o(.constdata)
    OSCfg_ISRStkBasePtr                      0x0800cb98   Data           4  os_cfg_app.o(.constdata)
    OSCfg_ISRStkSize                         0x0800cb9c   Data           4  os_cfg_app.o(.constdata)
    OSCfg_ISRStkSizeRAM                      0x0800cba0   Data           4  os_cfg_app.o(.constdata)
    OSCfg_MsgPoolSize                        0x0800cba4   Data           2  os_cfg_app.o(.constdata)
    OSCfg_MsgPoolSizeRAM                     0x0800cba8   Data           4  os_cfg_app.o(.constdata)
    OSCfg_MsgPoolBasePtr                     0x0800cbac   Data           4  os_cfg_app.o(.constdata)
    OSCfg_StatTaskPrio                       0x0800cbb0   Data           1  os_cfg_app.o(.constdata)
    OSCfg_StatTaskRate_Hz                    0x0800cbb4   Data           4  os_cfg_app.o(.constdata)
    OSCfg_StatTaskStkBasePtr                 0x0800cbb8   Data           4  os_cfg_app.o(.constdata)
    OSCfg_StatTaskStkLimit                   0x0800cbbc   Data           4  os_cfg_app.o(.constdata)
    OSCfg_StatTaskStkSize                    0x0800cbc0   Data           4  os_cfg_app.o(.constdata)
    OSCfg_StatTaskStkSizeRAM                 0x0800cbc4   Data           4  os_cfg_app.o(.constdata)
    OSCfg_StkSizeMin                         0x0800cbc8   Data           4  os_cfg_app.o(.constdata)
    OSCfg_TickRate_Hz                        0x0800cbcc   Data           4  os_cfg_app.o(.constdata)
    OSCfg_TickTaskPrio                       0x0800cbd0   Data           1  os_cfg_app.o(.constdata)
    OSCfg_TickTaskStkBasePtr                 0x0800cbd4   Data           4  os_cfg_app.o(.constdata)
    OSCfg_TickTaskStkLimit                   0x0800cbd8   Data           4  os_cfg_app.o(.constdata)
    OSCfg_TickTaskStkSize                    0x0800cbdc   Data           4  os_cfg_app.o(.constdata)
    OSCfg_TickTaskStkSizeRAM                 0x0800cbe0   Data           4  os_cfg_app.o(.constdata)
    OSCfg_TickWheelSize                      0x0800cbe4   Data           2  os_cfg_app.o(.constdata)
    OSCfg_TickWheelSizeRAM                   0x0800cbe8   Data           4  os_cfg_app.o(.constdata)
    OSCfg_TmrTaskPrio                        0x0800cbec   Data           1  os_cfg_app.o(.constdata)
    OSCfg_TmrTaskRate_Hz                     0x0800cbf0   Data           4  os_cfg_app.o(.constdata)
    OSCfg_TmrTaskStkBasePtr                  0x0800cbf4   Data           4  os_cfg_app.o(.constdata)
    OSCfg_TmrTaskStkLimit                    0x0800cbf8   Data           4  os_cfg_app.o(.constdata)
    OSCfg_TmrTaskStkSize                     0x0800cbfc   Data           4  os_cfg_app.o(.constdata)
    OSCfg_TmrTaskStkSizeRAM                  0x0800cc00   Data           4  os_cfg_app.o(.constdata)
    OSCfg_TmrWheelSize                       0x0800cc04   Data           2  os_cfg_app.o(.constdata)
    OSCfg_TmrWheelSizeRAM                    0x0800cc08   Data           4  os_cfg_app.o(.constdata)
    OSCfg_DataSizeRAM                        0x0800cc0c   Data           4  os_cfg_app.o(.constdata)
    OSDbg_DbgEn                              0x0800cc10   Data           2  os_dbg.o(.constdata)
    OSDbg_ArgChkEn                           0x0800cc12   Data           1  os_dbg.o(.constdata)
    OSDbg_AppHooksEn                         0x0800cc13   Data           1  os_dbg.o(.constdata)
    OSDbg_EndiannessTest                     0x0800cc14   Data           4  os_dbg.o(.constdata)
    OSDbg_CalledFromISRChkEn                 0x0800cc18   Data           1  os_dbg.o(.constdata)
    OSDbg_FlagEn                             0x0800cc19   Data           1  os_dbg.o(.constdata)
    OSDbg_FlagGrp                            0x0800cc1c   Data          40  os_dbg.o(.constdata)
    OSDbg_FlagDelEn                          0x0800cc44   Data           1  os_dbg.o(.constdata)
    OSDbg_FlagModeClrEn                      0x0800cc45   Data           1  os_dbg.o(.constdata)
    OSDbg_FlagPendAbortEn                    0x0800cc46   Data           1  os_dbg.o(.constdata)
    OSDbg_FlagGrpSize                        0x0800cc48   Data           2  os_dbg.o(.constdata)
    OSDbg_FlagWidth                          0x0800cc4a   Data           2  os_dbg.o(.constdata)
    OSDbg_IntQ                               0x0800cc4c   Data           2  os_dbg.o(.constdata)
    OSDbg_ISRPostDeferredEn                  0x0800cc4e   Data           1  os_dbg.o(.constdata)
    OSDbg_Mem                                0x0800cc50   Data          32  os_dbg.o(.constdata)
    OSDbg_MemEn                              0x0800cc70   Data           1  os_dbg.o(.constdata)
    OSDbg_MemSize                            0x0800cc72   Data           2  os_dbg.o(.constdata)
    OSDbg_MsgEn                              0x0800cc74   Data           1  os_dbg.o(.constdata)
    OSDbg_MsgSize                            0x0800cc76   Data           2  os_dbg.o(.constdata)
    OSDbg_MsgPoolSize                        0x0800cc78   Data           2  os_dbg.o(.constdata)
    OSDbg_MsgQSize                           0x0800cc7a   Data           2  os_dbg.o(.constdata)
    OSDbg_Mutex                              0x0800cc7c   Data          44  os_dbg.o(.constdata)
    OSDbg_MutexEn                            0x0800cca8   Data           1  os_dbg.o(.constdata)
    OSDbg_MutexDelEn                         0x0800cca9   Data           1  os_dbg.o(.constdata)
    OSDbg_MutexPendAbortEn                   0x0800ccaa   Data           1  os_dbg.o(.constdata)
    OSDbg_MutexSize                          0x0800ccac   Data           2  os_dbg.o(.constdata)
    OSDbg_ObjTypeChkEn                       0x0800ccae   Data           1  os_dbg.o(.constdata)
    OSDbg_PendMultiEn                        0x0800ccaf   Data           1  os_dbg.o(.constdata)
    OSDbg_PendDataSize                       0x0800ccb0   Data           2  os_dbg.o(.constdata)
    OSDbg_PendListSize                       0x0800ccb2   Data           2  os_dbg.o(.constdata)
    OSDbg_PendObjSize                        0x0800ccb4   Data           2  os_dbg.o(.constdata)
    OSDbg_PrioMax                            0x0800ccb6   Data           2  os_dbg.o(.constdata)
    OSDbg_PrioTblSize                        0x0800ccb8   Data           2  os_dbg.o(.constdata)
    OSDbg_PtrSize                            0x0800ccba   Data           2  os_dbg.o(.constdata)
    OSDbg_Q                                  0x0800ccbc   Data          48  os_dbg.o(.constdata)
    OSDbg_QEn                                0x0800ccec   Data           1  os_dbg.o(.constdata)
    OSDbg_QDelEn                             0x0800cced   Data           1  os_dbg.o(.constdata)
    OSDbg_QFlushEn                           0x0800ccee   Data           1  os_dbg.o(.constdata)
    OSDbg_QPendAbortEn                       0x0800ccef   Data           1  os_dbg.o(.constdata)
    OSDbg_QSize                              0x0800ccf0   Data           2  os_dbg.o(.constdata)
    OSDbg_SchedRoundRobinEn                  0x0800ccf2   Data           1  os_dbg.o(.constdata)
    OSDbg_Sem                                0x0800ccf4   Data          40  os_dbg.o(.constdata)
    OSDbg_SemEn                              0x0800cd1c   Data           1  os_dbg.o(.constdata)
    OSDbg_SemDelEn                           0x0800cd1d   Data           1  os_dbg.o(.constdata)
    OSDbg_SemPendAbortEn                     0x0800cd1e   Data           1  os_dbg.o(.constdata)
    OSDbg_SemSetEn                           0x0800cd1f   Data           1  os_dbg.o(.constdata)
    OSDbg_SemSize                            0x0800cd20   Data           2  os_dbg.o(.constdata)
    OSDbg_RdyList                            0x0800cd22   Data           2  os_dbg.o(.constdata)
    OSDbg_RdyListSize                        0x0800cd24   Data           4  os_dbg.o(.constdata)
    OSDbg_StkWidth                           0x0800cd28   Data           1  os_dbg.o(.constdata)
    OSDbg_StatTaskEn                         0x0800cd29   Data           1  os_dbg.o(.constdata)
    OSDbg_StatTaskStkChkEn                   0x0800cd2a   Data           1  os_dbg.o(.constdata)
    OSDbg_TaskChangePrioEn                   0x0800cd2b   Data           1  os_dbg.o(.constdata)
    OSDbg_TaskDelEn                          0x0800cd2c   Data           1  os_dbg.o(.constdata)
    OSDbg_TaskQEn                            0x0800cd2d   Data           1  os_dbg.o(.constdata)
    OSDbg_TaskQPendAbortEn                   0x0800cd2e   Data           1  os_dbg.o(.constdata)
    OSDbg_TaskProfileEn                      0x0800cd2f   Data           1  os_dbg.o(.constdata)
    OSDbg_TaskRegTblSize                     0x0800cd30   Data           2  os_dbg.o(.constdata)
    OSDbg_TaskSemPendAbortEn                 0x0800cd32   Data           1  os_dbg.o(.constdata)
    OSDbg_TaskSuspendEn                      0x0800cd33   Data           1  os_dbg.o(.constdata)
    OSDbg_TCBSize                            0x0800cd34   Data           2  os_dbg.o(.constdata)
    OSDbg_TickSpokeSize                      0x0800cd36   Data           2  os_dbg.o(.constdata)
    OSDbg_TimeDlyHMSMEn                      0x0800cd38   Data           1  os_dbg.o(.constdata)
    OSDbg_TimeDlyResumeEn                    0x0800cd39   Data           1  os_dbg.o(.constdata)
    OSDbg_TLS_TblSize                        0x0800cd3a   Data           2  os_dbg.o(.constdata)
    OSDbg_Tmr                                0x0800cd3c   Data          52  os_dbg.o(.constdata)
    OSDbg_TmrEn                              0x0800cd70   Data           1  os_dbg.o(.constdata)
    OSDbg_TmrDelEn                           0x0800cd71   Data           1  os_dbg.o(.constdata)
    OSDbg_TmrSize                            0x0800cd72   Data           2  os_dbg.o(.constdata)
    OSDbg_TmrSpokeSize                       0x0800cd74   Data           2  os_dbg.o(.constdata)
    OSDbg_VersionNbr                         0x0800cd76   Data           2  os_dbg.o(.constdata)
    OSDbg_DataSize                           0x0800cd78   Data           4  os_dbg.o(.constdata)
    Region$$Table$$Base                      0x0800cd7c   Number         0  anon$$obj.o(Region$$Table)
    Region$$Table$$Limit                     0x0800cd9c   Number         0  anon$$obj.o(Region$$Table)
    ModuleStatus                             0x20000008   Data           4  hekr_protocol.o(.data)
    Uart3_Recv_Count                         0x20000010   Data           1  uart.o(.data)
    Uart3_Recv_STA                           0x20000011   Data           1  uart.o(.data)
    CPU_TS_TmrFreq_Hz                        0x20000014   Data           4  cpu_core.o(.data)
    Mem_PoolTbl                              0x20000018   Data           4  lib_mem.o(.data)
    OSPrioTbl                                0x2000001c   Data           8  os_prio.o(.data)
    OS_AppTaskCreateHookPtr                  0x20000024   Data           4  os_var.o(.data)
    OS_AppTaskDelHookPtr                     0x20000028   Data           4  os_var.o(.data)
    OS_AppTaskReturnHookPtr                  0x2000002c   Data           4  os_var.o(.data)
    OS_AppIdleTaskHookPtr                    0x20000030   Data           4  os_var.o(.data)
    OS_AppStatTaskHookPtr                    0x20000034   Data           4  os_var.o(.data)
    OS_AppTaskSwHookPtr                      0x20000038   Data           4  os_var.o(.data)
    OS_AppTimeTickHookPtr                    0x2000003c   Data           4  os_var.o(.data)
    OSIdleTaskCtr                            0x20000040   Data           4  os_var.o(.data)
    OSIntNestingCtr                          0x20000044   Data           1  os_var.o(.data)
    OSRunning                                0x20000045   Data           1  os_var.o(.data)
    OSIntQInPtr                              0x20000048   Data           4  os_var.o(.data)
    OSIntQOutPtr                             0x2000004c   Data           4  os_var.o(.data)
    OSIntQNbrEntries                         0x20000050   Data           2  os_var.o(.data)
    OSIntQNbrEntriesMax                      0x20000052   Data           2  os_var.o(.data)
    OSIntQOvfCtr                             0x20000054   Data           2  os_var.o(.data)
    OSIntQTaskTimeMax                        0x20000058   Data           4  os_var.o(.data)
    OSFlagDbgListPtr                         0x2000005c   Data           4  os_var.o(.data)
    OSFlagQty                                0x20000060   Data           2  os_var.o(.data)
    OSMemDbgListPtr                          0x20000064   Data           4  os_var.o(.data)
    OSMemQty                                 0x20000068   Data           2  os_var.o(.data)
    OSMutexDbgListPtr                        0x2000006c   Data           4  os_var.o(.data)
    OSMutexQty                               0x20000070   Data           2  os_var.o(.data)
    OSPrioCur                                0x20000072   Data           1  os_var.o(.data)
    OSPrioHighRdy                            0x20000073   Data           1  os_var.o(.data)
    OSPrioSaved                              0x20000074   Data           1  os_var.o(.data)
    OSQDbgListPtr                            0x20000078   Data           4  os_var.o(.data)
    OSQQty                                   0x2000007c   Data           2  os_var.o(.data)
    OSSchedLockTimeBegin                     0x20000080   Data           4  os_var.o(.data)
    OSSchedLockTimeMax                       0x20000084   Data           4  os_var.o(.data)
    OSSchedLockTimeMaxCur                    0x20000088   Data           4  os_var.o(.data)
    OSSchedLockNestingCtr                    0x2000008c   Data           1  os_var.o(.data)
    OSSchedRoundRobinDfltTimeQuanta          0x20000090   Data           4  os_var.o(.data)
    OSSchedRoundRobinEn                      0x20000094   Data           1  os_var.o(.data)
    OSSemDbgListPtr                          0x20000098   Data           4  os_var.o(.data)
    OSSemQty                                 0x2000009c   Data           2  os_var.o(.data)
    OSStatResetFlag                          0x2000009e   Data           1  os_var.o(.data)
    OSStatTaskCPUUsage                       0x200000a0   Data           2  os_var.o(.data)
    OSStatTaskCPUUsageMax                    0x200000a2   Data           2  os_var.o(.data)
    OSStatTaskCtr                            0x200000a4   Data           4  os_var.o(.data)
    OSStatTaskCtrMax                         0x200000a8   Data           4  os_var.o(.data)
    OSStatTaskCtrRun                         0x200000ac   Data           4  os_var.o(.data)
    OSStatTaskRdy                            0x200000b0   Data           1  os_var.o(.data)
    OSStatTaskTimeMax                        0x200000b4   Data           4  os_var.o(.data)
    OSTaskCtxSwCtr                           0x200000b8   Data           4  os_var.o(.data)
    OSTaskDbgListPtr                         0x200000bc   Data           4  os_var.o(.data)
    OSTaskQty                                0x200000c0   Data           2  os_var.o(.data)
    OSTaskRegNextAvailID                     0x200000c2   Data           1  os_var.o(.data)
    OSTickCtr                                0x200000c4   Data           4  os_var.o(.data)
    OSTickTaskTimeMax                        0x200000c8   Data           4  os_var.o(.data)
    OSTmrDbgListPtr                          0x200000cc   Data           4  os_var.o(.data)
    OSTmrQty                                 0x200000d0   Data           2  os_var.o(.data)
    OSTmrTaskTimeMax                         0x200000d4   Data           4  os_var.o(.data)
    OSTmrTickCtr                             0x200000d8   Data           4  os_var.o(.data)
    OSTmrUpdateCnt                           0x200000dc   Data           4  os_var.o(.data)
    OSTmrUpdateCtr                           0x200000e0   Data           4  os_var.o(.data)
    OSTCBCurPtr                              0x200000e4   Data           4  os_var.o(.data)
    OSTCBHighRdyPtr                          0x200000e8   Data           4  os_var.o(.data)
    OS_CPU_ExceptStkBase                     0x200000ec   Data           4  os_cpu_c.o(.data)
    SystemCoreClock                          0x2000010c   Data           4  system_stm32f10x.o(.data)
    AHBPrescTable                            0x20000110   Data          16  system_stm32f10x.o(.data)
    __stdout                                 0x20000120   Data           4  stdout.o(.data)
    valid_data                               0x20000197   Data         100  hekr_protocol.o(.bss)
    Uart3_Recv_Buffer                        0x200001fb   Data          20  uart.o(.bss)
    CPU_Name                                 0x20000320   Data          16  cpu_core.o(.bss)
    Mem_PoolHeap                             0x20000330   Data          72  lib_mem.o(.bss)
    Mem_Heap                                 0x20000378   Data        1024  lib_mem.o(.bss)
    OSCfg_IdleTaskStk                        0x20000778   Data         512  os_cfg_app.o(.bss)
    OSCfg_IntQ                               0x20000978   Data         320  os_cfg_app.o(.bss)
    OSCfg_IntQTaskStk                        0x20000ab8   Data         512  os_cfg_app.o(.bss)
    OSCfg_ISRStk                             0x20000cb8   Data         512  os_cfg_app.o(.bss)
    OSCfg_MsgPool                            0x20000eb8   Data        1600  os_cfg_app.o(.bss)
    OSCfg_StatTaskStk                        0x200014f8   Data         512  os_cfg_app.o(.bss)
    OSCfg_TickTaskStk                        0x200016f8   Data         512  os_cfg_app.o(.bss)
    OSCfg_TickWheel                          0x200018f8   Data         136  os_cfg_app.o(.bss)
    OSCfg_TmrTaskStk                         0x20001980   Data         512  os_cfg_app.o(.bss)
    OSCfg_TmrWheel                           0x20001b80   Data         136  os_cfg_app.o(.bss)
    OSIdleTaskTCB                            0x20001c08   Data         196  os_var.o(.bss)
    OSIntQTaskTCB                            0x20001ccc   Data         196  os_var.o(.bss)
    OSMsgPool                                0x20001d90   Data          12  os_var.o(.bss)
    OSRdyList                                0x20001d9c   Data         768  os_var.o(.bss)
    OSStatTaskTCB                            0x2000209c   Data         196  os_var.o(.bss)
    OSTickTaskTCB                            0x20002160   Data         196  os_var.o(.bss)
    OSTmrTaskTCB                             0x20002224   Data         196  os_var.o(.bss)
    StartTaskTCB                             0x200022e8   Data         196  start_task.o(.bss)
    START_TASK_STK                           0x200023ac   Data        2048  start_task.o(.bss)
    Led0TaskTCB                              0x20002bac   Data         196  led_task.o(.bss)
    LED0_TASK_STK                            0x20002c70   Data         512  led_task.o(.bss)
    FloatTaskTCB                             0x20002e70   Data         196  float_task.o(.bss)
    FLOAT_TASK_STK                           0x20002f38   Data         512  float_task.o(.bss)
    ProtocolTaskTCB                          0x20003138   Data         196  protocol_task.o(.bss)
    Protocol_TASK_STK                        0x200031fc   Data         512  protocol_task.o(.bss)
    __initial_sp                             0x20003800   Data           0  startup_stm32f10x_md.o(STACK)



==============================================================================

Memory Map of the image

  Image Entry point : 0x080000ed

  Load Region LR_IROM1 (Base: 0x08000000, Size: 0x0000cec0, Max: 0x00010000, ABSOLUTE)

    Execution Region ER_IROM1 (Base: 0x08000000, Size: 0x0000cd9c, Max: 0x00010000, ABSOLUTE)

    Base Addr    Size         Type   Attr      Idx    E Section Name        Object

    0x08000000   0x000000ec   Data   RO          965    RESET               startup_stm32f10x_md.o
    0x080000ec   0x00000000   Code   RO         1000  * .ARM.Collect$$$$00000000  mc_w.l(entry.o)
    0x080000ec   0x00000004   Code   RO         1274    .ARM.Collect$$$$00000001  mc_w.l(entry2.o)
    0x080000f0   0x00000004   Code   RO         1277    .ARM.Collect$$$$00000004  mc_w.l(entry5.o)
    0x080000f4   0x00000000   Code   RO         1279    .ARM.Collect$$$$00000008  mc_w.l(entry7b.o)
    0x080000f4   0x00000000   Code   RO         1281    .ARM.Collect$$$$0000000A  mc_w.l(entry8b.o)
    0x080000f4   0x00000008   Code   RO         1282    .ARM.Collect$$$$0000000B  mc_w.l(entry9a.o)
    0x080000fc   0x00000000   Code   RO         1284    .ARM.Collect$$$$0000000D  mc_w.l(entry10a.o)
    0x080000fc   0x00000000   Code   RO         1286    .ARM.Collect$$$$0000000F  mc_w.l(entry11a.o)
    0x080000fc   0x00000004   Code   RO         1275    .ARM.Collect$$$$00002712  mc_w.l(entry2.o)
    0x08000100   0x00000110   Code   RO            4    .text               main.o
    0x08000210   0x0000002c   Code   RO          180    .text               led.o
    0x0800023c   0x000001dc   Code   RO          201    .text               hekr_protocol.o
    0x08000418   0x0000014c   Code   RO          223    .text               delay.o
    0x08000564   0x0000018c   Code   RO          277    .text               uart.o
    0x080006f0   0x00000084   Code   RO          308    .text               bsp.o
    0x08000774   0x00000354   Code   RO          335    .text               bsp_int.o
    0x08000ac8   0x000002a8   Code   RO          358    .text               cpu_core.o
    0x08000d70   0x00000034   Code   RO          384    .text               cpu_a.o
    0x08000da4   0x0000077c   Code   RO          387    .text               cpu_c.o
    0x08001520   0x00000256   Code   RO          399    .text               lib_ascii.o
    0x08001776   0x00000002   PAD
    0x08001778   0x000009c6   Code   RO          432    .text               lib_mem.o
    0x0800213e   0x00000002   PAD
    0x08002140   0x0000092c   Code   RO          451    .text               lib_str.o
    0x08002a6c   0x00000220   Code   RO          468    .text               lib_mem_a.o
    0x08002c8c   0x000000fc   Code   RO          471    .text               os_cfg_app.o
    0x08002d88   0x00000e04   Code   RO          494    .text               os_core.o
    0x08003b8c   0x000001b0   Code   RO          506    .text               os_dbg.o
    0x08003d3c   0x00000e28   Code   RO          521    .text               os_flag.o
    0x08004b64   0x00000444   Code   RO          533    .text               os_int.o
    0x08004fa8   0x00000238   Code   RO          545    .text               os_mem.o
    0x080051e0   0x0000022c   Code   RO          557    .text               os_msg.o
    0x0800540c   0x00000ad4   Code   RO          569    .text               os_mutex.o
    0x08005ee0   0x0000007c   Code   RO          587    .text               os_prio.o
    0x08005f5c   0x000008d8   Code   RO          606    .text               os_q.o
    0x08006834   0x00000830   Code   RO          618    .text               os_sem.o
    0x08007064   0x00000638   Code   RO          630    .text               os_stat.o
    0x0800769c   0x00001bb4   Code   RO          642    .text               os_task.o
    0x08009250   0x000004fc   Code   RO          654    .text               os_tick.o
    0x0800974c   0x00000564   Code   RO          666    .text               os_time.o
    0x08009cb0   0x00000818   Code   RO          678    .text               os_tmr.o
    0x0800a4c8   0x0000026c   Code   RO          704    .text               os_cpu_c.o
    0x0800a734   0x00000194   Code   RO          743    .text               start_task.o
    0x0800a8c8   0x00000048   Code   RO          773    .text               led_task.o
    0x0800a910   0x00000170   Code   RO          803    .text               float_task.o
    0x0800aa80   0x00000154   Code   RO          834    .text               protocol_task.o
    0x0800abd4   0x000000dc   Code   RO          868    .text               misc.o
    0x0800acb0   0x0000035c   Code   RO          892    .text               stm32f10x_gpio.o
    0x0800b00c   0x000003a4   Code   RO          916    .text               stm32f10x_rcc.o
    0x0800b3b0   0x00000408   Code   RO          942    .text               stm32f10x_usart.o
    0x0800b7b8   0x00000024   Code   RO          966    .text               startup_stm32f10x_md.o
    0x0800b7dc   0x000001e0   Code   RO          973    .text               system_stm32f10x.o
    0x0800b9bc   0x00000062   Code   RO         1003    .text               mc_w.l(uldiv.o)
    0x0800ba1e   0x000000b0   Code   RO         1266    .text               mf_w.l(fadd.o)
    0x0800bace   0x00000026   Code   RO         1268    .text               mf_w.l(f2d.o)
    0x0800baf4   0x00000014   Code   RO         1270    .text               mf_w.l(cfcmple.o)
    0x0800bb08   0x00000014   Code   RO         1272    .text               mf_w.l(cfrcmple.o)
    0x0800bb1c   0x0000002c   Code   RO         1289    .text               mc_w.l(uidiv.o)
    0x0800bb48   0x0000001e   Code   RO         1291    .text               mc_w.l(llshl.o)
    0x0800bb66   0x00000020   Code   RO         1293    .text               mc_w.l(llushr.o)
    0x0800bb86   0x00000000   Code   RO         1295    .text               mc_w.l(iusefp.o)
    0x0800bb86   0x0000006e   Code   RO         1296    .text               mf_w.l(fepilogue.o)
    0x0800bbf4   0x0000014e   Code   RO         1298    .text               mf_w.l(dadd.o)
    0x0800bd42   0x000000e4   Code   RO         1300    .text               mf_w.l(dmul.o)
    0x0800be26   0x000000de   Code   RO         1302    .text               mf_w.l(ddiv.o)
    0x0800bf04   0x00000030   Code   RO         1304    .text               mf_w.l(dfixul.o)
    0x0800bf34   0x00000030   Code   RO         1306    .text               mf_w.l(cdrcmple.o)
    0x0800bf64   0x00000024   Code   RO         1308    .text               mc_w.l(init.o)
    0x0800bf88   0x00000024   Code   RO         1310    .text               mc_w.l(llsshr.o)
    0x0800bfac   0x000000ba   Code   RO         1312    .text               mf_w.l(depilogue.o)
    0x0800c066   0x00000002   PAD
    0x0800c068   0x00000098   Code   RO          722    CODE                os_cpu_a.o
    0x0800c100   0x00000020   Code   RO         1238    i.__0printf         mc_w.l(printfa.o)
    0x0800c120   0x0000000e   Code   RO         1316    i.__scatterload_copy  mc_w.l(handlers.o)
    0x0800c12e   0x00000002   Code   RO         1317    i.__scatterload_null  mc_w.l(handlers.o)
    0x0800c130   0x0000000e   Code   RO         1318    i.__scatterload_zeroinit  mc_w.l(handlers.o)
    0x0800c13e   0x00000002   PAD
    0x0800c140   0x00000164   Code   RO         1245    i._fp_digits        mc_w.l(printfa.o)
    0x0800c2a4   0x000006dc   Code   RO         1246    i._printf_core      mc_w.l(printfa.o)
    0x0800c980   0x00000024   Code   RO         1247    i._printf_post_padding  mc_w.l(printfa.o)
    0x0800c9a4   0x0000002e   Code   RO         1248    i._printf_pre_padding  mc_w.l(printfa.o)
    0x0800c9d2   0x00000002   PAD
    0x0800c9d4   0x00000104   Data   RO          360    .constdata          cpu_core.o
    0x0800cad8   0x00000094   Data   RO          452    .constdata          lib_str.o
    0x0800cb6c   0x000000a4   Data   RO          473    .constdata          os_cfg_app.o
    0x0800cc10   0x0000016c   Data   RO          507    .constdata          os_dbg.o
    0x0800cd7c   0x00000020   Data   RO         1314    Region$$Table       anon$$obj.o


    Execution Region RW_IRAM1 (Base: 0x20000000, Size: 0x00003800, Max: 0x00005000, ABSOLUTE)

    Base Addr    Size         Type   Attr      Idx    E Section Name        Object

    0x20000000   0x0000000c   Data   RW          203    .data               hekr_protocol.o
    0x2000000c   0x00000004   Data   RW          224    .data               delay.o
    0x20000010   0x00000003   Data   RW          279    .data               uart.o
    0x20000013   0x00000001   PAD
    0x20000014   0x00000004   Data   RW          361    .data               cpu_core.o
    0x20000018   0x00000004   Data   RW          434    .data               lib_mem.o
    0x2000001c   0x00000008   Data   RW          588    .data               os_prio.o
    0x20000024   0x000000c8   Data   RW          691    .data               os_var.o
    0x200000ec   0x00000004   Data   RW          705    .data               os_cpu_c.o
    0x200000f0   0x00000004   Data   RW          805    .data               float_task.o
    0x200000f4   0x00000001   Data   RW          836    .data               protocol_task.o
    0x200000f5   0x00000014   Data   RW          917    .data               stm32f10x_rcc.o
    0x20000109   0x00000003   PAD
    0x2000010c   0x00000014   Data   RW          974    .data               system_stm32f10x.o
    0x20000120   0x00000004   Data   RW         1288    .data               mc_w.l(stdout.o)
    0x20000124   0x000000d7   Zero   RW          202    .bss                hekr_protocol.o
    0x200001fb   0x00000014   Zero   RW          278    .bss                uart.o
    0x2000020f   0x00000001   PAD
    0x20000210   0x00000110   Zero   RW          336    .bss                bsp_int.o
    0x20000320   0x00000010   Zero   RW          359    .bss                cpu_core.o
    0x20000330   0x00000448   Zero   RW          433    .bss                lib_mem.o
    0x20000778   0x00001490   Zero   RW          472    .bss                os_cfg_app.o
    0x20001c08   0x000006e0   Zero   RW          690    .bss                os_var.o
    0x200022e8   0x000008c4   Zero   RW          744    .bss                start_task.o
    0x20002bac   0x000002c4   Zero   RW          774    .bss                led_task.o
    0x20002e70   0x000002c8   Zero   RW          804    .bss                float_task.o
    0x20003138   0x000002c4   Zero   RW          835    .bss                protocol_task.o
    0x200033fc   0x00000004   PAD
    0x20003400   0x00000400   Zero   RW          963    STACK               startup_stm32f10x_md.o


==============================================================================

Image component sizes


      Code (inc. data)   RO Data    RW Data    ZI Data      Debug   Object Name

       132         12          0          0          0       1139   bsp.o
       852          8          0          0        272      10782   bsp_int.o
        52          0          0          0          0        344   cpu_a.o
      1916        102          0          0          0       3457   cpu_c.o
       680         14        260          4         16      14283   cpu_core.o
       332         28          0          4          0       1765   delay.o
       368         92          0          4        712       1319   float_task.o
       476         22          0         12        215       4958   hekr_protocol.o
        44          4          0          0          0        463   led.o
        72         10          0          0        708       1140   led_task.o
       598          0          0          0          0       3696   lib_ascii.o
      2502         32          0          4       1096      21756   lib_mem.o
       544          0          0          0          0        492   lib_mem_a.o
      2348          6        148          0          0      13070   lib_str.o
       272         38          0          0          0     273340   main.o
       220         22          0          0          0       1913   misc.o
       252        166        164          0       5264      20914   os_cfg_app.o
      3588        294          0          0          0      12033   os_core.o
       152         32          0          0          0        400   os_cpu_a.o
       620         66          0          4          0       3765   os_cpu_c.o
       432        286        364          0          0       4761   os_dbg.o
      3624        110          0          0          0       7699   os_flag.o
      1092        146          0          0          0       2276   os_int.o
       568         20          0          0          0       2672   os_mem.o
       556         12          0          0          0       2731   os_msg.o
      2772        114          0          0          0       5390   os_mutex.o
       124          4          0          8          0       1756   os_prio.o
      2264         76          0          0          0       6072   os_q.o
      2096         70          0          0          0       6088   os_sem.o
      1592        180          0          0          0       2773   os_stat.o
      7092        270          0          0          0      13450   os_task.o
      1276         90          0          0          0       3233   os_tick.o
      1380         46          0          0          0       3169   os_time.o
      2072        140          0          0          0       6270   os_tmr.o
         0          0          0        200       1760      19365   os_var.o
       340        128          0          1        708       1360   protocol_task.o
       404         92          0          0       2244       1263   start_task.o
        36          8        236          0       1024        824   startup_stm32f10x_md.o
       860         38          0          0          0       5753   stm32f10x_gpio.o
       932         36          0         20          0       8908   stm32f10x_rcc.o
      1032         22          0          0          0       8484   stm32f10x_usart.o
       480         38          0         20          0       1907   system_stm32f10x.o
       396         30          0          3         20       2154   uart.o

    ----------------------------------------------------------------------
     47444       2904       1204        288      14044     509387   Object Totals
         0          0         32          0          0          0   (incl. Generated)
         4          0          0          4          5          0   (incl. Padding)

    ----------------------------------------------------------------------

      Code (inc. data)   RO Data    RW Data    ZI Data      Debug   Library Member Name

         0          0          0          0          0          0   entry.o
         0          0          0          0          0          0   entry10a.o
         0          0          0          0          0          0   entry11a.o
         8          4          0          0          0          0   entry2.o
         4          0          0          0          0          0   entry5.o
         0          0          0          0          0          0   entry7b.o
         0          0          0          0          0          0   entry8b.o
         8          4          0          0          0          0   entry9a.o
        30          0          0          0          0          0   handlers.o
        36          8          0          0          0         68   init.o
         0          0          0          0          0          0   iusefp.o
        30          0          0          0          0         68   llshl.o
        36          0          0          0          0         68   llsshr.o
        32          0          0          0          0         68   llushr.o
      2226         90          0          0          0        444   printfa.o
         0          0          0          4          0          0   stdout.o
        44          0          0          0          0         80   uidiv.o
        98          0          0          0          0         92   uldiv.o
        48          0          0          0          0         68   cdrcmple.o
        20          0          0          0          0         68   cfcmple.o
        20          0          0          0          0         68   cfrcmple.o
       334          0          0          0          0        148   dadd.o
       222          0          0          0          0        100   ddiv.o
       186          0          0          0          0        176   depilogue.o
        48          0          0          0          0         68   dfixul.o
       228          0          0          0          0         96   dmul.o
        38          0          0          0          0         68   f2d.o
       176          0          0          0          0        140   fadd.o
       110          0          0          0          0        168   fepilogue.o

    ----------------------------------------------------------------------
      3988        106          0          4          0       2056   Library Totals
         6          0          0          0          0          0   (incl. Padding)

    ----------------------------------------------------------------------

      Code (inc. data)   RO Data    RW Data    ZI Data      Debug   Library Name

      2552        106          0          4          0        888   mc_w.l
      1430          0          0          0          0       1168   mf_w.l

    ----------------------------------------------------------------------
      3988        106          0          4          0       2056   Library Totals

    ----------------------------------------------------------------------

==============================================================================


      Code (inc. data)   RO Data    RW Data    ZI Data      Debug   

     51432       3010       1204        292      14044     507019   Grand Totals
     51432       3010       1204        292      14044     507019   ELF Image Totals
     51432       3010       1204        292          0          0   ROM Totals

==============================================================================

    Total RO  Size (Code + RO Data)                52636 (  51.40kB)
    Total RW  Size (RW Data + ZI Data)             14336 (  14.00kB)
    Total ROM Size (Code + RO Data + RW Data)      52928 (  51.69kB)

==============================================================================

