
Map of Debug\led_control.sm8 from link file Debug\led_control.lkf - Mon Sep 21 17:29:41 2015


                               --------
                               Segments
                               --------

start 00008080 end 00008080 length     0 segment .const
start 000080a0 end 0000879c length  1788 segment .text
start 00004000 end 00004000 length     0 segment .eeprom
start 00000000 end 00000018 length    24 segment .bsct, initialized
start 00008088 end 000080a0 length    24 segment .bsct, from
start 00000018 end 00000083 length   107 segment .ubsct
start 00000083 end 00000083 length     0 segment .bit
start 00000083 end 00000083 length     0 segment .share
start 00000100 end 00000100 length     0 segment .data
start 00000100 end 00000100 length     0 segment .bss
start 00000000 end 00014abb length 84667 segment .debug
start 00008000 end 00008080 length   128 segment .const
start 00008080 end 00008088 length     8 segment .init


                               -------
                               Modules
                               -------

D:\Program Files (x86)\COSMIC\CXSTM8\Lib\crtsi0.sm8:
start 000080a0 end 000080eb length    75 section .text
start 00000100 end 00000100 length     0 section .bss
start 00000018 end 00000018 length     0 section .ubsct

Debug\bright_mode.o:
start 000080eb end 000081c4 length   217 section .text
start 00000000 end 00002e41 length 11841 section .debug

Debug\hekr_protocol.o:
start 000081c4 end 00008368 length   420 section .text
start 00000000 end 00000003 length     3 section .bsct
start 00000018 end 00000069 length    81 section .ubsct
start 00002e41 end 000035ab length  1898 section .debug

Debug\led.o:
start 00008368 end 00008507 length   415 section .text
start 00000003 end 00000012 length    15 section .bsct
start 000035ab end 000067eb length 12864 section .debug

Debug\stm8_eeprom.o:
start 00008507 end 00008563 length    92 section .text
start 000067eb end 00009763 length 12152 section .debug

Debug\stm8_tim1.o:
start 00008563 end 0000857c length    25 section .text
start 00009763 end 0000b232 length  6863 section .debug

Debug\stm8_tim2pwm.o:
start 0000857c end 000085af length    51 section .text
start 0000b232 end 0000cde6 length  7092 section .debug

Debug\stm8_uart.o:
start 000085af end 000085df length    48 section .text
start 0000cde6 end 0000e967 length  7041 section .debug

Debug\main.o:
start 000085df end 000086dd length   254 section .text
start 00000012 end 00000017 length     5 section .bsct
start 00000069 end 0000007d length    20 section .ubsct
start 0000e967 end 0001197d length 12310 section .debug

Debug\delay.o:
start 000086dd end 00008746 length   105 section .text
start 00000017 end 00000018 length     1 section .bsct
start 0001197d end 00011b34 length   439 section .debug

Debug\sys.o:
start 00008746 end 0000874f length     9 section .text
start 00011b34 end 00014950 length 11804 section .debug

(D:\Program Files (x86)\COSMIC\CXSTM8\Lib\libm0.sm8)imul.o:
start 0000874f end 00008770 length    33 section .text

(D:\Program Files (x86)\COSMIC\CXSTM8\Lib\libm0.sm8)sdivx.o:
start 00008770 end 0000879b length    43 section .text

(D:\Program Files (x86)\COSMIC\CXSTM8\Lib\libm0.sm8)xreg.o:
start 0000007d end 00000080 length     3 section .ubsct

(D:\Program Files (x86)\COSMIC\CXSTM8\Lib\libm0.sm8)yreg.o:
start 00000080 end 00000083 length     3 section .ubsct

Debug\stm8_interrupt_vector.o:
start 0000879b end 0000879c length     1 section .text
start 00014950 end 00014abb length   363 section .debug
start 00008000 end 00008080 length   128 section .const


                             -----------
                             Stack usage
                             -----------

Debug\bright_mode.o:
_Bright_ModeInit             19   (3)

Debug\delay.o:
_delay_init                   5   (3)
_delay_ms                     8   (5)
_delay_us                     2   (2)

Debug\hekr_protocol.o:
L12_ErrResponse              16   (3)
L31_HekrSendByte              5   (2) *** pointer() ***
L32_SumCalculate              7   (7)
L51_HekrSendFrame            13   (6)
L52_HekrValidDataCopy         6   (6)
L71_SumCheckIsErr            13   (6)
L72_HekrModuleStateCopy       6   (6)
_HekrInit                     2   (2)
_HekrModuleControl           16   (3)
_HekrRecvDataHandle          20   (4)
_HekrValidDataUpload         17   (4)

Debug\led.o:
L3172_LED_Close               2   (2)
L5172_LED_Open               12   (2)
L5203_UpdateColourTemp        8   (5)
_CurBrighControl             10   (4)
_LED_ClodWhiteBrightSet       6   (4)
_LED_StateControl            14   (2)
_LED_WarmWhiteBrightSet       6   (4)
_MCU_ConfigMode              12   (2)
_UpdateBright                10   (2)

Debug\main.o:
_DataHandle                  23   (3)
_System_init                 21   (2)
_main                    >   25   (2)
f_TIM1_IRQHandler        >   21   (11)
f_UART1_Recv_IRQHandler  >    6   (6)

Debug\stm8_eeprom.o:
L1472_EEPROM_Lock             2   (2)
L3172_EEPROM_UnLock           2   (2)
_ReadEEPROM                   7   (5)
_WriteEEPROM                 10   (8)

Debug\stm8_interrupt_vector.o:
f_NonHandledInterrupt    >    5   (5)

Debug\stm8_tim1.o:
_TIM1_Init                    2   (2)

Debug\stm8_tim2pwm.o:
_TIM2_CH2_Duty                2   (2)
_TIM2_CH3_Duty                2   (2)
_TIM2_Init                    2   (2)

Debug\stm8_uart.o:
_UART1_Init                   2   (2)
_UART1_SendChar               3   (3)
_putchar                 >    6   (3)

Debug\sys.o:
_System_Clock_init            2   (2)

Stack size: 46


                              ---------
                              Call tree
                              ---------
   1 > __stext: (0)

   2 > _main: (2)
   3      + _DataHandle: (3)
   4      |    + _HekrRecvDataHandle: (4)
   5      |    |    + L12_ErrResponse: (3)
   6      |    |    |    + L51_HekrSendFrame: (6)
   7      |    |    |    |    + L31_HekrSendByte: (2)
   8      |    |    |    |    |    + (_UART1_SendChar) ...
          |    |    |    |    | 
   9      |    |    |    |    + L32_SumCalculate: (7)
          |    |    |    | 
          |    |    | 
  10      |    |    + L51_HekrSendFrame --> 6
  11      |    |    + L52_HekrValidDataCopy: (6)
  12      |    |    + L71_SumCheckIsErr: (6)
  13      |    |    |    + L32_SumCalculate --> 9
          |    |    | 
  14      |    |    + L72_HekrModuleStateCopy: (6)
          |    | 
  15      |    + _HekrValidDataUpload: (4)
  16      |    |    + L51_HekrSendFrame --> 6
          |    | 
  17      |    + _LED_StateControl: (2)
  18      |    |    + L3172_LED_Close: (2)
  19      |    |    + L5172_LED_Open: (2)
  20      |    |    |    + _UpdateBright: (2)
  21      |    |    |    |    + L5203_UpdateColourTemp: (5)
          |    |    |    | 
          |    |    | 
          |    | 
  22      |    + _UpdateBright --> 20
          | 
  23      + _HekrModuleControl: (3)
  24      |    + L51_HekrSendFrame --> 6
          | 
  25      + _MCU_ConfigMode: (2)
  26      |    + _UpdateBright --> 20
  27      |    + _delay_ms: (5)
  28      |    |    + _delay_us: (2)
          |    | 
          | 
  29      + _System_init: (2)
  30      |    + _Bright_ModeInit: (3)
  31      |    |    + _HekrModuleControl --> 23
  32      |    |    + _ReadEEPROM: (5)
  33      |    |    |    + L1472_EEPROM_Lock: (2)
  34      |    |    |    + L3172_EEPROM_UnLock: (2)
          |    |    | 
  35      |    |    + _UpdateBright --> 20
  36      |    |    + _WriteEEPROM: (8)
  37      |    |    |    + L1472_EEPROM_Lock --> 33
  38      |    |    |    + L3172_EEPROM_UnLock --> 34
          |    |    | 
  39      |    |    + _delay_ms --> 27
          |    | 
  40      |    + _HekrInit: (2)
  41      |    + _System_Clock_init: (2)
  42      |    + _TIM1_Init: (2)
  43      |    + _TIM2_Init: (2)
  44      |    + _UART1_Init: (2)
  45      |    + _delay_init: (3)
          | 
       
  46 > _putchar: (3)
  47      + _UART1_SendChar: (3)
       
  48 > f_NonHandledInterrupt: (5)

  49 > f_TIM1_IRQHandler: (11)
  50      + _CurBrighControl: (4)
  51      |    + _LED_ClodWhiteBrightSet: (4)
  52      |    |    + _TIM2_CH3_Duty: (2)
          |    | 
  53      |    + _LED_WarmWhiteBrightSet: (4)
  54      |    |    + _TIM2_CH2_Duty: (2)
          |    | 
          | 
       
  55 > f_UART1_Recv_IRQHandler: (6)

  56   L12_ErrResponse --> 5

  57   L1472_EEPROM_Lock --> 33

  58   L3172_EEPROM_UnLock --> 34

  59   L3172_LED_Close --> 18

  60   L31_HekrSendByte --> 7

  61   L32_SumCalculate --> 9

  62   L5172_LED_Open --> 19

  63   L51_HekrSendFrame --> 6

  64   L5203_UpdateColourTemp --> 21

  65   L52_HekrValidDataCopy --> 11

  66   L71_SumCheckIsErr --> 12

  67   L72_HekrModuleStateCopy --> 14

  68   _Bright_ModeInit --> 30

  69   _CurBrighControl --> 50

  70   _DataHandle --> 3

  71   _HekrInit --> 40

  72   _HekrModuleControl --> 23

  73   _HekrRecvDataHandle --> 4

  74   _HekrValidDataUpload --> 15

  75   _LED_ClodWhiteBrightSet --> 51

  76   _LED_StateControl --> 17

  77   _LED_WarmWhiteBrightSet --> 53

  78   _MCU_ConfigMode --> 25

  79   _ReadEEPROM --> 32

  80   _System_Clock_init --> 41

  81   _System_init --> 29

  82   _TIM1_Init --> 42

  83   _TIM2_CH2_Duty --> 54

  84   _TIM2_CH3_Duty --> 52

  85   _TIM2_Init --> 43

  86   _UART1_Init --> 44

  87   _UART1_SendChar --> 47

  88   _UpdateBright --> 20

  89   _WriteEEPROM --> 36

  90   _delay_init --> 45

  91   _delay_ms --> 27

  92   _delay_us --> 28



                               -------
                               Symbols
                               -------

_ADC_AWCR                 0000540e   defined in Debug\bright_mode.o
_ADC_AWCRH                0000540e   defined in Debug\bright_mode.o
_ADC_AWCRL                0000540f   defined in Debug\bright_mode.o
_ADC_AWSR                 0000540c   defined in Debug\bright_mode.o
_ADC_AWSRH                0000540c   defined in Debug\bright_mode.o
_ADC_AWSRL                0000540d   defined in Debug\bright_mode.o
_ADC_CR1                  00005401   defined in Debug\bright_mode.o
_ADC_CR2                  00005402   defined in Debug\bright_mode.o
_ADC_CR3                  00005403   defined in Debug\bright_mode.o
_ADC_CSR                  00005400   defined in Debug\bright_mode.o
_ADC_DB0R                 000053e0   defined in Debug\bright_mode.o
_ADC_DB0RH                000053e0   defined in Debug\bright_mode.o
_ADC_DB0RL                000053e1   defined in Debug\bright_mode.o
_ADC_DB1R                 000053e2   defined in Debug\bright_mode.o
_ADC_DB1RH                000053e2   defined in Debug\bright_mode.o
_ADC_DB1RL                000053e3   defined in Debug\bright_mode.o
_ADC_DB2R                 000053e4   defined in Debug\bright_mode.o
_ADC_DB2RH                000053e4   defined in Debug\bright_mode.o
_ADC_DB2RL                000053e5   defined in Debug\bright_mode.o
_ADC_DB3R                 000053e6   defined in Debug\bright_mode.o
_ADC_DB3RH                000053e6   defined in Debug\bright_mode.o
_ADC_DB3RL                000053e7   defined in Debug\bright_mode.o
_ADC_DB4R                 000053e8   defined in Debug\bright_mode.o
_ADC_DB4RH                000053e8   defined in Debug\bright_mode.o
_ADC_DB4RL                000053e9   defined in Debug\bright_mode.o
_ADC_DB5R                 000053ea   defined in Debug\bright_mode.o
_ADC_DB5RH                000053ea   defined in Debug\bright_mode.o
_ADC_DB5RL                000053eb   defined in Debug\bright_mode.o
_ADC_DB6R                 000053ec   defined in Debug\bright_mode.o
_ADC_DB6RH                000053ec   defined in Debug\bright_mode.o
_ADC_DB6RL                000053ed   defined in Debug\bright_mode.o
_ADC_DB7R                 000053ee   defined in Debug\bright_mode.o
_ADC_DB7RH                000053ee   defined in Debug\bright_mode.o
_ADC_DB7RL                000053ef   defined in Debug\bright_mode.o
_ADC_DB8R                 000053f0   defined in Debug\bright_mode.o
_ADC_DB8RH                000053f0   defined in Debug\bright_mode.o
_ADC_DB8RL                000053f1   defined in Debug\bright_mode.o
_ADC_DB9R                 000053f2   defined in Debug\bright_mode.o
_ADC_DB9RH                000053f2   defined in Debug\bright_mode.o
_ADC_DB9RL                000053f3   defined in Debug\bright_mode.o
_ADC_DR                   00005404   defined in Debug\bright_mode.o
_ADC_DRH                  00005404   defined in Debug\bright_mode.o
_ADC_DRL                  00005405   defined in Debug\bright_mode.o
_ADC_HTR                  00005408   defined in Debug\bright_mode.o
_ADC_HTRH                 00005408   defined in Debug\bright_mode.o
_ADC_HTRL                 00005409   defined in Debug\bright_mode.o
_ADC_LTR                  0000540a   defined in Debug\bright_mode.o
_ADC_LTRH                 0000540a   defined in Debug\bright_mode.o
_ADC_LTRL                 0000540b   defined in Debug\bright_mode.o
_ADC_TDR                  00005406   defined in Debug\bright_mode.o
_ADC_TDRH                 00005406   defined in Debug\bright_mode.o
_ADC_TDRL                 00005407   defined in Debug\bright_mode.o
_AWU_APR                  000050f1   defined in Debug\bright_mode.o
_AWU_CSR                  000050f0   defined in Debug\bright_mode.o
_AWU_TBR                  000050f2   defined in Debug\bright_mode.o
_BEEP_CSR                 000050f3   defined in Debug\bright_mode.o
_Bright_ModeInit          000080eb   defined in Debug\bright_mode.o section .text
                                     used in Debug\main.o
_CFG_GCR                  00007f60   defined in Debug\bright_mode.o
_CLK_CANCCR               000050cb   defined in Debug\bright_mode.o
_CLK_CCOR                 000050c9   defined in Debug\bright_mode.o
_CLK_CKDIVR               000050c6   defined in Debug\bright_mode.o
_CLK_CMSR                 000050c3   defined in Debug\bright_mode.o
_CLK_CSSR                 000050c8   defined in Debug\bright_mode.o
_CLK_ECKR                 000050c1   defined in Debug\bright_mode.o
_CLK_HSITRIMR             000050cc   defined in Debug\bright_mode.o
_CLK_ICKR                 000050c0   defined in Debug\bright_mode.o
_CLK_PCKENR1              000050c7   defined in Debug\bright_mode.o
_CLK_PCKENR2              000050ca   defined in Debug\bright_mode.o
_CLK_SWCR                 000050c5   defined in Debug\bright_mode.o
_CLK_SWIMCCR              000050cd   defined in Debug\bright_mode.o
_CLK_SWR                  000050c4   defined in Debug\bright_mode.o
_CurBrighControl          00008454   defined in Debug\led.o section .text
                                     used in Debug\main.o
_DataHandle               00008611   defined in Debug\main.o section .text
_EXTI_CR1                 000050a0   defined in Debug\bright_mode.o
_EXTI_CR2                 000050a1   defined in Debug\bright_mode.o
_FLASH_CR1                0000505a   defined in Debug\bright_mode.o
_FLASH_CR2                0000505b   defined in Debug\bright_mode.o
_FLASH_DUKR               00005064   defined in Debug\bright_mode.o
_FLASH_FPR                0000505d   defined in Debug\bright_mode.o
_FLASH_IAPSR              0000505f   defined in Debug\bright_mode.o
_FLASH_NCR2               0000505c   defined in Debug\bright_mode.o
_FLASH_NFPR               0000505e   defined in Debug\bright_mode.o
_FLASH_PUKR               00005062   defined in Debug\bright_mode.o
_HekrInit                 000081c4   defined in Debug\hekr_protocol.o section .text
                                     used in Debug\main.o
_HekrModuleControl        0000824c   defined in Debug\hekr_protocol.o section .text
                                     used in Debug\bright_mode.o Debug\main.o
_HekrRecvDataHandle       000081c7   defined in Debug\hekr_protocol.o section .text
                                     used in Debug\main.o
_HekrValidDataUpload      0000821d   defined in Debug\hekr_protocol.o section .text
                                     used in Debug\main.o
_I2C_CCRH                 0000521c   defined in Debug\bright_mode.o
_I2C_CCRL                 0000521b   defined in Debug\bright_mode.o
_I2C_CR1                  00005210   defined in Debug\bright_mode.o
_I2C_CR2                  00005211   defined in Debug\bright_mode.o
_I2C_DR                   00005216   defined in Debug\bright_mode.o
_I2C_FREQR                00005212   defined in Debug\bright_mode.o
_I2C_ITR                  0000521a   defined in Debug\bright_mode.o
_I2C_OARH                 00005214   defined in Debug\bright_mode.o
_I2C_OARL                 00005213   defined in Debug\bright_mode.o
_I2C_PECR                 0000521e   defined in Debug\bright_mode.o
_I2C_SR1                  00005217   defined in Debug\bright_mode.o
_I2C_SR2                  00005218   defined in Debug\bright_mode.o
_I2C_SR3                  00005219   defined in Debug\bright_mode.o
_I2C_TRISER               0000521d   defined in Debug\bright_mode.o
_ITC_SPR1                 00007f70   defined in Debug\bright_mode.o
_ITC_SPR2                 00007f71   defined in Debug\bright_mode.o
_ITC_SPR3                 00007f72   defined in Debug\bright_mode.o
_ITC_SPR4                 00007f73   defined in Debug\bright_mode.o
_ITC_SPR5                 00007f74   defined in Debug\bright_mode.o
_ITC_SPR6                 00007f75   defined in Debug\bright_mode.o
_ITC_SPR7                 00007f76   defined in Debug\bright_mode.o
_IWDG_KR                  000050e0   defined in Debug\bright_mode.o
_IWDG_PR                  000050e1   defined in Debug\bright_mode.o
_IWDG_RLR                 000050e2   defined in Debug\bright_mode.o
_LED_ClodWhiteBrightSet   00008373   defined in Debug\led.o section .text
_LED_StateControl         0000837e   defined in Debug\led.o section .text
                                     used in Debug\main.o
_LED_WarmWhiteBrightSet   00008368   defined in Debug\led.o section .text
_MCU_ConfigMode           000084d1   defined in Debug\led.o section .text
                                     used in Debug\main.o
_ModuleStatus             00000001   defined in Debug\hekr_protocol.o section .bsct, initialized
                                     used in Debug\main.o
_PA0_IDR                  005001:0   defined in Debug\bright_mode.o
_PA0_ODR                  005000:0   defined in Debug\bright_mode.o
_PA1_CR1                  005003:1   defined in Debug\bright_mode.o
_PA1_CR2                  005004:1   defined in Debug\bright_mode.o
_PA1_DDR                  005002:1   defined in Debug\bright_mode.o
_PA1_IDR                  005001:1   defined in Debug\bright_mode.o
_PA1_ODR                  005000:1   defined in Debug\bright_mode.o
_PA2_CR1                  005003:2   defined in Debug\bright_mode.o
_PA2_CR2                  005004:2   defined in Debug\bright_mode.o
_PA2_DDR                  005002:2   defined in Debug\bright_mode.o
_PA2_IDR                  005001:2   defined in Debug\bright_mode.o
_PA2_ODR                  005000:2   defined in Debug\bright_mode.o
_PA3_CR1                  005003:3   defined in Debug\bright_mode.o
_PA3_CR2                  005004:3   defined in Debug\bright_mode.o
_PA3_DDR                  005002:3   defined in Debug\bright_mode.o
_PA3_IDR                  005001:3   defined in Debug\bright_mode.o
_PA3_ODR                  005000:3   defined in Debug\bright_mode.o
_PA4_CR1                  005003:4   defined in Debug\bright_mode.o
_PA4_CR2                  005004:4   defined in Debug\bright_mode.o
_PA4_DDR                  005002:4   defined in Debug\bright_mode.o
_PA4_IDR                  005001:4   defined in Debug\bright_mode.o
_PA4_ODR                  005000:4   defined in Debug\bright_mode.o
_PA5_CR1                  005003:5   defined in Debug\bright_mode.o
_PA5_CR2                  005004:5   defined in Debug\bright_mode.o
_PA5_DDR                  005002:5   defined in Debug\bright_mode.o
_PA5_IDR                  005001:5   defined in Debug\bright_mode.o
_PA5_ODR                  005000:5   defined in Debug\bright_mode.o
_PA6_CR1                  005003:6   defined in Debug\bright_mode.o
_PA6_CR2                  005004:6   defined in Debug\bright_mode.o
_PA6_DDR                  005002:6   defined in Debug\bright_mode.o
_PA6_IDR                  005001:6   defined in Debug\bright_mode.o
_PA6_ODR                  005000:6   defined in Debug\bright_mode.o
_PA7_CR1                  005003:7   defined in Debug\bright_mode.o
_PA7_CR2                  005004:7   defined in Debug\bright_mode.o
_PA7_DDR                  005002:7   defined in Debug\bright_mode.o
_PA7_IDR                  005001:7   defined in Debug\bright_mode.o
_PA7_ODR                  005000:7   defined in Debug\bright_mode.o
_PA_CR1                   00005003   defined in Debug\bright_mode.o
_PA_CR2                   00005004   defined in Debug\bright_mode.o
_PA_DDR                   00005002   defined in Debug\bright_mode.o
_PA_IDR                   00005001   defined in Debug\bright_mode.o
_PA_ODR                   00005000   defined in Debug\bright_mode.o
_PB0_IDR                  005006:0   defined in Debug\bright_mode.o
_PB0_ODR                  005005:0   defined in Debug\bright_mode.o
_PB1_CR1                  005008:1   defined in Debug\bright_mode.o
_PB1_CR2                  005009:1   defined in Debug\bright_mode.o
_PB1_DDR                  005007:1   defined in Debug\bright_mode.o
_PB1_IDR                  005006:1   defined in Debug\bright_mode.o
_PB1_ODR                  005005:1   defined in Debug\bright_mode.o
_PB2_CR1                  005008:2   defined in Debug\bright_mode.o
_PB2_CR2                  005009:2   defined in Debug\bright_mode.o
_PB2_DDR                  005007:2   defined in Debug\bright_mode.o
_PB2_IDR                  005006:2   defined in Debug\bright_mode.o
_PB2_ODR                  005005:2   defined in Debug\bright_mode.o
_PB3_CR1                  005008:3   defined in Debug\bright_mode.o
_PB3_CR2                  005009:3   defined in Debug\bright_mode.o
_PB3_DDR                  005007:3   defined in Debug\bright_mode.o
_PB3_IDR                  005006:3   defined in Debug\bright_mode.o
_PB3_ODR                  005005:3   defined in Debug\bright_mode.o
_PB4_CR1                  005008:4   defined in Debug\bright_mode.o
_PB4_CR2                  005009:4   defined in Debug\bright_mode.o
_PB4_DDR                  005007:4   defined in Debug\bright_mode.o
_PB4_IDR                  005006:4   defined in Debug\bright_mode.o
_PB4_ODR                  005005:4   defined in Debug\bright_mode.o
_PB5_CR1                  005008:5   defined in Debug\bright_mode.o
_PB5_CR2                  005009:5   defined in Debug\bright_mode.o
_PB5_DDR                  005007:5   defined in Debug\bright_mode.o
_PB5_IDR                  005006:5   defined in Debug\bright_mode.o
_PB5_ODR                  005005:5   defined in Debug\bright_mode.o
_PB6_CR1                  005008:6   defined in Debug\bright_mode.o
_PB6_CR2                  005009:6   defined in Debug\bright_mode.o
_PB6_DDR                  005007:6   defined in Debug\bright_mode.o
_PB6_IDR                  005006:6   defined in Debug\bright_mode.o
_PB6_ODR                  005005:6   defined in Debug\bright_mode.o
_PB7_CR1                  005008:7   defined in Debug\bright_mode.o
_PB7_CR2                  005009:7   defined in Debug\bright_mode.o
_PB7_DDR                  005007:7   defined in Debug\bright_mode.o
_PB7_IDR                  005006:7   defined in Debug\bright_mode.o
_PB7_ODR                  005005:7   defined in Debug\bright_mode.o
_PB_CR1                   00005008   defined in Debug\bright_mode.o
_PB_CR2                   00005009   defined in Debug\bright_mode.o
_PB_DDR                   00005007   defined in Debug\bright_mode.o
_PB_IDR                   00005006   defined in Debug\bright_mode.o
_PB_ODR                   00005005   defined in Debug\bright_mode.o
_PC0_IDR                  00500b:0   defined in Debug\bright_mode.o
_PC0_ODR                  00500a:0   defined in Debug\bright_mode.o
_PC1_CR1                  00500d:1   defined in Debug\bright_mode.o
_PC1_CR2                  00500e:1   defined in Debug\bright_mode.o
_PC1_DDR                  00500c:1   defined in Debug\bright_mode.o
_PC1_IDR                  00500b:1   defined in Debug\bright_mode.o
_PC1_ODR                  00500a:1   defined in Debug\bright_mode.o
_PC2_CR1                  00500d:2   defined in Debug\bright_mode.o
_PC2_CR2                  00500e:2   defined in Debug\bright_mode.o
_PC2_DDR                  00500c:2   defined in Debug\bright_mode.o
_PC2_IDR                  00500b:2   defined in Debug\bright_mode.o
_PC2_ODR                  00500a:2   defined in Debug\bright_mode.o
_PC3_CR1                  00500d:3   defined in Debug\bright_mode.o
_PC3_CR2                  00500e:3   defined in Debug\bright_mode.o
_PC3_DDR                  00500c:3   defined in Debug\bright_mode.o
_PC3_IDR                  00500b:3   defined in Debug\bright_mode.o
_PC3_ODR                  00500a:3   defined in Debug\bright_mode.o
_PC4_CR1                  00500d:4   defined in Debug\bright_mode.o
_PC4_CR2                  00500e:4   defined in Debug\bright_mode.o
_PC4_DDR                  00500c:4   defined in Debug\bright_mode.o
_PC4_IDR                  00500b:4   defined in Debug\bright_mode.o
_PC4_ODR                  00500a:4   defined in Debug\bright_mode.o
_PC5_CR1                  00500d:5   defined in Debug\bright_mode.o
_PC5_CR2                  00500e:5   defined in Debug\bright_mode.o
_PC5_DDR                  00500c:5   defined in Debug\bright_mode.o
_PC5_IDR                  00500b:5   defined in Debug\bright_mode.o
_PC5_ODR                  00500a:5   defined in Debug\bright_mode.o
_PC6_CR1                  00500d:6   defined in Debug\bright_mode.o
_PC6_CR2                  00500e:6   defined in Debug\bright_mode.o
_PC6_DDR                  00500c:6   defined in Debug\bright_mode.o
_PC6_IDR                  00500b:6   defined in Debug\bright_mode.o
_PC6_ODR                  00500a:6   defined in Debug\bright_mode.o
_PC7_CR1                  00500d:7   defined in Debug\bright_mode.o
_PC7_CR2                  00500e:7   defined in Debug\bright_mode.o
_PC7_DDR                  00500c:7   defined in Debug\bright_mode.o
_PC7_IDR                  00500b:7   defined in Debug\bright_mode.o
_PC7_ODR                  00500a:7   defined in Debug\bright_mode.o
_PC_CR1                   0000500d   defined in Debug\bright_mode.o
_PC_CR2                   0000500e   defined in Debug\bright_mode.o
_PC_DDR                   0000500c   defined in Debug\bright_mode.o
_PC_IDR                   0000500b   defined in Debug\bright_mode.o
_PC_ODR                   0000500a   defined in Debug\bright_mode.o
_PD0_IDR                  005010:0   defined in Debug\bright_mode.o
_PD0_ODR                  00500f:0   defined in Debug\bright_mode.o
_PD1_CR1                  005012:1   defined in Debug\bright_mode.o
_PD1_CR2                  005013:1   defined in Debug\bright_mode.o
_PD1_DDR                  005011:1   defined in Debug\bright_mode.o
_PD1_IDR                  005010:1   defined in Debug\bright_mode.o
_PD1_ODR                  00500f:1   defined in Debug\bright_mode.o
_PD2_CR1                  005012:2   defined in Debug\bright_mode.o
_PD2_CR2                  005013:2   defined in Debug\bright_mode.o
_PD2_DDR                  005011:2   defined in Debug\bright_mode.o
_PD2_IDR                  005010:2   defined in Debug\bright_mode.o
_PD2_ODR                  00500f:2   defined in Debug\bright_mode.o
_PD3_CR1                  005012:3   defined in Debug\bright_mode.o
_PD3_CR2                  005013:3   defined in Debug\bright_mode.o
_PD3_DDR                  005011:3   defined in Debug\bright_mode.o
_PD3_IDR                  005010:3   defined in Debug\bright_mode.o
_PD3_ODR                  00500f:3   defined in Debug\bright_mode.o
_PD4_CR1                  005012:4   defined in Debug\bright_mode.o
_PD4_CR2                  005013:4   defined in Debug\bright_mode.o
_PD4_DDR                  005011:4   defined in Debug\bright_mode.o
_PD4_IDR                  005010:4   defined in Debug\bright_mode.o
_PD4_ODR                  00500f:4   defined in Debug\bright_mode.o
_PD5_CR1                  005012:5   defined in Debug\bright_mode.o
_PD5_CR2                  005013:5   defined in Debug\bright_mode.o
_PD5_DDR                  005011:5   defined in Debug\bright_mode.o
_PD5_IDR                  005010:5   defined in Debug\bright_mode.o
_PD5_ODR                  00500f:5   defined in Debug\bright_mode.o
_PD6_CR1                  005012:6   defined in Debug\bright_mode.o
_PD6_CR2                  005013:6   defined in Debug\bright_mode.o
_PD6_DDR                  005011:6   defined in Debug\bright_mode.o
_PD6_IDR                  005010:6   defined in Debug\bright_mode.o
_PD6_ODR                  00500f:6   defined in Debug\bright_mode.o
_PD7_CR1                  005012:7   defined in Debug\bright_mode.o
_PD7_CR2                  005013:7   defined in Debug\bright_mode.o
_PD7_DDR                  005011:7   defined in Debug\bright_mode.o
_PD7_IDR                  005010:7   defined in Debug\bright_mode.o
_PD7_ODR                  00500f:7   defined in Debug\bright_mode.o
_PD_CR1                   00005012   defined in Debug\bright_mode.o
_PD_CR2                   00005013   defined in Debug\bright_mode.o
_PD_DDR                   00005011   defined in Debug\bright_mode.o
_PD_IDR                   00005010   defined in Debug\bright_mode.o
_PD_ODR                   0000500f   defined in Debug\bright_mode.o
_RST_SR                   000050b3   defined in Debug\bright_mode.o
_ReadEEPROM               0000851e   defined in Debug\stm8_eeprom.o section .text
                                     used in Debug\bright_mode.o
_RecvBuffer               00000069   defined in Debug\main.o section .ubsct
_RecvCount                00000013   defined in Debug\main.o section .bsct, initialized
_RecvFlag                 00000012   defined in Debug\main.o section .bsct, initialized
_SPI_CR1                  00005200   defined in Debug\bright_mode.o
_SPI_CR2                  00005201   defined in Debug\bright_mode.o
_SPI_CRCPR                00005205   defined in Debug\bright_mode.o
_SPI_DR                   00005204   defined in Debug\bright_mode.o
_SPI_ICR                  00005202   defined in Debug\bright_mode.o
_SPI_RXCRCR               00005206   defined in Debug\bright_mode.o
_SPI_SR                   00005203   defined in Debug\bright_mode.o
_SPI_TXCRCR               00005207   defined in Debug\bright_mode.o
_System_Clock_init        00008746   defined in Debug\sys.o section .text
                                     used in Debug\main.o
_System_init              000085f5   defined in Debug\main.o section .text
_TIM1_ARR                 00005262   defined in Debug\bright_mode.o
_TIM1_ARRH                00005262   defined in Debug\bright_mode.o
_TIM1_ARRL                00005263   defined in Debug\bright_mode.o
_TIM1_BKR                 0000526d   defined in Debug\bright_mode.o
_TIM1_CCER1               0000525c   defined in Debug\bright_mode.o
_TIM1_CCER2               0000525d   defined in Debug\bright_mode.o
_TIM1_CCMR1               00005258   defined in Debug\bright_mode.o
_TIM1_CCMR2               00005259   defined in Debug\bright_mode.o
_TIM1_CCMR3               0000525a   defined in Debug\bright_mode.o
_TIM1_CCMR4               0000525b   defined in Debug\bright_mode.o
_TIM1_CCR1                00005265   defined in Debug\bright_mode.o
_TIM1_CCR1H               00005265   defined in Debug\bright_mode.o
_TIM1_CCR1L               00005266   defined in Debug\bright_mode.o
_TIM1_CCR2                00005267   defined in Debug\bright_mode.o
_TIM1_CCR2H               00005267   defined in Debug\bright_mode.o
_TIM1_CCR2L               00005268   defined in Debug\bright_mode.o
_TIM1_CCR3                00005269   defined in Debug\bright_mode.o
_TIM1_CCR3H               00005269   defined in Debug\bright_mode.o
_TIM1_CCR3L               0000526a   defined in Debug\bright_mode.o
_TIM1_CCR4                0000526b   defined in Debug\bright_mode.o
_TIM1_CCR4H               0000526b   defined in Debug\bright_mode.o
_TIM1_CCR4L               0000526c   defined in Debug\bright_mode.o
_TIM1_CNTR                0000525e   defined in Debug\bright_mode.o
_TIM1_CNTRH               0000525e   defined in Debug\bright_mode.o
_TIM1_CNTRL               0000525f   defined in Debug\bright_mode.o
_TIM1_CR1                 00005250   defined in Debug\bright_mode.o
_TIM1_CR2                 00005251   defined in Debug\bright_mode.o
_TIM1_DTR                 0000526e   defined in Debug\bright_mode.o
_TIM1_EGR                 00005257   defined in Debug\bright_mode.o
_TIM1_ETR                 00005253   defined in Debug\bright_mode.o
_TIM1_IER                 00005254   defined in Debug\bright_mode.o
_TIM1_Init                00008563   defined in Debug\stm8_tim1.o section .text
                                     used in Debug\main.o
_TIM1_OISR                0000526f   defined in Debug\bright_mode.o
_TIM1_PSCR                00005260   defined in Debug\bright_mode.o
_TIM1_PSCRH               00005260   defined in Debug\bright_mode.o
_TIM1_PSCRL               00005261   defined in Debug\bright_mode.o
_TIM1_RCR                 00005264   defined in Debug\bright_mode.o
_TIM1_SMCR                00005252   defined in Debug\bright_mode.o
_TIM1_SR1                 00005255   defined in Debug\bright_mode.o
_TIM1_SR2                 00005256   defined in Debug\bright_mode.o
_TIM2_ARR                 0000530f   defined in Debug\bright_mode.o
_TIM2_ARRH                0000530f   defined in Debug\bright_mode.o
_TIM2_ARRL                00005310   defined in Debug\bright_mode.o
_TIM2_CCER1               0000530a   defined in Debug\bright_mode.o
_TIM2_CCER2               0000530b   defined in Debug\bright_mode.o
_TIM2_CCMR1               00005307   defined in Debug\bright_mode.o
_TIM2_CCMR2               00005308   defined in Debug\bright_mode.o
_TIM2_CCMR3               00005309   defined in Debug\bright_mode.o
_TIM2_CCR1                00005311   defined in Debug\bright_mode.o
_TIM2_CCR1H               00005311   defined in Debug\bright_mode.o
_TIM2_CCR1L               00005312   defined in Debug\bright_mode.o
_TIM2_CCR2                00005313   defined in Debug\bright_mode.o
_TIM2_CCR2H               00005313   defined in Debug\bright_mode.o
_TIM2_CCR2L               00005314   defined in Debug\bright_mode.o
_TIM2_CCR3                00005315   defined in Debug\bright_mode.o
_TIM2_CCR3H               00005315   defined in Debug\bright_mode.o
_TIM2_CCR3L               00005316   defined in Debug\bright_mode.o
_TIM2_CH2_Duty            0000859d   defined in Debug\stm8_tim2pwm.o section .text
                                     used in Debug\led.o
_TIM2_CH3_Duty            000085a6   defined in Debug\stm8_tim2pwm.o section .text
                                     used in Debug\led.o
_TIM2_CNTR                0000530c   defined in Debug\bright_mode.o
_TIM2_CNTRH               0000530c   defined in Debug\bright_mode.o
_TIM2_CNTRL               0000530d   defined in Debug\bright_mode.o
_TIM2_CR1                 00005300   defined in Debug\bright_mode.o
_TIM2_EGR                 00005306   defined in Debug\bright_mode.o
_TIM2_IER                 00005303   defined in Debug\bright_mode.o
_TIM2_Init                0000857c   defined in Debug\stm8_tim2pwm.o section .text
                                     used in Debug\main.o
_TIM2_PSCR                0000530e   defined in Debug\bright_mode.o
_TIM2_SR1                 00005304   defined in Debug\bright_mode.o
_TIM2_SR2                 00005305   defined in Debug\bright_mode.o
_TIM4_ARR                 00005348   defined in Debug\bright_mode.o
_TIM4_CNTR                00005346   defined in Debug\bright_mode.o
_TIM4_CR1                 00005340   defined in Debug\bright_mode.o
_TIM4_EGR                 00005345   defined in Debug\bright_mode.o
_TIM4_IER                 00005343   defined in Debug\bright_mode.o
_TIM4_PSCR                00005347   defined in Debug\bright_mode.o
_TIM4_SR                  00005344   defined in Debug\bright_mode.o
_UART1_BRR1               00005232   defined in Debug\bright_mode.o
_UART1_BRR2               00005233   defined in Debug\bright_mode.o
_UART1_CR1                00005234   defined in Debug\bright_mode.o
_UART1_CR2                00005235   defined in Debug\bright_mode.o
_UART1_CR3                00005236   defined in Debug\bright_mode.o
_UART1_CR4                00005237   defined in Debug\bright_mode.o
_UART1_CR5                00005238   defined in Debug\bright_mode.o
_UART1_DR                 00005231   defined in Debug\bright_mode.o
_UART1_GTR                00005239   defined in Debug\bright_mode.o
_UART1_Init               000085af   defined in Debug\stm8_uart.o section .text
                                     used in Debug\main.o
_UART1_PSCR               0000523a   defined in Debug\bright_mode.o
_UART1_SR                 00005230   defined in Debug\bright_mode.o
_UART1_SendChar           000085c8   defined in Debug\stm8_uart.o section .text
                                     used in Debug\main.o
_UpdateBright             00008437   defined in Debug\led.o section .text
                                     used in Debug\bright_mode.o Debug\main.o
_UserValidLen             00000014   defined in Debug\main.o section .bsct, initialized
_WWDG_CR                  000050d1   defined in Debug\bright_mode.o
_WWDG_WR                  000050d2   defined in Debug\bright_mode.o
_WriteEEPROM              0000853b   defined in Debug\stm8_eeprom.o section .text
                                     used in Debug\bright_mode.o
__endmem                  000001ff   defined in command file
                                     *** not used ***
__endzp                   00000083   defined in command file section .ubsct
                                     used in D:\Program Files (x86)\COSMIC\CXSTM8\Lib\crtsi0.sm8
__idesc__                 00008080   defined in linker section .init
                                     used in D:\Program Files (x86)\COSMIC\CXSTM8\Lib\crtsi0.sm8
__memory                  00000100   defined in command file section .bss
                                     used in D:\Program Files (x86)\COSMIC\CXSTM8\Lib\crtsi0.sm8
__stack                   000003ff   defined in command file
                                     used in D:\Program Files (x86)\COSMIC\CXSTM8\Lib\crtsi0.sm8
__startmem                00000100   defined in command file section .bss
                                     *** not used ***
__stext                   000080a0   defined in D:\Program Files (x86)\COSMIC\CXSTM8\Lib\crtsi0.sm8 section .text
                                     used in Debug\stm8_interrupt_vector.o
__vectab                  00008000   defined in Debug\stm8_interrupt_vector.o section .const
_bright_set               0000000d   defined in Debug\led.o section .bsct, initialized
                                     used in Debug\bright_mode.o Debug\main.o
_clod_bright_update       00000003   defined in Debug\led.o section .bsct, initialized
                                     used in Debug\main.o
_colour_set               0000000e   defined in Debug\led.o section .bsct, initialized
                                     used in Debug\bright_mode.o Debug\main.o
_cur_clod_bright          00000005   defined in Debug\led.o section .bsct, initialized
_cur_warm_bright          00000007   defined in Debug\led.o section .bsct, initialized
_delay_init               000086dd   defined in Debug\delay.o section .text
                                     used in Debug\main.o
_delay_ms                 00008713   defined in Debug\delay.o section .text
                                     used in Debug\bright_mode.o Debug\led.o
_delay_us                 00008706   defined in Debug\delay.o section .text
_exit                     000080e9   defined in D:\Program Files (x86)\COSMIC\CXSTM8\Lib\crtsi0.sm8 section .text
_fac_us                   00000017   defined in Debug\delay.o section .bsct, initialized
_goal_clod_bright         00000009   defined in Debug\led.o section .bsct, initialized
_goal_warm_bright         0000000b   defined in Debug\led.o section .bsct, initialized
_led_open_flag            0000000f   defined in Debug\led.o section .bsct, initialized
                                     used in Debug\main.o
_main                     000085df   defined in Debug\main.o section .text
                                     used in D:\Program Files (x86)\COSMIC\CXSTM8\Lib\crtsi0.sm8
_putchar                  000085d7   defined in Debug\stm8_uart.o section .text
_valid_data               00000049   defined in Debug\hekr_protocol.o section .ubsct
                                     used in Debug\main.o
_warm_bright_update       00000004   defined in Debug\led.o section .bsct, initialized
                                     used in Debug\main.o
c_imul                    0000874f   defined in (D:\Program Files (x86)\COSMIC\CXSTM8\Lib\libm0.sm8)imul.o section .text
                                     used in Debug\led.o Debug\delay.o
c_sdivx                   00008776   defined in (D:\Program Files (x86)\COSMIC\CXSTM8\Lib\libm0.sm8)sdivx.o section .text
                                     used in Debug\delay.o
c_smodx                   00008770   defined in (D:\Program Files (x86)\COSMIC\CXSTM8\Lib\libm0.sm8)sdivx.o section .text
                                     used in Debug\led.o
c_x                       0000007d   defined in (D:\Program Files (x86)\COSMIC\CXSTM8\Lib\libm0.sm8)xreg.o section .ubsct
                                     used in D:\Program Files (x86)\COSMIC\CXSTM8\Lib\crtsi0.sm8
                                             Debug\main.o
                                             (D:\Program Files (x86)\COSMIC\CXSTM8\Lib\libm0.sm8)imul.o
                                             (D:\Program Files (x86)\COSMIC\CXSTM8\Lib\libm0.sm8)sdivx.o
c_y                       00000080   defined in (D:\Program Files (x86)\COSMIC\CXSTM8\Lib\libm0.sm8)yreg.o section .ubsct
                                     used in D:\Program Files (x86)\COSMIC\CXSTM8\Lib\crtsi0.sm8
                                             Debug\main.o
f_NonHandledInterrupt     0000879b   defined in Debug\stm8_interrupt_vector.o section .text
f_TIM1_IRQHandler         00008673   defined in Debug\main.o section .text
                                     used in Debug\stm8_interrupt_vector.o
f_UART1_Recv_IRQHandler   000086a5   defined in Debug\main.o section .text
                                     used in Debug\stm8_interrupt_vector.o
